Archive member included to satisfy reference by file (symbol)

d:/program files (x86)/atollic/truestudio for arm 7.0.1/armtools/bin/../lib/gcc/arm-atollic-eabi/5.3.1/../../../../arm-atollic-eabi/lib/armv7e-m/fpu\libc.a(lib_a-init.o)
                              Drivers\CMSIS\Device\ST\STM32F4xx\Source\Templates\gcc\startup_stm32f417xx.o (__libc_init_array)
d:/program files (x86)/atollic/truestudio for arm 7.0.1/armtools/bin/../lib/gcc/arm-atollic-eabi/5.3.1/../../../../arm-atollic-eabi/lib/armv7e-m/fpu\libc.a(lib_a-memcpy-stub.o)
                              Middlewares\Third_Party\FreeRTOS\Source\queue.o (memcpy)
d:/program files (x86)/atollic/truestudio for arm 7.0.1/armtools/bin/../lib/gcc/arm-atollic-eabi/5.3.1/../../../../arm-atollic-eabi/lib/armv7e-m/fpu\libc.a(lib_a-memset.o)
                              Middlewares\Third_Party\FreeRTOS\Source\tasks.o (memset)
d:/program files (x86)/atollic/truestudio for arm 7.0.1/armtools/bin/../lib/gcc/arm-atollic-eabi/5.3.1/armv7e-m/fpu\libgcc.a(_arm_addsubdf3.o)
                              Src\Device\ad7280a.o (__aeabi_dadd)
d:/program files (x86)/atollic/truestudio for arm 7.0.1/armtools/bin/../lib/gcc/arm-atollic-eabi/5.3.1/armv7e-m/fpu\libgcc.a(_arm_muldivdf3.o)
                              Src\Device\acs.o (__aeabi_dmul)
d:/program files (x86)/atollic/truestudio for arm 7.0.1/armtools/bin/../lib/gcc/arm-atollic-eabi/5.3.1/armv7e-m/fpu\libgcc.a(_arm_fixdfsi.o)
                              Src\Device\acs.o (__aeabi_d2iz)
d:/program files (x86)/atollic/truestudio for arm 7.0.1/armtools/bin/../lib/gcc/arm-atollic-eabi/5.3.1/armv7e-m/fpu\libgcc.a(_arm_fixunsdfsi.o)
                              Src\Device\ad7280a.o (__aeabi_d2uiz)
d:/program files (x86)/atollic/truestudio for arm 7.0.1/armtools/bin/../lib/gcc/arm-atollic-eabi/5.3.1/armv7e-m/fpu\libgcc.a(_arm_truncdfsf2.o)
                              Src\Device\acs.o (__aeabi_d2f)

Allocating common symbols
Common symbol       size              file

defaultTaskHandle   0x4               Src\freertos.o
huart3              0x40              Src\Peripheral\usart.o
uwTick              0x4               Drivers\STM32F4xx_HAL_Driver\Src\stm32f4xx_hal.o
xQueueRegistry      0x40              Middlewares\Third_Party\FreeRTOS\Source\queue.o
pFlash              0x20              Drivers\STM32F4xx_HAL_Driver\Src\stm32f4xx_hal_flash.o
htim3               0x3c              Src\Peripheral\tim.o
hadc1               0x48              Src\Peripheral\adc.o
hadc3               0x48              Src\Peripheral\adc.o
huart1              0x40              Src\Peripheral\usart.o
hdac                0x14              Src\Peripheral\dac.o
hrtc                0x20              Src\Peripheral\rtc.o
htim1               0x3c              Src\stm32f4xx_hal_timebase_TIM.o
hwwdg               0x14              Src\Peripheral\wwdg.o
hspi1               0x58              Src\Peripheral\spi.o
htim2               0x3c              Src\Peripheral\tim.o
hcan1               0x40              Src\Peripheral\can.o

Discarded input sections

 .text          0x00000000        0x0 d:/program files (x86)/atollic/truestudio for arm 7.0.1/armtools/bin/../lib/gcc/arm-atollic-eabi/5.3.1/armv7e-m/fpu/crti.o
 .data          0x00000000        0x0 d:/program files (x86)/atollic/truestudio for arm 7.0.1/armtools/bin/../lib/gcc/arm-atollic-eabi/5.3.1/armv7e-m/fpu/crti.o
 .bss           0x00000000        0x0 d:/program files (x86)/atollic/truestudio for arm 7.0.1/armtools/bin/../lib/gcc/arm-atollic-eabi/5.3.1/armv7e-m/fpu/crti.o
 .data          0x00000000        0x4 d:/program files (x86)/atollic/truestudio for arm 7.0.1/armtools/bin/../lib/gcc/arm-atollic-eabi/5.3.1/armv7e-m/fpu/crtbegin.o
 .text          0x00000000       0x14 Drivers\CMSIS\Device\ST\STM32F4xx\Source\Templates\gcc\startup_stm32f417xx.o
 .data          0x00000000        0x0 Drivers\CMSIS\Device\ST\STM32F4xx\Source\Templates\gcc\startup_stm32f417xx.o
 .bss           0x00000000        0x0 Drivers\CMSIS\Device\ST\STM32F4xx\Source\Templates\gcc\startup_stm32f417xx.o
 .text          0x00000000        0x0 Drivers\CMSIS\Device\ST\STM32F4xx\Source\Templates\system_stm32f4xx.o
 .data          0x00000000        0x0 Drivers\CMSIS\Device\ST\STM32F4xx\Source\Templates\system_stm32f4xx.o
 .bss           0x00000000        0x0 Drivers\CMSIS\Device\ST\STM32F4xx\Source\Templates\system_stm32f4xx.o
 .text.SystemCoreClockUpdate
                0x00000000       0x74 Drivers\CMSIS\Device\ST\STM32F4xx\Source\Templates\system_stm32f4xx.o
 .rodata.AHBPrescTable
                0x00000000       0x10 Drivers\CMSIS\Device\ST\STM32F4xx\Source\Templates\system_stm32f4xx.o
 .text          0x00000000        0x0 Drivers\STM32F4xx_HAL_Driver\Src\stm32f4xx_hal.o
 .data          0x00000000        0x0 Drivers\STM32F4xx_HAL_Driver\Src\stm32f4xx_hal.o
 .bss           0x00000000        0x0 Drivers\STM32F4xx_HAL_Driver\Src\stm32f4xx_hal.o
 .text.HAL_MspInit
[...]
Memory Configuration

Name             Origin             Length             Attributes
RAM              0x20000000         0x00020000         xrw
CCMRAM           0x10000000         0x00010000         rw
FLASH            0x08000000         0x00100000         xr
*default*        0x00000000         0xffffffff

Linker script and memory map

LOAD d:/program files (x86)/atollic/truestudio for arm 7.0.1/armtools/bin/../lib/gcc/arm-atollic-eabi/5.3.1/armv7e-m/fpu/crti.o
LOAD d:/program files (x86)/atollic/truestudio for arm 7.0.1/armtools/bin/../lib/gcc/arm-atollic-eabi/5.3.1/armv7e-m/fpu/crtbegin.o
LOAD Drivers\CMSIS\Device\ST\STM32F4xx\Source\Templates\gcc\startup_stm32f417xx.o
LOAD Drivers\CMSIS\Device\ST\STM32F4xx\Source\Templates\system_stm32f4xx.o
LOAD Drivers\STM32F4xx_HAL_Driver\Src\stm32f4xx_hal.o
LOAD Drivers\STM32F4xx_HAL_Driver\Src\stm32f4xx_hal_adc.o
LOAD Drivers\STM32F4xx_HAL_Driver\Src\stm32f4xx_hal_adc_ex.o
LOAD Drivers\STM32F4xx_HAL_Driver\Src\stm32f4xx_hal_can.o
LOAD Drivers\STM32F4xx_HAL_Driver\Src\stm32f4xx_hal_cortex.o
LOAD Drivers\STM32F4xx_HAL_Driver\Src\stm32f4xx_hal_dac.o
LOAD Drivers\STM32F4xx_HAL_Driver\Src\stm32f4xx_hal_dac_ex.o
LOAD Drivers\STM32F4xx_HAL_Driver\Src\stm32f4xx_hal_dma.o
LOAD Drivers\STM32F4xx_HAL_Driver\Src\stm32f4xx_hal_dma_ex.o
LOAD Drivers\STM32F4xx_HAL_Driver\Src\stm32f4xx_hal_flash.o
LOAD Drivers\STM32F4xx_HAL_Driver\Src\stm32f4xx_hal_flash_ex.o
LOAD Drivers\STM32F4xx_HAL_Driver\Src\stm32f4xx_hal_flash_ramfunc.o
LOAD Drivers\STM32F4xx_HAL_Driver\Src\stm32f4xx_hal_gpio.o
LOAD Drivers\STM32F4xx_HAL_Driver\Src\stm32f4xx_hal_pwr.o
LOAD Drivers\STM32F4xx_HAL_Driver\Src\stm32f4xx_hal_pwr_ex.o
LOAD Drivers\STM32F4xx_HAL_Driver\Src\stm32f4xx_hal_rcc.o
LOAD Drivers\STM32F4xx_HAL_Driver\Src\stm32f4xx_hal_rcc_ex.o
LOAD Drivers\STM32F4xx_HAL_Driver\Src\stm32f4xx_hal_rtc.o
LOAD Drivers\STM32F4xx_HAL_Driver\Src\stm32f4xx_hal_rtc_ex.o
LOAD Drivers\STM32F4xx_HAL_Driver\Src\stm32f4xx_hal_spi.o
LOAD Drivers\STM32F4xx_HAL_Driver\Src\stm32f4xx_hal_tim.o
LOAD Drivers\STM32F4xx_HAL_Driver\Src\stm32f4xx_hal_tim_ex.o
LOAD Drivers\STM32F4xx_HAL_Driver\Src\stm32f4xx_hal_uart.o
LOAD Drivers\STM32F4xx_HAL_Driver\Src\stm32f4xx_hal_wwdg.o
LOAD Middlewares\Third_Party\FreeRTOS\Source\CMSIS_RTOS\cmsis_os.o
LOAD Middlewares\Third_Party\FreeRTOS\Source\croutine.o
LOAD Middlewares\Third_Party\FreeRTOS\Source\event_groups.o
LOAD Middlewares\Third_Party\FreeRTOS\Source\list.o
LOAD Middlewares\Third_Party\FreeRTOS\Source\portable\GCC\ARM_CM4F\port.o
LOAD Middlewares\Third_Party\FreeRTOS\Source\portable\MemMang\heap_4.o
LOAD Middlewares\Third_Party\FreeRTOS\Source\queue.o
LOAD Middlewares\Third_Party\FreeRTOS\Source\tasks.o
LOAD Middlewares\Third_Party\FreeRTOS\Source\timers.o
LOAD Src\Device\acs.o
LOAD Src\Device\ad7280a.o
LOAD Src\Device\battery.o
LOAD Src\Device\cell.o
LOAD Src\Device\power.o
LOAD Src\Peripheral\adc.o
LOAD Src\Peripheral\can.o
LOAD Src\Peripheral\dac.o
LOAD Src\Peripheral\gpio.o
LOAD Src\Peripheral\rtc.o
LOAD Src\Peripheral\spi.o
LOAD Src\Peripheral\tim.o
LOAD Src\Peripheral\usart.o
LOAD Src\Peripheral\wwdg.o
LOAD Src\Task\_TASK_finiteStateMachine.o
LOAD Src\Task\_TASK_monitoring.o
LOAD Src\Task\_TASK_statusLED.o
LOAD Src\freertos.o
LOAD Src\main.o
LOAD Src\mlist.o
LOAD Src\stm32f4xx_hal_msp.o
LOAD Src\stm32f4xx_hal_timebase_TIM.o
LOAD Src\stm32f4xx_it.o
START GROUP
LOAD d:/program files (x86)/atollic/truestudio for arm 7.0.1/armtools/bin/../lib/gcc/arm-atollic-eabi/5.3.1/../../../../arm-atollic-eabi/lib/armv7e-m/fpu\libc.a
LOAD d:/program files (x86)/atollic/truestudio for arm 7.0.1/armtools/bin/../lib/gcc/arm-atollic-eabi/5.3.1/../../../../arm-atollic-eabi/lib/armv7e-m/fpu\libm.a
END GROUP
                0x00000080                malloc_getpagesize_P = 0x80
START GROUP
LOAD d:/program files (x86)/atollic/truestudio for arm 7.0.1/armtools/bin/../lib/gcc/arm-atollic-eabi/5.3.1/armv7e-m/fpu\libgcc.a
LOAD d:/program files (x86)/atollic/truestudio for arm 7.0.1/armtools/bin/../lib/gcc/arm-atollic-eabi/5.3.1/../../../../arm-atollic-eabi/lib/armv7e-m/fpu\libc.a
END GROUP
START GROUP
LOAD d:/program files (x86)/atollic/truestudio for arm 7.0.1/armtools/bin/../lib/gcc/arm-atollic-eabi/5.3.1/armv7e-m/fpu\libgcc.a
LOAD d:/program files (x86)/atollic/truestudio for arm 7.0.1/armtools/bin/../lib/gcc/arm-atollic-eabi/5.3.1/../../../../arm-atollic-eabi/lib/armv7e-m/fpu\libc.a
LOAD d:/program files (x86)/atollic/truestudio for arm 7.0.1/armtools/bin/../lib/gcc/arm-atollic-eabi/5.3.1/../../../../arm-atollic-eabi/lib/armv7e-m/fpu\libnosys.a
END GROUP
LOAD d:/program files (x86)/atollic/truestudio for arm 7.0.1/armtools/bin/../lib/gcc/arm-atollic-eabi/5.3.1/armv7e-m/fpu/crtend.o
LOAD d:/program files (x86)/atollic/truestudio for arm 7.0.1/armtools/bin/../lib/gcc/arm-atollic-eabi/5.3.1/armv7e-m/fpu/crtn.o
                0x20020000                _estack = 0x20020000
                0x00000200                _Min_Heap_Size = 0x200
                0x00000400                _Min_Stack_Size = 0x400

.isr_vector     0x08000000      0x188
                0x08000000                . = ALIGN (0x4)
 *(.isr_vector)
 .isr_vector    0x08000000      0x188 Drivers\CMSIS\Device\ST\STM32F4xx\Source\Templates\gcc\startup_stm32f417xx.o
                0x08000000                g_pfnVectors
                0x08000188                . = ALIGN (0x4)

.text           0x08000188     0x35dc
                0x08000188                . = ALIGN (0x4)
 *(.text)
 .text          0x08000188       0x40 d:/program files (x86)/atollic/truestudio for arm 7.0.1/armtools/bin/../lib/gcc/arm-atollic-eabi/5.3.1/armv7e-m/fpu/crtbegin.o
 *(.text*)
 .text.Reset_Handler
                0x080001c8       0x50 Drivers\CMSIS\Device\ST\STM32F4xx\Source\Templates\gcc\startup_stm32f417xx.o
                0x080001c8                Reset_Handler
 .text.Default_Handler
                0x08000218        0x2 Drivers\CMSIS\Device\ST\STM32F4xx\Source\Templates\gcc\startup_stm32f417xx.o
                0x08000218                RTC_Alarm_IRQHandler
                0x08000218                HASH_RNG_IRQHandler
                0x08000218                EXTI2_IRQHandler
                0x08000218                TIM8_CC_IRQHandler
                0x08000218                DebugMon_Handler
                0x08000218                TIM1_CC_IRQHandler
                0x08000218                DMA2_Stream5_IRQHandler
                0x08000218                HardFault_Handler
                0x08000218                DMA1_Stream5_IRQHandler
                0x08000218                PVD_IRQHandler
                0x08000218                SDIO_IRQHandler
                0x08000218                TAMP_STAMP_IRQHandler
                0x08000218                NMI_Handler
                0x08000218                CAN2_RX1_IRQHandler
                0x08000218                TIM8_TRG_COM_TIM14_IRQHandler
                0x08000218                TIM8_UP_TIM13_IRQHandler
                0x08000218                I2C3_ER_IRQHandler
                0x08000218                I2C2_EV_IRQHandler
                0x08000218                DMA1_Stream2_IRQHandler
                0x08000218                FPU_IRQHandler
                0x08000218                OTG_HS_WKUP_IRQHandler
                0x08000218                UsageFault_Handler
                0x08000218                CAN2_SCE_IRQHandler
                0x08000218                DMA2_Stream2_IRQHandler
                0x08000218                TIM6_DAC_IRQHandler
                0x08000218                TIM1_BRK_TIM9_IRQHandler
                0x08000218                DCMI_IRQHandler
                0x08000218                CAN2_RX0_IRQHandler
                0x08000218                DMA2_Stream3_IRQHandler
                0x08000218                USART6_IRQHandler
                0x08000218                CRYP_IRQHandler
                0x08000218                CAN1_RX1_IRQHandler
                0x08000218                UART5_IRQHandler
                0x08000218                DMA2_Stream0_IRQHandler
                0x08000218                TIM4_IRQHandler
                0x08000218                I2C1_EV_IRQHandler
                0x08000218                DMA1_Stream6_IRQHandler
                0x08000218                DMA1_Stream1_IRQHandler
                0x08000218                UART4_IRQHandler
                0x08000218                RCC_IRQHandler
                0x08000218                TIM8_BRK_TIM12_IRQHandler
                0x08000218                Default_Handler
                0x08000218                DMA1_Stream7_IRQHandler
                0x08000218                TIM7_IRQHandler
                0x08000218                CAN2_TX_IRQHandler
                0x08000218                TIM5_IRQHandler
                0x08000218                DMA2_Stream7_IRQHandler
                0x08000218                I2C3_EV_IRQHandler
                0x08000218                EXTI9_5_IRQHandler
                0x08000218                RTC_WKUP_IRQHandler
                0x08000218                ETH_WKUP_IRQHandler
                0x08000218                SPI2_IRQHandler
                0x08000218                OTG_HS_EP1_IN_IRQHandler
                0x08000218                MemManage_Handler
                0x08000218                DMA1_Stream0_IRQHandler
                0x08000218                CAN1_TX_IRQHandler
                0x08000218                FSMC_IRQHandler
                0x08000218                ETH_IRQHandler
                0x08000218                OTG_HS_EP1_OUT_IRQHandler
                0x08000218                WWDG_IRQHandler
                0x08000218                OTG_FS_WKUP_IRQHandler
                0x08000218                TIM1_TRG_COM_TIM11_IRQHandler
                0x08000218                OTG_HS_IRQHandler
                0x08000218                EXTI1_IRQHandler
                0x08000218                USART2_IRQHandler
                0x08000218                I2C2_ER_IRQHandler
                0x08000218                DMA2_Stream1_IRQHandler
                0x08000218                CAN1_SCE_IRQHandler
                0x08000218                FLASH_IRQHandler
                0x08000218                DMA2_Stream4_IRQHandler
                0x08000218                BusFault_Handler
                0x08000218                OTG_FS_IRQHandler
                0x08000218                SPI3_IRQHandler
                0x08000218                DMA1_Stream4_IRQHandler
                0x08000218                I2C1_ER_IRQHandler
                0x08000218                DMA2_Stream6_IRQHandler
                0x08000218                DMA1_Stream3_IRQHandler
 *fill*         0x0800021a        0x2 
 .text.SystemInit
                0x0800021c       0x4c Drivers\CMSIS\Device\ST\STM32F4xx\Source\Templates\system_stm32f4xx.o
                0x0800021c                SystemInit
 .text.HAL_Init
                0x08000268       0x34 Drivers\STM32F4xx_HAL_Driver\Src\stm32f4xx_hal.o
                0x08000268                HAL_Init
 .text.HAL_IncTick
                0x0800029c       0x10 Drivers\STM32F4xx_HAL_Driver\Src\stm32f4xx_hal.o
                0x0800029c                HAL_IncTick
 .text.HAL_GetTick
                0x080002ac        0xc Drivers\STM32F4xx_HAL_Driver\Src\stm32f4xx_hal.o
                0x080002ac                HAL_GetTick
 .text.HAL_ADC_Init
                0x080002b8      0x154 Drivers\STM32F4xx_HAL_Driver\Src\stm32f4xx_hal_adc.o
                0x080002b8                HAL_ADC_Init
 .text.HAL_ADC_Start
                0x0800040c       0xc0 Drivers\STM32F4xx_HAL_Driver\Src\stm32f4xx_hal_adc.o
                0x0800040c                HAL_ADC_Start
 .text.HAL_ADC_GetValue
                0x080004cc        0x6 Drivers\STM32F4xx_HAL_Driver\Src\stm32f4xx_hal_adc.o
                0x080004cc                HAL_ADC_GetValue
 .text.HAL_ADC_LevelOutOfWindowCallback
                0x080004d2        0x2 Drivers\STM32F4xx_HAL_Driver\Src\stm32f4xx_hal_adc.o
                0x080004d2                HAL_ADC_LevelOutOfWindowCallback
 .text.HAL_ADC_ErrorCallback
                0x080004d4        0x2 Drivers\STM32F4xx_HAL_Driver\Src\stm32f4xx_hal_adc.o
                0x080004d4                HAL_ADC_ErrorCallback
 .text.HAL_ADC_IRQHandler
                0x080004d6      0x128 Drivers\STM32F4xx_HAL_Driver\Src\stm32f4xx_hal_adc.o
                0x080004d6                HAL_ADC_IRQHandler
 *fill*         0x080005fe        0x2 
 .text.HAL_ADC_ConfigChannel
                0x08000600      0x12c Drivers\STM32F4xx_HAL_Driver\Src\stm32f4xx_hal_adc.o
                0x08000600                HAL_ADC_ConfigChannel
 .text.HAL_ADCEx_InjectedConvCpltCallback
                0x0800072c        0x2 Drivers\STM32F4xx_HAL_Driver\Src\stm32f4xx_hal_adc_ex.o
                0x0800072c                HAL_ADCEx_InjectedConvCpltCallback
 .text.HAL_CAN_Init
                0x0800072e      0x12c Drivers\STM32F4xx_HAL_Driver\Src\stm32f4xx_hal_can.o
                0x0800072e                HAL_CAN_Init
 .text.HAL_CAN_TxCpltCallback
                0x0800085a        0x2 Drivers\STM32F4xx_HAL_Driver\Src\stm32f4xx_hal_can.o
                0x0800085a                HAL_CAN_TxCpltCallback
 .text.HAL_CAN_RxCpltCallback
                0x0800085c        0x2 Drivers\STM32F4xx_HAL_Driver\Src\stm32f4xx_hal_can.o
                0x0800085c                HAL_CAN_RxCpltCallback
 .text.CAN_Receive_IT
                0x0800085e      0x114 Drivers\STM32F4xx_HAL_Driver\Src\stm32f4xx_hal_can.o
 .text.HAL_CAN_ErrorCallback
                0x08000972        0x2 Drivers\STM32F4xx_HAL_Driver\Src\stm32f4xx_hal_can.o
                0x08000972                HAL_CAN_ErrorCallback
 .text.HAL_CAN_IRQHandler
                0x08000974      0x188 Drivers\STM32F4xx_HAL_Driver\Src\stm32f4xx_hal_can.o
                0x08000974                HAL_CAN_IRQHandler
 .text.HAL_NVIC_SetPriorityGrouping
                0x08000afc       0x24 Drivers\STM32F4xx_HAL_Driver\Src\stm32f4xx_hal_cortex.o
                0x08000afc                HAL_NVIC_SetPriorityGrouping
 .text.HAL_NVIC_SetPriority
                0x08000b20       0x68 Drivers\STM32F4xx_HAL_Driver\Src\stm32f4xx_hal_cortex.o
                0x08000b20                HAL_NVIC_SetPriority
 .text.HAL_NVIC_EnableIRQ
                0x08000b88       0x18 Drivers\STM32F4xx_HAL_Driver\Src\stm32f4xx_hal_cortex.o
                0x08000b88                HAL_NVIC_EnableIRQ
 .text.HAL_SYSTICK_Config
                0x08000ba0       0x2c Drivers\STM32F4xx_HAL_Driver\Src\stm32f4xx_hal_cortex.o
                0x08000ba0                HAL_SYSTICK_Config
 .text.HAL_SYSTICK_CLKSourceConfig
                0x08000bcc       0x18 Drivers\STM32F4xx_HAL_Driver\Src\stm32f4xx_hal_cortex.o
                0x08000bcc                HAL_SYSTICK_CLKSourceConfig
 .text.HAL_DAC_Init
                0x08000be4       0x26 Drivers\STM32F4xx_HAL_Driver\Src\stm32f4xx_hal_dac.o
                0x08000be4                HAL_DAC_Init
 .text.HAL_DAC_ConfigChannel
                0x08000c0a       0x42 Drivers\STM32F4xx_HAL_Driver\Src\stm32f4xx_hal_dac.o
                0x08000c0a                HAL_DAC_ConfigChannel
 .text.HAL_DMA_Abort_IT
                0x08000c4c       0x24 Drivers\STM32F4xx_HAL_Driver\Src\stm32f4xx_hal_dma.o
                0x08000c4c                HAL_DMA_Abort_IT
 .text.HAL_GPIO_Init
                0x08000c70      0x1c0 Drivers\STM32F4xx_HAL_Driver\Src\stm32f4xx_hal_gpio.o
                0x08000c70                HAL_GPIO_Init
 .text.HAL_GPIO_WritePin
                0x08000e30        0x8 Drivers\STM32F4xx_HAL_Driver\Src\stm32f4xx_hal_gpio.o
                0x08000e30                HAL_GPIO_WritePin
 .text.HAL_GPIO_TogglePin
                0x08000e38        0x8 Drivers\STM32F4xx_HAL_Driver\Src\stm32f4xx_hal_gpio.o
                0x08000e38                HAL_GPIO_TogglePin
 .text.HAL_GPIO_EXTI_Callback
                0x08000e40        0x2 Drivers\STM32F4xx_HAL_Driver\Src\stm32f4xx_hal_gpio.o
                0x08000e40                HAL_GPIO_EXTI_Callback
 *fill*         0x08000e42        0x2 
 .text.HAL_GPIO_EXTI_IRQHandler
                0x08000e44       0x18 Drivers\STM32F4xx_HAL_Driver\Src\stm32f4xx_hal_gpio.o
                0x08000e44                HAL_GPIO_EXTI_IRQHandler
 .text.HAL_RCC_OscConfig
                0x08000e5c      0x2d0 Drivers\STM32F4xx_HAL_Driver\Src\stm32f4xx_hal_rcc.o
                0x08000e5c                HAL_RCC_OscConfig
 .text.HAL_RCC_GetSysClockFreq
                0x0800112c       0x7c Drivers\STM32F4xx_HAL_Driver\Src\stm32f4xx_hal_rcc.o
                0x0800112c                HAL_RCC_GetSysClockFreq
 .text.HAL_RCC_ClockConfig
                0x080011a8      0x168 Drivers\STM32F4xx_HAL_Driver\Src\stm32f4xx_hal_rcc.o
                0x080011a8                HAL_RCC_ClockConfig
 .text.HAL_RCC_GetHCLKFreq
                0x08001310        0xc Drivers\STM32F4xx_HAL_Driver\Src\stm32f4xx_hal_rcc.o
                0x08001310                HAL_RCC_GetHCLKFreq
 .text.HAL_RCC_GetPCLK1Freq
                0x0800131c       0x30 Drivers\STM32F4xx_HAL_Driver\Src\stm32f4xx_hal_rcc.o
                0x0800131c                HAL_RCC_GetPCLK1Freq
 .text.HAL_RCC_GetPCLK2Freq
                0x0800134c       0x30 Drivers\STM32F4xx_HAL_Driver\Src\stm32f4xx_hal_rcc.o
                0x0800134c                HAL_RCC_GetPCLK2Freq
 .text.HAL_RCC_GetClockConfig
                0x0800137c       0x3c Drivers\STM32F4xx_HAL_Driver\Src\stm32f4xx_hal_rcc.o
                0x0800137c                HAL_RCC_GetClockConfig
 .text.HAL_RCCEx_PeriphCLKConfig
                0x080013b8      0x14c Drivers\STM32F4xx_HAL_Driver\Src\stm32f4xx_hal_rcc_ex.o
                0x080013b8                HAL_RCCEx_PeriphCLKConfig
 .text.RTC_EnterInitMode
                0x08001504       0x34 Drivers\STM32F4xx_HAL_Driver\Src\stm32f4xx_hal_rtc.o
                0x08001504                RTC_EnterInitMode
 .text.HAL_RTC_Init
                0x08001538       0x88 Drivers\STM32F4xx_HAL_Driver\Src\stm32f4xx_hal_rtc.o
                0x08001538                HAL_RTC_Init
 .text.HAL_SPI_Init
                0x080015c0       0x7a Drivers\STM32F4xx_HAL_Driver\Src\stm32f4xx_hal_spi.o
                0x080015c0                HAL_SPI_Init
 .text.HAL_SPI_ErrorCallback
                0x0800163a        0x2 Drivers\STM32F4xx_HAL_Driver\Src\stm32f4xx_hal_spi.o
                0x0800163a                HAL_SPI_ErrorCallback
 .text.HAL_SPI_IRQHandler
                0x0800163c       0xe4 Drivers\STM32F4xx_HAL_Driver\Src\stm32f4xx_hal_spi.o
                0x0800163c                HAL_SPI_IRQHandler
 .text.SPI_DMAAbortOnError
                0x08001720       0x10 Drivers\STM32F4xx_HAL_Driver\Src\stm32f4xx_hal_spi.o
 .text.HAL_TIM_Base_Start_IT
                0x08001730       0x16 Drivers\STM32F4xx_HAL_Driver\Src\stm32f4xx_hal_tim.o
                0x08001730                HAL_TIM_Base_Start_IT
 .text.HAL_TIM_ConfigClockSource
                0x08001746      0x174 Drivers\STM32F4xx_HAL_Driver\Src\stm32f4xx_hal_tim.o
                0x08001746                HAL_TIM_ConfigClockSource
 .text.HAL_TIM_OC_DelayElapsedCallback
                0x080018ba        0x2 Drivers\STM32F4xx_HAL_Driver\Src\stm32f4xx_hal_tim.o
                0x080018ba                HAL_TIM_OC_DelayElapsedCallback
 .text.HAL_TIM_IC_CaptureCallback
                0x080018bc        0x2 Drivers\STM32F4xx_HAL_Driver\Src\stm32f4xx_hal_tim.o
                0x080018bc                HAL_TIM_IC_CaptureCallback
 .text.HAL_TIM_PWM_PulseFinishedCallback
                0x080018be        0x2 Drivers\STM32F4xx_HAL_Driver\Src\stm32f4xx_hal_tim.o
                0x080018be                HAL_TIM_PWM_PulseFinishedCallback
 .text.HAL_TIM_TriggerCallback
                0x080018c0        0x2 Drivers\STM32F4xx_HAL_Driver\Src\stm32f4xx_hal_tim.o
                0x080018c0                HAL_TIM_TriggerCallback
 .text.HAL_TIM_IRQHandler
                0x080018c2      0x144 Drivers\STM32F4xx_HAL_Driver\Src\stm32f4xx_hal_tim.o
                0x080018c2                HAL_TIM_IRQHandler
 *fill*         0x08001a06        0x2 
 .text.TIM_Base_SetConfig
                0x08001a08       0xc8 Drivers\STM32F4xx_HAL_Driver\Src\stm32f4xx_hal_tim.o
                0x08001a08                TIM_Base_SetConfig
 .text.HAL_TIM_Base_Init
                0x08001ad0       0x34 Drivers\STM32F4xx_HAL_Driver\Src\stm32f4xx_hal_tim.o
                0x08001ad0                HAL_TIM_Base_Init
 .text.HAL_TIMEx_MasterConfigSynchronization
                0x08001b04       0x44 Drivers\STM32F4xx_HAL_Driver\Src\stm32f4xx_hal_tim_ex.o
                0x08001b04                HAL_TIMEx_MasterConfigSynchronization
 .text.HAL_TIMEx_CommutationCallback
                0x08001b48        0x2 Drivers\STM32F4xx_HAL_Driver\Src\stm32f4xx_hal_tim_ex.o
                0x08001b48                HAL_TIMEx_CommutationCallback
 .text.HAL_TIMEx_BreakCallback
                0x08001b4a        0x2 Drivers\STM32F4xx_HAL_Driver\Src\stm32f4xx_hal_tim_ex.o
                0x08001b4a                HAL_TIMEx_BreakCallback
 .text.UART_EndRxTransfer
                0x08001b4c       0x1a Drivers\STM32F4xx_HAL_Driver\Src\stm32f4xx_hal_uart.o
 *fill*         0x08001b66        0x2 
 .text.UART_SetConfig
                0x08001b68      0x23c Drivers\STM32F4xx_HAL_Driver\Src\stm32f4xx_hal_uart.o
 .text.HAL_UART_Init
                0x08001da4       0x5c Drivers\STM32F4xx_HAL_Driver\Src\stm32f4xx_hal_uart.o
                0x08001da4                HAL_UART_Init
 .text.HAL_UART_TxCpltCallback
                0x08001e00        0x2 Drivers\STM32F4xx_HAL_Driver\Src\stm32f4xx_hal_uart.o
                0x08001e00                HAL_UART_TxCpltCallback
 .text.HAL_UART_RxCpltCallback
                0x08001e02        0x2 Drivers\STM32F4xx_HAL_Driver\Src\stm32f4xx_hal_uart.o
                0x08001e02                HAL_UART_RxCpltCallback
 .text.UART_Receive_IT
                0x08001e04       0x78 Drivers\STM32F4xx_HAL_Driver\Src\stm32f4xx_hal_uart.o
 .text.HAL_UART_ErrorCallback
                0x08001e7c        0x2 Drivers\STM32F4xx_HAL_Driver\Src\stm32f4xx_hal_uart.o
                0x08001e7c                HAL_UART_ErrorCallback
 *fill*         0x08001e7e        0x2 
 .text.HAL_UART_IRQHandler
                0x08001e80      0x140 Drivers\STM32F4xx_HAL_Driver\Src\stm32f4xx_hal_uart.o
                0x08001e80                HAL_UART_IRQHandler
 .text.UART_DMAAbortOnError
                0x08001fc0       0x10 Drivers\STM32F4xx_HAL_Driver\Src\stm32f4xx_hal_uart.o
 .text.osKernelStart
                0x08001fd0        0xa Middlewares\Third_Party\FreeRTOS\Source\CMSIS_RTOS\cmsis_os.o
                0x08001fd0                osKernelStart
 .text.osThreadCreate
                0x08001fda       0x38 Middlewares\Third_Party\FreeRTOS\Source\CMSIS_RTOS\cmsis_os.o
                0x08001fda                osThreadCreate
 .text.osDelay  0x08002012       0x10 Middlewares\Third_Party\FreeRTOS\Source\CMSIS_RTOS\cmsis_os.o
                0x08002012                osDelay
 .text.osSystickHandler
                0x08002022       0x14 Middlewares\Third_Party\FreeRTOS\Source\CMSIS_RTOS\cmsis_os.o
                0x08002022                osSystickHandler
 .text.vListInitialise
                0x08002036       0x16 Middlewares\Third_Party\FreeRTOS\Source\list.o
                0x08002036                vListInitialise
 .text.vListInitialiseItem
                0x0800204c        0x6 Middlewares\Third_Party\FreeRTOS\Source\list.o
                0x0800204c                vListInitialiseItem
 .text.vListInsertEnd
                0x08002052       0x18 Middlewares\Third_Party\FreeRTOS\Source\list.o
                0x08002052                vListInsertEnd
 .text.vListInsert
                0x0800206a       0x30 Middlewares\Third_Party\FreeRTOS\Source\list.o
                0x0800206a                vListInsert
 .text.uxListRemove
                0x0800209a       0x20 Middlewares\Third_Party\FreeRTOS\Source\list.o
                0x0800209a                uxListRemove
 *fill*         0x080020ba        0x2 
 .text.prvTaskExitError
                0x080020bc       0x30 Middlewares\Third_Party\FreeRTOS\Source\portable\GCC\ARM_CM4F\port.o
 .text.prvPortStartFirstTask
                0x080020ec       0x20 Middlewares\Third_Party\FreeRTOS\Source\portable\GCC\ARM_CM4F\port.o
 .text.vPortEnableVFP
                0x0800210c       0x14 Middlewares\Third_Party\FreeRTOS\Source\portable\GCC\ARM_CM4F\port.o
 .text.pxPortInitialiseStack
                0x08002120       0x24 Middlewares\Third_Party\FreeRTOS\Source\portable\GCC\ARM_CM4F\port.o
                0x08002120                pxPortInitialiseStack
 .text.SVC_Handler
                0x08002144       0x20 Middlewares\Third_Party\FreeRTOS\Source\portable\GCC\ARM_CM4F\port.o
                0x08002144                SVC_Handler
 .text.vPortEnterCritical
                0x08002164       0x44 Middlewares\Third_Party\FreeRTOS\Source\portable\GCC\ARM_CM4F\port.o
                0x08002164                vPortEnterCritical
 .text.vPortExitCritical
                0x080021a8       0x28 Middlewares\Third_Party\FreeRTOS\Source\portable\GCC\ARM_CM4F\port.o
                0x080021a8                vPortExitCritical
 .text.PendSV_Handler
                0x080021d0       0x60 Middlewares\Third_Party\FreeRTOS\Source\portable\GCC\ARM_CM4F\port.o
                0x080021d0                PendSV_Handler
 .text.xPortSysTickHandler
                0x08002230       0x30 Middlewares\Third_Party\FreeRTOS\Source\portable\GCC\ARM_CM4F\port.o
                0x08002230                xPortSysTickHandler
 .text.vPortSetupTimerInterrupt
                0x08002260       0x28 Middlewares\Third_Party\FreeRTOS\Source\portable\GCC\ARM_CM4F\port.o
                0x08002260                vPortSetupTimerInterrupt
 .text.xPortStartScheduler
                0x08002288       0xec Middlewares\Third_Party\FreeRTOS\Source\portable\GCC\ARM_CM4F\port.o
                0x08002288                xPortStartScheduler
 .text.unlikely.prvInsertBlockIntoFreeList
                0x08002374       0x48 Middlewares\Third_Party\FreeRTOS\Source\portable\MemMang\heap_4.o
 .text.pvPortMalloc
                0x080023bc      0x124 Middlewares\Third_Party\FreeRTOS\Source\portable\MemMang\heap_4.o
                0x080023bc                pvPortMalloc
 .text.vPortFree
                0x080024e0       0x70 Middlewares\Third_Party\FreeRTOS\Source\portable\MemMang\heap_4.o
                0x080024e0                vPortFree
 .text.prvResetNextTaskUnblockTime
                0x08002550       0x24 Middlewares\Third_Party\FreeRTOS\Source\tasks.o
 .text.prvAddCurrentTaskToDelayedList
                0x08002574       0x50 Middlewares\Third_Party\FreeRTOS\Source\tasks.o
 .text.xTaskGenericCreate.part.5
                0x080025c4      0x1c4 Middlewares\Third_Party\FreeRTOS\Source\tasks.o
 .text.xTaskGenericCreate
                0x08002788       0x3c Middlewares\Third_Party\FreeRTOS\Source\tasks.o
                0x08002788                xTaskGenericCreate
 .text.vTaskStartScheduler
                0x080027c4       0x70 Middlewares\Third_Party\FreeRTOS\Source\tasks.o
                0x080027c4                vTaskStartScheduler
 .text.vTaskSuspendAll
                0x08002834       0x10 Middlewares\Third_Party\FreeRTOS\Source\tasks.o
                0x08002834                vTaskSuspendAll
 .text.xTaskIncrementTick
                0x08002844      0x130 Middlewares\Third_Party\FreeRTOS\Source\tasks.o
                0x08002844                xTaskIncrementTick
 .text.xTaskResumeAll
                0x08002974       0xec Middlewares\Third_Party\FreeRTOS\Source\tasks.o
                0x08002974                xTaskResumeAll
 .text.vTaskDelay
                0x08002a60       0x7c Middlewares\Third_Party\FreeRTOS\Source\tasks.o
                0x08002a60                vTaskDelay
 .text.prvIdleTask
                0x08002adc       0x78 Middlewares\Third_Party\FreeRTOS\Source\tasks.o
 .text.vTaskSwitchContext
                0x08002b54       0x8c Middlewares\Third_Party\FreeRTOS\Source\tasks.o
                0x08002b54                vTaskSwitchContext
 .text.xTaskGetSchedulerState
                0x08002be0       0x20 Middlewares\Third_Party\FreeRTOS\Source\tasks.o
                0x08002be0                xTaskGetSchedulerState
 .text.HAL_ADC_ConvCpltCallback
                0x08002c00       0x94 Src\Device\acs.o
                0x08002c00                HAL_ADC_ConvCpltCallback
 .text.MX_ADC1_Init
                0x08002c94       0x6c Src\Peripheral\adc.o
                0x08002c94                MX_ADC1_Init
 .text.MX_ADC3_Init
                0x08002d00       0x58 Src\Peripheral\adc.o
                0x08002d00                MX_ADC3_Init
 .text.HAL_ADC_MspInit
                0x08002d58       0xa0 Src\Peripheral\adc.o
                0x08002d58                HAL_ADC_MspInit
 .text.MX_CAN1_Init
                0x08002df8       0x3c Src\Peripheral\can.o
                0x08002df8                MX_CAN1_Init
 .text.HAL_CAN_MspInit
                0x08002e34       0x60 Src\Peripheral\can.o
                0x08002e34                HAL_CAN_MspInit
 .text.MX_DAC_Init
                0x08002e94       0x34 Src\Peripheral\dac.o
                0x08002e94                MX_DAC_Init
 .text.HAL_DAC_MspInit
                0x08002ec8       0x44 Src\Peripheral\dac.o
                0x08002ec8                HAL_DAC_MspInit
 .text.MX_GPIO_Init
                0x08002f0c      0x1ac Src\Peripheral\gpio.o
                0x08002f0c                MX_GPIO_Init
 .text.MX_RTC_Init
                0x080030b8       0x34 Src\Peripheral\rtc.o
                0x080030b8                MX_RTC_Init
 .text.HAL_RTC_MspInit
                0x080030ec       0x18 Src\Peripheral\rtc.o
                0x080030ec                HAL_RTC_MspInit
 .text.MX_SPI1_Init
                0x08003104       0x44 Src\Peripheral\spi.o
                0x08003104                MX_SPI1_Init
 .text.HAL_SPI_MspInit
                0x08003148       0x5c Src\Peripheral\spi.o
                0x08003148                HAL_SPI_MspInit
 .text.MX_TIM3_Init
                0x080031a4       0x60 Src\Peripheral\tim.o
                0x080031a4                MX_TIM3_Init
 .text.MX_TIM2_Init
                0x08003204       0x34 Src\Peripheral\tim.o
                0x08003204                MX_TIM2_Init
 .text.HAL_TIM_Base_MspInit
                0x08003238       0x6c Src\Peripheral\tim.o
                0x08003238                HAL_TIM_Base_MspInit
 .text.MX_USART1_UART_Init
                0x080032a4       0x38 Src\Peripheral\usart.o
                0x080032a4                MX_USART1_UART_Init
 .text.MX_USART3_UART_Init
                0x080032dc       0x38 Src\Peripheral\usart.o
                0x080032dc                MX_USART3_UART_Init
 .text.HAL_UART_MspInit
                0x08003314       0xb4 Src\Peripheral\usart.o
                0x08003314                HAL_UART_MspInit
 .text.StartDefaultTask
                0x080033c8       0x18 Src\freertos.o
                0x080033c8                StartDefaultTask
 .text.vApplicationStackOverflowHook
                0x080033e0       0x24 Src\freertos.o
                0x080033e0                vApplicationStackOverflowHook
 .text.MX_FREERTOS_Init
                0x08003404       0x28 Src\freertos.o
                0x08003404                MX_FREERTOS_Init
 .text.HAL_TIM_PeriodElapsedCallback
                0x0800342c       0x14 Src\main.o
                0x0800342c                HAL_TIM_PeriodElapsedCallback
 .text.Error_Handler
                0x08003440       0x24 Src\main.o
                0x08003440                Error_Handler
 .text.SystemClock_Config
                0x08003464       0xc4 Src\main.o
                0x08003464                SystemClock_Config
 .text.startup.main
                0x08003528       0x4c Src\main.o
                0x08003528                main
 .text.HAL_MspInit
                0x08003574       0x60 Src\stm32f4xx_hal_msp.o
                0x08003574                HAL_MspInit
 .text.HAL_InitTick
                0x080035d4       0x7c Src\stm32f4xx_hal_timebase_TIM.o
                0x080035d4                HAL_InitTick
 .text.SysTick_Handler
                0x08003650        0x4 Src\stm32f4xx_it.o
                0x08003650                SysTick_Handler
 .text.EXTI0_IRQHandler
                0x08003654        0x6 Src\stm32f4xx_it.o
                0x08003654                EXTI0_IRQHandler
 .text.EXTI3_IRQHandler
                0x0800365a        0x6 Src\stm32f4xx_it.o
                0x0800365a                EXTI3_IRQHandler
 .text.EXTI4_IRQHandler
                0x08003660        0x6 Src\stm32f4xx_it.o
                0x08003660                EXTI4_IRQHandler
 *fill*         0x08003666        0x2 
 .text.ADC_IRQHandler
                0x08003668       0x1c Src\stm32f4xx_it.o
                0x08003668                ADC_IRQHandler
 .text.CAN1_RX0_IRQHandler
                0x08003684        0xc Src\stm32f4xx_it.o
                0x08003684                CAN1_RX0_IRQHandler
 .text.TIM1_UP_TIM10_IRQHandler
                0x08003690        0xc Src\stm32f4xx_it.o
                0x08003690                TIM1_UP_TIM10_IRQHandler
 .text.TIM3_IRQHandler
                0x0800369c        0xc Src\stm32f4xx_it.o
                0x0800369c                TIM3_IRQHandler
 .text.TIM2_IRQHandler
                0x080036a8        0xc Src\stm32f4xx_it.o
                0x080036a8                TIM2_IRQHandler
 .text.SPI1_IRQHandler
                0x080036b4        0xc Src\stm32f4xx_it.o
                0x080036b4                SPI1_IRQHandler
 .text.USART1_IRQHandler
                0x080036c0        0xc Src\stm32f4xx_it.o
                0x080036c0                USART1_IRQHandler
 .text.USART3_IRQHandler
                0x080036cc        0xc Src\stm32f4xx_it.o
                0x080036cc                USART3_IRQHandler
 .text.EXTI15_10_IRQHandler
                0x080036d8       0x16 Src\stm32f4xx_it.o
                0x080036d8                EXTI15_10_IRQHandler
 *fill*         0x080036ee        0x2 
 .text.__libc_init_array
                0x080036f0       0x4c d:/program files (x86)/atollic/truestudio for arm 7.0.1/armtools/bin/../lib/gcc/arm-atollic-eabi/5.3.1/../../../../arm-atollic-eabi/lib/armv7e-m/fpu\libc.a(lib_a-init.o)
                0x080036f0                __libc_init_array
 .text.memset   0x0800373c       0x10 d:/program files (x86)/atollic/truestudio for arm 7.0.1/armtools/bin/../lib/gcc/arm-atollic-eabi/5.3.1/../../../../arm-atollic-eabi/lib/armv7e-m/fpu\libc.a(lib_a-memset.o)
                0x0800373c                memset
 *(.glue_7)
 .glue_7        0x0800374c        0x0 linker stubs
 *(.glue_7t)
 .glue_7t       0x0800374c        0x0 linker stubs
 *(.eh_frame)
 .eh_frame      0x0800374c        0x0 d:/program files (x86)/atollic/truestudio for arm 7.0.1/armtools/bin/../lib/gcc/arm-atollic-eabi/5.3.1/armv7e-m/fpu/crtbegin.o
 *(.init)
 .init          0x0800374c        0x4 d:/program files (x86)/atollic/truestudio for arm 7.0.1/armtools/bin/../lib/gcc/arm-atollic-eabi/5.3.1/armv7e-m/fpu/crti.o
                0x0800374c                _init
 .init          0x08003750        0x8 d:/program files (x86)/atollic/truestudio for arm 7.0.1/armtools/bin/../lib/gcc/arm-atollic-eabi/5.3.1/armv7e-m/fpu/crtn.o
 *(.fini)
 .fini          0x08003758        0x4 d:/program files (x86)/atollic/truestudio for arm 7.0.1/armtools/bin/../lib/gcc/arm-atollic-eabi/5.3.1/armv7e-m/fpu/crti.o
                0x08003758                _fini
 .fini          0x0800375c        0x8 d:/program files (x86)/atollic/truestudio for arm 7.0.1/armtools/bin/../lib/gcc/arm-atollic-eabi/5.3.1/armv7e-m/fpu/crtn.o
                0x08003764                . = ALIGN (0x4)
                0x08003764                _etext = .

.vfp11_veneer   0x08003764        0x0
 .vfp11_veneer  0x08003764        0x0 linker stubs

.v4_bx          0x08003764        0x0
 .v4_bx         0x08003764        0x0 linker stubs

.iplt           0x08003764        0x0
 .iplt          0x08003764        0x0 d:/program files (x86)/atollic/truestudio for arm 7.0.1/armtools/bin/../lib/gcc/arm-atollic-eabi/5.3.1/armv7e-m/fpu/crtbegin.o

.rodata         0x08003764       0x38
                0x08003764                . = ALIGN (0x4)
 *(.rodata)
 .rodata        0x08003764       0x14 Src\freertos.o
 *(.rodata*)
 .rodata.APBAHBPrescTable
                0x08003778       0x10 Drivers\STM32F4xx_HAL_Driver\Src\stm32f4xx_hal_rcc.o
                0x08003778                APBAHBPrescTable
 .rodata.str1.1
                0x08003788        0x5 Middlewares\Third_Party\FreeRTOS\Source\tasks.o
 .rodata.str1.1
                0x0800378d        0xc Src\freertos.o
                0x0800379c                . = ALIGN (0x4)
 *fill*         0x08003799        0x3 

.rel.dyn        0x0800379c        0x0
 .rel.iplt      0x0800379c        0x0 d:/program files (x86)/atollic/truestudio for arm 7.0.1/armtools/bin/../lib/gcc/arm-atollic-eabi/5.3.1/armv7e-m/fpu/crtbegin.o

.ARM.extab
 *(.ARM.extab* .gnu.linkonce.armextab.*)

.ARM            0x0800379c        0x0
                0x0800379c                __exidx_start = .
 *(.ARM.exidx*)
                0x0800379c                __exidx_end = .

.preinit_array  0x0800379c        0x0
                0x0800379c                PROVIDE (__preinit_array_start, .)
 *(.preinit_array*)
                0x0800379c                PROVIDE (__preinit_array_end, .)

.init_array     0x0800379c        0x4
                0x0800379c                PROVIDE (__init_array_start, .)
 *(SORT(.init_array.*))
 *(.init_array*)
 .init_array    0x0800379c        0x4 d:/program files (x86)/atollic/truestudio for arm 7.0.1/armtools/bin/../lib/gcc/arm-atollic-eabi/5.3.1/armv7e-m/fpu/crtbegin.o
                0x080037a0                PROVIDE (__init_array_end, .)

.fini_array     0x080037a0        0x4
                [!provide]                PROVIDE (__fini_array_start, .)
 *(SORT(.fini_array.*))
 *(.fini_array*)
 .fini_array    0x080037a0        0x4 d:/program files (x86)/atollic/truestudio for arm 7.0.1/armtools/bin/../lib/gcc/arm-atollic-eabi/5.3.1/armv7e-m/fpu/crtbegin.o
                [!provide]                PROVIDE (__fini_array_end, .)
                0x080037a4                _sidata = LOADADDR (.data)

.data           0x20000000        0x8 load address 0x080037a4
                0x20000000                . = ALIGN (0x4)
                0x20000000                _sdata = .
 *(.data)
 *(.data*)
 .data.SystemCoreClock
                0x20000000        0x4 Drivers\CMSIS\Device\ST\STM32F4xx\Source\Templates\system_stm32f4xx.o
                0x20000000                SystemCoreClock
 .data.uxCriticalNesting
                0x20000004        0x4 Middlewares\Third_Party\FreeRTOS\Source\portable\GCC\ARM_CM4F\port.o
                0x20000008                . = ALIGN (0x4)
                0x20000008                _edata = .
                0x080037ac                _siccmram = LOADADDR (.ccmram)

.igot.plt       0x20000008        0x0 load address 0x080037ac
 .igot.plt      0x20000008        0x0 d:/program files (x86)/atollic/truestudio for arm 7.0.1/armtools/bin/../lib/gcc/arm-atollic-eabi/5.3.1/armv7e-m/fpu/crtbegin.o

.ccmram         0x10000000        0x0 load address 0x080037ac
                0x10000000                . = ALIGN (0x4)
                0x10000000                _sccmram = .
 *(.ccmram)
 *(.ccmram*)
                0x10000000                . = ALIGN (0x4)
                0x10000000                _eccmram = .
                0x10000000                . = ALIGN (0x4)

.bss            0x20000008     0x4014
                0x20000008                _sbss = .
                0x20000008                __bss_start__ = _sbss
 *(.bss)
 .bss           0x20000008       0x1c d:/program files (x86)/atollic/truestudio for arm 7.0.1/armtools/bin/../lib/gcc/arm-atollic-eabi/5.3.1/armv7e-m/fpu/crtbegin.o
 *(.bss*)
 .bss.ucMaxSysCallPriority
                0x20000024        0x1 Middlewares\Third_Party\FreeRTOS\Source\portable\GCC\ARM_CM4F\port.o
 *fill*         0x20000025        0x3 
 .bss.ulMaxPRIGROUPValue
                0x20000028        0x4 Middlewares\Third_Party\FreeRTOS\Source\portable\GCC\ARM_CM4F\port.o
 .bss.xFreeBytesRemaining
                0x2000002c        0x4 Middlewares\Third_Party\FreeRTOS\Source\portable\MemMang\heap_4.o
 .bss.pxEnd     0x20000030        0x4 Middlewares\Third_Party\FreeRTOS\Source\portable\MemMang\heap_4.o
 .bss.xStart    0x20000034        0x8 Middlewares\Third_Party\FreeRTOS\Source\portable\MemMang\heap_4.o
 .bss.ucHeap    0x2000003c     0x3c00 Middlewares\Third_Party\FreeRTOS\Source\portable\MemMang\heap_4.o
 .bss.xBlockAllocatedBit
                0x20003c3c        0x4 Middlewares\Third_Party\FreeRTOS\Source\portable\MemMang\heap_4.o
 .bss.xMinimumEverFreeBytesRemaining
                0x20003c40        0x4 Middlewares\Third_Party\FreeRTOS\Source\portable\MemMang\heap_4.o
 .bss.xNumOfOverflows
                0x20003c44        0x4 Middlewares\Third_Party\FreeRTOS\Source\tasks.o
 .bss.pxDelayedTaskList
                0x20003c48        0x4 Middlewares\Third_Party\FreeRTOS\Source\tasks.o
 .bss.xSchedulerRunning
                0x20003c4c        0x4 Middlewares\Third_Party\FreeRTOS\Source\tasks.o
 .bss.uxTasksDeleted
                0x20003c50        0x4 Middlewares\Third_Party\FreeRTOS\Source\tasks.o
 .bss.xTasksWaitingTermination
                0x20003c54       0x14 Middlewares\Third_Party\FreeRTOS\Source\tasks.o
 .bss.xSuspendedTaskList
                0x20003c68       0x14 Middlewares\Third_Party\FreeRTOS\Source\tasks.o
 .bss.uxPendedTicks
                0x20003c7c        0x4 Middlewares\Third_Party\FreeRTOS\Source\tasks.o
 .bss.pxReadyTasksLists
                0x20003c80       0x8c Middlewares\Third_Party\FreeRTOS\Source\tasks.o
 .bss.uxSchedulerSuspended
                0x20003d0c        0x4 Middlewares\Third_Party\FreeRTOS\Source\tasks.o
 .bss.pxCurrentTCB
                0x20003d10        0x4 Middlewares\Third_Party\FreeRTOS\Source\tasks.o
                0x20003d10                pxCurrentTCB
 .bss.xNextTaskUnblockTime
                0x20003d14        0x4 Middlewares\Third_Party\FreeRTOS\Source\tasks.o
 .bss.xTickCount
                0x20003d18        0x4 Middlewares\Third_Party\FreeRTOS\Source\tasks.o
 .bss.pxOverflowDelayedTaskList
                0x20003d1c        0x4 Middlewares\Third_Party\FreeRTOS\Source\tasks.o
 .bss.xPendingReadyList
                0x20003d20       0x14 Middlewares\Third_Party\FreeRTOS\Source\tasks.o
 .bss.uxTaskNumber
                0x20003d34        0x4 Middlewares\Third_Party\FreeRTOS\Source\tasks.o
 .bss.xDelayedTaskList1
                0x20003d38       0x14 Middlewares\Third_Party\FreeRTOS\Source\tasks.o
 .bss.xDelayedTaskList2
                0x20003d4c       0x14 Middlewares\Third_Party\FreeRTOS\Source\tasks.o
 .bss.uxCurrentNumberOfTasks
                0x20003d60        0x4 Middlewares\Third_Party\FreeRTOS\Source\tasks.o
 .bss.uxTopReadyPriority
                0x20003d64        0x4 Middlewares\Third_Party\FreeRTOS\Source\tasks.o
 .bss.xYieldPending
                0x20003d68        0x4 Middlewares\Third_Party\FreeRTOS\Source\tasks.o
 .bss.i2.8645   0x20003d6c        0x2 Src\Device\acs.o
 *fill*         0x20003d6e        0x2 
 .bss.uhADCxConvertedValue1
                0x20003d70        0x4 Src\Device\acs.o
                0x20003d70                uhADCxConvertedValue1
 .bss.uhADCxConvertedValue2
                0x20003d74        0x4 Src\Device\acs.o
                0x20003d74                uhADCxConvertedValue2
 .bss.i1.8644   0x20003d78        0x2 Src\Device\acs.o
 *fill*         0x20003d7a        0x2 
 .bss.samples_averages_2.8647
                0x20003d7c        0x4 Src\Device\acs.o
 .bss.samples_averages_1.8646
                0x20003d80        0x4 Src\Device\acs.o
 *(COMMON)
 COMMON         0x20003d84        0x4 Drivers\STM32F4xx_HAL_Driver\Src\stm32f4xx_hal.o
                0x20003d84                uwTick
 COMMON         0x20003d88       0x90 Src\Peripheral\adc.o
                0x20003d88                hadc1
                0x20003dd0                hadc3
 COMMON         0x20003e18       0x40 Src\Peripheral\can.o
                0x20003e18                hcan1
 COMMON         0x20003e58       0x14 Src\Peripheral\dac.o
                0x20003e58                hdac
 COMMON         0x20003e6c       0x20 Src\Peripheral\rtc.o
                0x20003e6c                hrtc
 COMMON         0x20003e8c       0x58 Src\Peripheral\spi.o
                0x20003e8c                hspi1
 COMMON         0x20003ee4       0x78 Src\Peripheral\tim.o
                0x20003ee4                htim3
                0x20003f20                htim2
 COMMON         0x20003f5c       0x80 Src\Peripheral\usart.o
                0x20003f5c                huart3
                0x20003f9c                huart1
 COMMON         0x20003fdc        0x4 Src\freertos.o
                0x20003fdc                defaultTaskHandle
 COMMON         0x20003fe0       0x3c Src\stm32f4xx_hal_timebase_TIM.o
                0x20003fe0                htim1
                0x2000401c                . = ALIGN (0x4)
                0x2000401c                _ebss = .
                0x2000401c                __bss_end__ = _ebss

._user_heap_stack
                0x2000401c      0x600
                0x2000401c                . = ALIGN (0x4)
                [!provide]                PROVIDE (end, .)
                [!provide]                PROVIDE (_end, .)
                0x2000421c                . = (. + _Min_Heap_Size)
 *fill*         0x2000401c      0x200 
                0x2000461c                . = (. + _Min_Stack_Size)
 *fill*         0x2000421c      0x400 
                0x2000461c                . = ALIGN (0x4)

/DISCARD/
 libc.a(*)
 libm.a(*)
 libgcc.a(*)

.ARM.attributes
                0x00000000       0x30
 *(.ARM.attributes)
 .ARM.attributes
                0x00000000       0x22 d:/program files (x86)/atollic/truestudio for arm 7.0.1/armtools/bin/../lib/gcc/arm-atollic-eabi/5.3.1/armv7e-m/fpu/crti.o
 .ARM.attributes
                0x00000022       0x34 d:/program files (x86)/atollic/truestudio for arm 7.0.1/armtools/bin/../lib/gcc/arm-atollic-eabi/5.3.1/armv7e-m/fpu/crtbegin.o
 .ARM.attributes
                0x00000056       0x21 Drivers\CMSIS\Device\ST\STM32F4xx\Source\Templates\gcc\startup_stm32f417xx.o
 .ARM.attributes
                0x00000077       0x39 Drivers\CMSIS\Device\ST\STM32F4xx\Source\Templates\system_stm32f4xx.o
 .ARM.attributes
                0x000000b0       0x39 Drivers\STM32F4xx_HAL_Driver\Src\stm32f4xx_hal.o
 .ARM.attributes
                0x000000e9       0x39 Drivers\STM32F4xx_HAL_Driver\Src\stm32f4xx_hal_adc.o
 .ARM.attributes
                0x00000122       0x39 Drivers\STM32F4xx_HAL_Driver\Src\stm32f4xx_hal_adc_ex.o
 .ARM.attributes
                0x0000015b       0x39 Drivers\STM32F4xx_HAL_Driver\Src\stm32f4xx_hal_can.o
 .ARM.attributes
                0x00000194       0x39 Drivers\STM32F4xx_HAL_Driver\Src\stm32f4xx_hal_cortex.o
 .ARM.attributes
                0x000001cd       0x39 Drivers\STM32F4xx_HAL_Driver\Src\stm32f4xx_hal_dac.o
 .ARM.attributes
                0x00000206       0x39 Drivers\STM32F4xx_HAL_Driver\Src\stm32f4xx_hal_dma.o
 .ARM.attributes
                0x0000023f       0x39 Drivers\STM32F4xx_HAL_Driver\Src\stm32f4xx_hal_gpio.o
 .ARM.attributes
                0x00000278       0x39 Drivers\STM32F4xx_HAL_Driver\Src\stm32f4xx_hal_rcc.o
 .ARM.attributes
                0x000002b1       0x39 Drivers\STM32F4xx_HAL_Driver\Src\stm32f4xx_hal_rcc_ex.o
 .ARM.attributes
                0x000002ea       0x39 Drivers\STM32F4xx_HAL_Driver\Src\stm32f4xx_hal_rtc.o
 .ARM.attributes
                0x00000323       0x39 Drivers\STM32F4xx_HAL_Driver\Src\stm32f4xx_hal_spi.o
 .ARM.attributes
                0x0000035c       0x39 Drivers\STM32F4xx_HAL_Driver\Src\stm32f4xx_hal_tim.o
 .ARM.attributes
                0x00000395       0x39 Drivers\STM32F4xx_HAL_Driver\Src\stm32f4xx_hal_tim_ex.o
 .ARM.attributes
                0x000003ce       0x39 Drivers\STM32F4xx_HAL_Driver\Src\stm32f4xx_hal_uart.o
 .ARM.attributes
                0x00000407       0x39 Middlewares\Third_Party\FreeRTOS\Source\CMSIS_RTOS\cmsis_os.o
 .ARM.attributes
                0x00000440       0x39 Middlewares\Third_Party\FreeRTOS\Source\list.o
 .ARM.attributes
                0x00000479       0x39 Middlewares\Third_Party\FreeRTOS\Source\portable\GCC\ARM_CM4F\port.o
 .ARM.attributes
                0x000004b2       0x39 Middlewares\Third_Party\FreeRTOS\Source\portable\MemMang\heap_4.o
 .ARM.attributes
                0x000004eb       0x39 Middlewares\Third_Party\FreeRTOS\Source\tasks.o
 .ARM.attributes
                0x00000524       0x39 Src\Device\acs.o
 .ARM.attributes
                0x0000055d       0x39 Src\Peripheral\adc.o
 .ARM.attributes
                0x00000596       0x39 Src\Peripheral\can.o
 .ARM.attributes
                0x000005cf       0x39 Src\Peripheral\dac.o
 .ARM.attributes
                0x00000608       0x39 Src\Peripheral\gpio.o
 .ARM.attributes
                0x00000641       0x39 Src\Peripheral\rtc.o
 .ARM.attributes
                0x0000067a       0x39 Src\Peripheral\spi.o
 .ARM.attributes
                0x000006b3       0x39 Src\Peripheral\tim.o
 .ARM.attributes
                0x000006ec       0x39 Src\Peripheral\usart.o
 .ARM.attributes
                0x00000725       0x39 Src\freertos.o
 .ARM.attributes
                0x0000075e       0x39 Src\main.o
 .ARM.attributes
                0x00000797       0x39 Src\stm32f4xx_hal_msp.o
 .ARM.attributes
                0x000007d0       0x39 Src\stm32f4xx_hal_timebase_TIM.o
 .ARM.attributes
                0x00000809       0x39 Src\stm32f4xx_it.o
 .ARM.attributes
                0x00000842       0x34 d:/program files (x86)/atollic/truestudio for arm 7.0.1/armtools/bin/../lib/gcc/arm-atollic-eabi/5.3.1/../../../../arm-atollic-eabi/lib/armv7e-m/fpu\libc.a(lib_a-init.o)
 .ARM.attributes
                0x00000876       0x34 d:/program files (x86)/atollic/truestudio for arm 7.0.1/armtools/bin/../lib/gcc/arm-atollic-eabi/5.3.1/../../../../arm-atollic-eabi/lib/armv7e-m/fpu\libc.a(lib_a-memset.o)
 .ARM.attributes
                0x000008aa       0x22 d:/program files (x86)/atollic/truestudio for arm 7.0.1/armtools/bin/../lib/gcc/arm-atollic-eabi/5.3.1/armv7e-m/fpu/crtn.o
OUTPUT(BMSV2-WM.elf elf32-littlearm)

.debug_line     0x00000000     0xa3cc
 .debug_line    0x00000000       0xae Drivers\CMSIS\Device\ST\STM32F4xx\Source\Templates\gcc\startup_stm32f417xx.o
 .debug_line    0x000000ae      0x1f2 Drivers\CMSIS\Device\ST\STM32F4xx\Source\Templates\system_stm32f4xx.o
 .debug_line    0x000002a0      0x3ab Drivers\STM32F4xx_HAL_Driver\Src\stm32f4xx_hal.o
 .debug_line    0x0000064b      0x6bd Drivers\STM32F4xx_HAL_Driver\Src\stm32f4xx_hal_adc.o
 .debug_line    0x00000d08      0x571 Drivers\STM32F4xx_HAL_Driver\Src\stm32f4xx_hal_adc_ex.o
 .debug_line    0x00001279      0x61f Drivers\STM32F4xx_HAL_Driver\Src\stm32f4xx_hal_can.o
 .debug_line    0x00001898      0x3f2 Drivers\STM32F4xx_HAL_Driver\Src\stm32f4xx_hal_cortex.o
 .debug_line    0x00001c8a      0x462 Drivers\STM32F4xx_HAL_Driver\Src\stm32f4xx_hal_dac.o
 .debug_line    0x000020ec      0x539 Drivers\STM32F4xx_HAL_Driver\Src\stm32f4xx_hal_dma.o
 .debug_line    0x00002625      0x3ca Drivers\STM32F4xx_HAL_Driver\Src\stm32f4xx_hal_gpio.o
 .debug_line    0x000029ef      0x56e Drivers\STM32F4xx_HAL_Driver\Src\stm32f4xx_hal_rcc.o
 .debug_line    0x00002f5d      0x307 Drivers\STM32F4xx_HAL_Driver\Src\stm32f4xx_hal_rcc_ex.o
 .debug_line    0x00003264      0x5b1 Drivers\STM32F4xx_HAL_Driver\Src\stm32f4xx_hal_rtc.o
 .debug_line    0x00003815      0x9fd Drivers\STM32F4xx_HAL_Driver\Src\stm32f4xx_hal_spi.o
 .debug_line    0x00004212     0x1087 Drivers\STM32F4xx_HAL_Driver\Src\stm32f4xx_hal_tim.o
 .debug_line    0x00005299      0x620 Drivers\STM32F4xx_HAL_Driver\Src\stm32f4xx_hal_tim_ex.o
 .debug_line    0x000058b9      0x9b8 Drivers\STM32F4xx_HAL_Driver\Src\stm32f4xx_hal_uart.o
 .debug_line    0x00006271      0x794 Middlewares\Third_Party\FreeRTOS\Source\CMSIS_RTOS\cmsis_os.o
 .debug_line    0x00006a05      0x249 Middlewares\Third_Party\FreeRTOS\Source\list.o
 .debug_line    0x00006c4e      0x33f Middlewares\Third_Party\FreeRTOS\Source\portable\GCC\ARM_CM4F\port.o
 .debug_line    0x00006f8d      0x372 Middlewares\Third_Party\FreeRTOS\Source\portable\MemMang\heap_4.o
 .debug_line    0x000072ff      0xbc0 Middlewares\Third_Party\FreeRTOS\Source\tasks.o
 .debug_line    0x00007ebf      0x30d Src\Device\acs.o
 .debug_line    0x000081cc      0x2f0 Src\Peripheral\adc.o
 .debug_line    0x000084bc      0x282 Src\Peripheral\can.o
 .debug_line    0x0000873e      0x25c Src\Peripheral\dac.o
 .debug_line    0x0000899a      0x238 Src\Peripheral\gpio.o
 .debug_line    0x00008bd2      0x231 Src\Peripheral\rtc.o
 .debug_line    0x00008e03      0x290 Src\Peripheral\spi.o
 .debug_line    0x00009093      0x2a2 Src\Peripheral\tim.o
 .debug_line    0x00009335      0x2be Src\Peripheral\usart.o
 .debug_line    0x000095f3      0x287 Src\freertos.o
 .debug_line    0x0000987a      0x389 Src\main.o
 .debug_line    0x00009c03      0x1d8 Src\stm32f4xx_hal_msp.o
 .debug_line    0x00009ddb      0x271 Src\stm32f4xx_hal_timebase_TIM.o
 .debug_line    0x0000a04c      0x380 Src\stm32f4xx_it.o

.debug_info     0x00000000    0x1c75b
 .debug_info    0x00000000       0x9a Drivers\CMSIS\Device\ST\STM32F4xx\Source\Templates\gcc\startup_stm32f417xx.o
 .debug_info    0x0000009a      0x4d6 Drivers\CMSIS\Device\ST\STM32F4xx\Source\Templates\system_stm32f4xx.o
 .debug_info    0x00000570      0x8e2 Drivers\STM32F4xx_HAL_Driver\Src\stm32f4xx_hal.o
 .debug_info    0x00000e52      0xcbe Drivers\STM32F4xx_HAL_Driver\Src\stm32f4xx_hal_adc.o
 .debug_info    0x00001b10      0xb18 Drivers\STM32F4xx_HAL_Driver\Src\stm32f4xx_hal_adc_ex.o
 .debug_info    0x00002628      0xb44 Drivers\STM32F4xx_HAL_Driver\Src\stm32f4xx_hal_can.o
 .debug_info    0x0000316c      0xe81 Drivers\STM32F4xx_HAL_Driver\Src\stm32f4xx_hal_cortex.o
 .debug_info    0x00003fed      0x987 Drivers\STM32F4xx_HAL_Driver\Src\stm32f4xx_hal_dac.o
 .debug_info    0x00004974      0xa28 Drivers\STM32F4xx_HAL_Driver\Src\stm32f4xx_hal_dma.o
 .debug_info    0x0000539c      0x72d Drivers\STM32F4xx_HAL_Driver\Src\stm32f4xx_hal_gpio.o
 .debug_info    0x00005ac9      0xc93 Drivers\STM32F4xx_HAL_Driver\Src\stm32f4xx_hal_rcc.o
 .debug_info    0x0000675c      0x562 Drivers\STM32F4xx_HAL_Driver\Src\stm32f4xx_hal_rcc_ex.o
 .debug_info    0x00006cbe      0xdf9 Drivers\STM32F4xx_HAL_Driver\Src\stm32f4xx_hal_rtc.o
 .debug_info    0x00007ab7     0x1838 Drivers\STM32F4xx_HAL_Driver\Src\stm32f4xx_hal_spi.o
 .debug_info    0x000092ef     0x2ea6 Drivers\STM32F4xx_HAL_Driver\Src\stm32f4xx_hal_tim.o
 .debug_info    0x0000c195      0xf6b Drivers\STM32F4xx_HAL_Driver\Src\stm32f4xx_hal_tim_ex.o
 .debug_info    0x0000d100     0x1291 Drivers\STM32F4xx_HAL_Driver\Src\stm32f4xx_hal_uart.o
 .debug_info    0x0000e391     0x1ae7 Middlewares\Third_Party\FreeRTOS\Source\CMSIS_RTOS\cmsis_os.o
 .debug_info    0x0000fe78      0x2a1 Middlewares\Third_Party\FreeRTOS\Source\list.o
 .debug_info    0x00010119      0x557 Middlewares\Third_Party\FreeRTOS\Source\portable\GCC\ARM_CM4F\port.o
 .debug_info    0x00010670      0x486 Middlewares\Third_Party\FreeRTOS\Source\portable\MemMang\heap_4.o
 .debug_info    0x00010af6     0x2731 Middlewares\Third_Party\FreeRTOS\Source\tasks.o
 .debug_info    0x00013227      0x93c Src\Device\acs.o
 .debug_info    0x00013b63      0xd19 Src\Peripheral\adc.o
 .debug_info    0x0001487c      0xc33 Src\Peripheral\can.o
 .debug_info    0x000154af      0x8dd Src\Peripheral\dac.o
 .debug_info    0x00015d8c      0x8a4 Src\Peripheral\gpio.o
 .debug_info    0x00016630      0x4cb Src\Peripheral\rtc.o
 .debug_info    0x00016afb      0xc0d Src\Peripheral\spi.o
 .debug_info    0x00017708      0xc46 Src\Peripheral\tim.o
 .debug_info    0x0001834e      0xc4d Src\Peripheral\usart.o
 .debug_info    0x00018f9b      0x3cf Src\freertos.o
 .debug_info    0x0001936a     0x119a Src\main.o
 .debug_info    0x0001a504      0x3f6 Src\stm32f4xx_hal_msp.o
 .debug_info    0x0001a8fa      0xb4c Src\stm32f4xx_hal_timebase_TIM.o
 .debug_info    0x0001b446     0x1315 Src\stm32f4xx_it.o

.debug_abbrev   0x00000000     0x4bed
 .debug_abbrev  0x00000000       0x12 Drivers\CMSIS\Device\ST\STM32F4xx\Source\Templates\gcc\startup_stm32f417xx.o
 .debug_abbrev  0x00000012      0x101 Drivers\CMSIS\Device\ST\STM32F4xx\Source\Templates\system_stm32f4xx.o
 .debug_abbrev  0x00000113      0x244 Drivers\STM32F4xx_HAL_Driver\Src\stm32f4xx_hal.o
 .debug_abbrev  0x00000357      0x2c5 Drivers\STM32F4xx_HAL_Driver\Src\stm32f4xx_hal_adc.o
 .debug_abbrev  0x0000061c      0x25c Drivers\STM32F4xx_HAL_Driver\Src\stm32f4xx_hal_adc_ex.o
 .debug_abbrev  0x00000878      0x29b Drivers\STM32F4xx_HAL_Driver\Src\stm32f4xx_hal_can.o
 .debug_abbrev  0x00000b13      0x32f Drivers\STM32F4xx_HAL_Driver\Src\stm32f4xx_hal_cortex.o
 .debug_abbrev  0x00000e42      0x24f Drivers\STM32F4xx_HAL_Driver\Src\stm32f4xx_hal_dac.o
 .debug_abbrev  0x00001091      0x2dd Drivers\STM32F4xx_HAL_Driver\Src\stm32f4xx_hal_dma.o
 .debug_abbrev  0x0000136e      0x1c8 Drivers\STM32F4xx_HAL_Driver\Src\stm32f4xx_hal_gpio.o
 .debug_abbrev  0x00001536      0x31e Drivers\STM32F4xx_HAL_Driver\Src\stm32f4xx_hal_rcc.o
 .debug_abbrev  0x00001854      0x201 Drivers\STM32F4xx_HAL_Driver\Src\stm32f4xx_hal_rcc_ex.o
 .debug_abbrev  0x00001a55      0x21b Drivers\STM32F4xx_HAL_Driver\Src\stm32f4xx_hal_rtc.o
 .debug_abbrev  0x00001c70      0x337 Drivers\STM32F4xx_HAL_Driver\Src\stm32f4xx_hal_spi.o
 .debug_abbrev  0x00001fa7      0x311 Drivers\STM32F4xx_HAL_Driver\Src\stm32f4xx_hal_tim.o
 .debug_abbrev  0x000022b8      0x270 Drivers\STM32F4xx_HAL_Driver\Src\stm32f4xx_hal_tim_ex.o
 .debug_abbrev  0x00002528      0x2ec Drivers\STM32F4xx_HAL_Driver\Src\stm32f4xx_hal_uart.o
 .debug_abbrev  0x00002814      0x36c Middlewares\Third_Party\FreeRTOS\Source\CMSIS_RTOS\cmsis_os.o
 .debug_abbrev  0x00002b80       0xdc Middlewares\Third_Party\FreeRTOS\Source\list.o
 .debug_abbrev  0x00002c5c      0x21b Middlewares\Third_Party\FreeRTOS\Source\portable\GCC\ARM_CM4F\port.o
 .debug_abbrev  0x00002e77      0x230 Middlewares\Third_Party\FreeRTOS\Source\portable\MemMang\heap_4.o
 .debug_abbrev  0x000030a7      0x383 Middlewares\Third_Party\FreeRTOS\Source\tasks.o
 .debug_abbrev  0x0000342a      0x26f Src\Device\acs.o
 .debug_abbrev  0x00003699      0x1d0 Src\Peripheral\adc.o
 .debug_abbrev  0x00003869      0x1cd Src\Peripheral\can.o
 .debug_abbrev  0x00003a36      0x1bc Src\Peripheral\dac.o
 .debug_abbrev  0x00003bf2      0x168 Src\Peripheral\gpio.o
 .debug_abbrev  0x00003d5a      0x147 Src\Peripheral\rtc.o
 .debug_abbrev  0x00003ea1      0x1c8 Src\Peripheral\spi.o
 .debug_abbrev  0x00004069      0x1c5 Src\Peripheral\tim.o
 .debug_abbrev  0x0000422e      0x1ba Src\Peripheral\usart.o
 .debug_abbrev  0x000043e8      0x1a1 Src\freertos.o
 .debug_abbrev  0x00004589      0x212 Src\main.o
 .debug_abbrev  0x0000479b       0xc2 Src\stm32f4xx_hal_msp.o
 .debug_abbrev  0x0000485d      0x1cf Src\stm32f4xx_hal_timebase_TIM.o
 .debug_abbrev  0x00004a2c      0x1c1 Src\stm32f4xx_it.o

.debug_aranges  0x00000000     0x12f8
 .debug_aranges
                0x00000000       0x28 Drivers\CMSIS\Device\ST\STM32F4xx\Source\Templates\gcc\startup_stm32f417xx.o
 .debug_aranges
                0x00000028       0x28 Drivers\CMSIS\Device\ST\STM32F4xx\Source\Templates\system_stm32f4xx.o
 .debug_aranges
                0x00000050       0xb8 Drivers\STM32F4xx_HAL_Driver\Src\stm32f4xx_hal.o
 .debug_aranges
                0x00000108       0xb8 Drivers\STM32F4xx_HAL_Driver\Src\stm32f4xx_hal_adc.o
 .debug_aranges
                0x000001c0       0x90 Drivers\STM32F4xx_HAL_Driver\Src\stm32f4xx_hal_adc_ex.o
 .debug_aranges
                0x00000250       0x88 Drivers\STM32F4xx_HAL_Driver\Src\stm32f4xx_hal_can.o
 .debug_aranges
                0x000002d8       0x98 Drivers\STM32F4xx_HAL_Driver\Src\stm32f4xx_hal_cortex.o
 .debug_aranges
                0x00000370       0x98 Drivers\STM32F4xx_HAL_Driver\Src\stm32f4xx_hal_dac.o
 .debug_aranges
                0x00000408       0x80 Drivers\STM32F4xx_HAL_Driver\Src\stm32f4xx_hal_dma.o
 .debug_aranges
                0x00000488       0x58 Drivers\STM32F4xx_HAL_Driver\Src\stm32f4xx_hal_gpio.o
 .debug_aranges
                0x000004e0       0x80 Drivers\STM32F4xx_HAL_Driver\Src\stm32f4xx_hal_rcc.o
 .debug_aranges
                0x00000560       0x30 Drivers\STM32F4xx_HAL_Driver\Src\stm32f4xx_hal_rcc_ex.o
 .debug_aranges
                0x00000590       0xa8 Drivers\STM32F4xx_HAL_Driver\Src\stm32f4xx_hal_rtc.o
 .debug_aranges
                0x00000638      0x150 Drivers\STM32F4xx_HAL_Driver\Src\stm32f4xx_hal_spi.o
 .debug_aranges
                0x00000788      0x250 Drivers\STM32F4xx_HAL_Driver\Src\stm32f4xx_hal_tim.o
 .debug_aranges
                0x000009d8       0xf0 Drivers\STM32F4xx_HAL_Driver\Src\stm32f4xx_hal_tim_ex.o
 .debug_aranges
                0x00000ac8      0x120 Drivers\STM32F4xx_HAL_Driver\Src\stm32f4xx_hal_uart.o
 .debug_aranges
                0x00000be8      0x178 Middlewares\Third_Party\FreeRTOS\Source\CMSIS_RTOS\cmsis_os.o
 .debug_aranges
                0x00000d60       0x40 Middlewares\Third_Party\FreeRTOS\Source\list.o
 .debug_aranges
                0x00000da0       0x80 Middlewares\Third_Party\FreeRTOS\Source\portable\GCC\ARM_CM4F\port.o
 .debug_aranges
                0x00000e20       0x48 Middlewares\Third_Party\FreeRTOS\Source\portable\MemMang\heap_4.o
 .debug_aranges
                0x00000e68      0x190 Middlewares\Third_Party\FreeRTOS\Source\tasks.o
 .debug_aranges
                0x00000ff8       0x40 Src\Device\acs.o
 .debug_aranges
                0x00001038       0x38 Src\Peripheral\adc.o
 .debug_aranges
                0x00001070       0x30 Src\Peripheral\can.o
 .debug_aranges
                0x000010a0       0x30 Src\Peripheral\dac.o
 .debug_aranges
                0x000010d0       0x20 Src\Peripheral\gpio.o
 .debug_aranges
                0x000010f0       0x30 Src\Peripheral\rtc.o
 .debug_aranges
                0x00001120       0x30 Src\Peripheral\spi.o
 .debug_aranges
                0x00001150       0x38 Src\Peripheral\tim.o
 .debug_aranges
                0x00001188       0x38 Src\Peripheral\usart.o
 .debug_aranges
                0x000011c0       0x30 Src\freertos.o
 .debug_aranges
                0x000011f0       0x38 Src\main.o
 .debug_aranges
                0x00001228       0x20 Src\stm32f4xx_hal_msp.o
 .debug_aranges
                0x00001248       0x30 Src\stm32f4xx_hal_timebase_TIM.o
 .debug_aranges
                0x00001278       0x80 Src\stm32f4xx_it.o

.debug_ranges   0x00000000     0x1608
 .debug_ranges  0x00000000       0x20 Drivers\CMSIS\Device\ST\STM32F4xx\Source\Templates\gcc\startup_stm32f417xx.o
 .debug_ranges  0x00000020       0x18 Drivers\CMSIS\Device\ST\STM32F4xx\Source\Templates\system_stm32f4xx.o
 .debug_ranges  0x00000038       0xa8 Drivers\STM32F4xx_HAL_Driver\Src\stm32f4xx_hal.o
 .debug_ranges  0x000000e0       0xc0 Drivers\STM32F4xx_HAL_Driver\Src\stm32f4xx_hal_adc.o
 .debug_ranges  0x000001a0       0x80 Drivers\STM32F4xx_HAL_Driver\Src\stm32f4xx_hal_adc_ex.o
 .debug_ranges  0x00000220       0x78 Drivers\STM32F4xx_HAL_Driver\Src\stm32f4xx_hal_can.o
 .debug_ranges  0x00000298      0x148 Drivers\STM32F4xx_HAL_Driver\Src\stm32f4xx_hal_cortex.o
 .debug_ranges  0x000003e0       0x88 Drivers\STM32F4xx_HAL_Driver\Src\stm32f4xx_hal_dac.o
 .debug_ranges  0x00000468       0xa8 Drivers\STM32F4xx_HAL_Driver\Src\stm32f4xx_hal_dma.o
 .debug_ranges  0x00000510       0x70 Drivers\STM32F4xx_HAL_Driver\Src\stm32f4xx_hal_gpio.o
 .debug_ranges  0x00000580      0x150 Drivers\STM32F4xx_HAL_Driver\Src\stm32f4xx_hal_rcc.o
 .debug_ranges  0x000006d0       0x68 Drivers\STM32F4xx_HAL_Driver\Src\stm32f4xx_hal_rcc_ex.o
 .debug_ranges  0x00000738       0x98 Drivers\STM32F4xx_HAL_Driver\Src\stm32f4xx_hal_rtc.o
 .debug_ranges  0x000007d0      0x170 Drivers\STM32F4xx_HAL_Driver\Src\stm32f4xx_hal_spi.o
 .debug_ranges  0x00000940      0x330 Drivers\STM32F4xx_HAL_Driver\Src\stm32f4xx_hal_tim.o
 .debug_ranges  0x00000c70       0xe0 Drivers\STM32F4xx_HAL_Driver\Src\stm32f4xx_hal_tim_ex.o
 .debug_ranges  0x00000d50      0x128 Drivers\STM32F4xx_HAL_Driver\Src\stm32f4xx_hal_uart.o
 .debug_ranges  0x00000e78      0x168 Middlewares\Third_Party\FreeRTOS\Source\CMSIS_RTOS\cmsis_os.o
 .debug_ranges  0x00000fe0       0x30 Middlewares\Third_Party\FreeRTOS\Source\list.o
 .debug_ranges  0x00001010       0x70 Middlewares\Third_Party\FreeRTOS\Source\portable\GCC\ARM_CM4F\port.o
 .debug_ranges  0x00001080       0x38 Middlewares\Third_Party\FreeRTOS\Source\portable\MemMang\heap_4.o
 .debug_ranges  0x000010b8      0x200 Middlewares\Third_Party\FreeRTOS\Source\tasks.o
 .debug_ranges  0x000012b8       0x30 Src\Device\acs.o
 .debug_ranges  0x000012e8       0x48 Src\Peripheral\adc.o
 .debug_ranges  0x00001330       0x40 Src\Peripheral\can.o
 .debug_ranges  0x00001370       0x40 Src\Peripheral\dac.o
 .debug_ranges  0x000013b0       0x40 Src\Peripheral\gpio.o
 .debug_ranges  0x000013f0       0x20 Src\Peripheral\rtc.o
 .debug_ranges  0x00001410       0x40 Src\Peripheral\spi.o
 .debug_ranges  0x00001450       0x58 Src\Peripheral\tim.o
 .debug_ranges  0x000014a8       0x58 Src\Peripheral\usart.o
 .debug_ranges  0x00001500       0x20 Src\freertos.o
 .debug_ranges  0x00001520       0x28 Src\main.o
 .debug_ranges  0x00001548       0x10 Src\stm32f4xx_hal_msp.o
 .debug_ranges  0x00001558       0x40 Src\stm32f4xx_hal_timebase_TIM.o
 .debug_ranges  0x00001598       0x70 Src\stm32f4xx_it.o

.debug_loc      0x00000000     0xcd3d
 .debug_loc     0x00000000       0xd7 Drivers\CMSIS\Device\ST\STM32F4xx\Source\Templates\system_stm32f4xx.o
 .debug_loc     0x000000d7       0x92 Drivers\STM32F4xx_HAL_Driver\Src\stm32f4xx_hal.o
 .debug_loc     0x00000169      0x771 Drivers\STM32F4xx_HAL_Driver\Src\stm32f4xx_hal_adc.o
 .debug_loc     0x000008da      0x688 Drivers\STM32F4xx_HAL_Driver\Src\stm32f4xx_hal_adc_ex.o
 .debug_loc     0x00000f62      0x717 Drivers\STM32F4xx_HAL_Driver\Src\stm32f4xx_hal_can.o
 .debug_loc     0x00001679      0x4ab Drivers\STM32F4xx_HAL_Driver\Src\stm32f4xx_hal_cortex.o
 .debug_loc     0x00001b24      0x691 Drivers\STM32F4xx_HAL_Driver\Src\stm32f4xx_hal_dac.o
 .debug_loc     0x000021b5      0x757 Drivers\STM32F4xx_HAL_Driver\Src\stm32f4xx_hal_dma.o
 .debug_loc     0x0000290c      0x374 Drivers\STM32F4xx_HAL_Driver\Src\stm32f4xx_hal_gpio.o
 .debug_loc     0x00002c80      0x49b Drivers\STM32F4xx_HAL_Driver\Src\stm32f4xx_hal_rcc.o
 .debug_loc     0x0000311b      0x169 Drivers\STM32F4xx_HAL_Driver\Src\stm32f4xx_hal_rcc_ex.o
 .debug_loc     0x00003284      0x82b Drivers\STM32F4xx_HAL_Driver\Src\stm32f4xx_hal_rtc.o
 .debug_loc     0x00003aaf     0x1725 Drivers\STM32F4xx_HAL_Driver\Src\stm32f4xx_hal_spi.o
 .debug_loc     0x000051d4     0x3146 Drivers\STM32F4xx_HAL_Driver\Src\stm32f4xx_hal_tim.o
 .debug_loc     0x0000831a      0x7b9 Drivers\STM32F4xx_HAL_Driver\Src\stm32f4xx_hal_tim_ex.o
 .debug_loc     0x00008ad3     0x11a0 Drivers\STM32F4xx_HAL_Driver\Src\stm32f4xx_hal_uart.o
 .debug_loc     0x00009c73      0xf7e Middlewares\Third_Party\FreeRTOS\Source\CMSIS_RTOS\cmsis_os.o
 .debug_loc     0x0000abf1       0x94 Middlewares\Third_Party\FreeRTOS\Source\list.o
 .debug_loc     0x0000ac85       0xae Middlewares\Third_Party\FreeRTOS\Source\portable\GCC\ARM_CM4F\port.o
 .debug_loc     0x0000ad33      0x3a7 Middlewares\Third_Party\FreeRTOS\Source\portable\MemMang\heap_4.o
 .debug_loc     0x0000b0da     0x17c5 Middlewares\Third_Party\FreeRTOS\Source\tasks.o
 .debug_loc     0x0000c89f      0x146 Src\Device\acs.o
 .debug_loc     0x0000c9e5       0x4d Src\Peripheral\adc.o
 .debug_loc     0x0000ca32       0x4d Src\Peripheral\can.o
 .debug_loc     0x0000ca7f       0x4d Src\Peripheral\dac.o
 .debug_loc     0x0000cacc       0x4d Src\Peripheral\spi.o
 .debug_loc     0x0000cb19       0x71 Src\Peripheral\tim.o
 .debug_loc     0x0000cb8a       0x7f Src\Peripheral\usart.o
 .debug_loc     0x0000cc09       0x63 Src\freertos.o
 .debug_loc     0x0000cc6c       0x2c Src\main.o
 .debug_loc     0x0000cc98       0xa5 Src\stm32f4xx_hal_timebase_TIM.o

.debug_str      0x00000000     0x657e
 .debug_str     0x00000000      0x351 Drivers\CMSIS\Device\ST\STM32F4xx\Source\Templates\system_stm32f4xx.o
                                0x3b6 (size before relaxing)
 .debug_str     0x00000351      0x7d9 Drivers\STM32F4xx_HAL_Driver\Src\stm32f4xx_hal.o
                                0xaa7 (size before relaxing)
 .debug_str     0x00000b2a      0x608 Drivers\STM32F4xx_HAL_Driver\Src\stm32f4xx_hal_adc.o
                                0x8f5 (size before relaxing)
 .debug_str     0x00001132      0x315 Drivers\STM32F4xx_HAL_Driver\Src\stm32f4xx_hal_adc_ex.o
                                0x9bd (size before relaxing)
 .debug_str     0x00001447      0x3fa Drivers\STM32F4xx_HAL_Driver\Src\stm32f4xx_hal_can.o
                                0x6f1 (size before relaxing)
 .debug_str     0x00001841      0x336 Drivers\STM32F4xx_HAL_Driver\Src\stm32f4xx_hal_cortex.o
                                0xc07 (size before relaxing)
 .debug_str     0x00001b77      0x2c9 Drivers\STM32F4xx_HAL_Driver\Src\stm32f4xx_hal_dac.o
                                0x75e (size before relaxing)
 .debug_str     0x00001e40      0x2f5 Drivers\STM32F4xx_HAL_Driver\Src\stm32f4xx_hal_dma.o
                                0x79b (size before relaxing)
 .debug_str     0x00002135      0x1cc Drivers\STM32F4xx_HAL_Driver\Src\stm32f4xx_hal_gpio.o
                                0x505 (size before relaxing)
 .debug_str     0x00002301      0x2b6 Drivers\STM32F4xx_HAL_Driver\Src\stm32f4xx_hal_rcc.o
                                0x6d1 (size before relaxing)
 .debug_str     0x000025b7      0x104 Drivers\STM32F4xx_HAL_Driver\Src\stm32f4xx_hal_rcc_ex.o
                                0x465 (size before relaxing)
 .debug_str     0x000026bb      0x486 Drivers\STM32F4xx_HAL_Driver\Src\stm32f4xx_hal_rtc.o
                                0x748 (size before relaxing)
 .debug_str     0x00002b41      0x557 Drivers\STM32F4xx_HAL_Driver\Src\stm32f4xx_hal_spi.o
                                0xa4b (size before relaxing)
 .debug_str     0x00003098      0xc52 Drivers\STM32F4xx_HAL_Driver\Src\stm32f4xx_hal_tim.o
                               0x1130 (size before relaxing)
 .debug_str     0x00003cea      0x432 Drivers\STM32F4xx_HAL_Driver\Src\stm32f4xx_hal_tim_ex.o
                                0xb7f (size before relaxing)
 .debug_str     0x0000411c      0x4a1 Drivers\STM32F4xx_HAL_Driver\Src\stm32f4xx_hal_uart.o
                                0xa28 (size before relaxing)
 .debug_str     0x000045bd      0xa5f Middlewares\Third_Party\FreeRTOS\Source\CMSIS_RTOS\cmsis_os.o
                                0xcbe (size before relaxing)
 .debug_str     0x0000501c      0x14f Middlewares\Third_Party\FreeRTOS\Source\list.o
                                0x303 (size before relaxing)
 .debug_str     0x0000516b      0x21e Middlewares\Third_Party\FreeRTOS\Source\portable\GCC\ARM_CM4F\port.o
                                0x48d (size before relaxing)
 .debug_str     0x00005389      0x1e8 Middlewares\Third_Party\FreeRTOS\Source\portable\MemMang\heap_4.o
                                0x3ec (size before relaxing)
 .debug_str     0x00005571      0x9b5 Middlewares\Third_Party\FreeRTOS\Source\tasks.o
                                0xfbe (size before relaxing)
 .debug_str     0x00005f26      0x145 Src\Device\acs.o
                                0x79c (size before relaxing)
 .debug_str     0x0000606b       0x78 Src\Peripheral\adc.o
                                0xd2e (size before relaxing)
 .debug_str     0x000060e3       0x57 Src\Peripheral\can.o
                                0xb9d (size before relaxing)
 .debug_str     0x0000613a       0x50 Src\Peripheral\dac.o
                                0x789 (size before relaxing)
 .debug_str     0x0000618a       0x26 Src\Peripheral\gpio.o
                                0x8bc (size before relaxing)
 .debug_str     0x000061b0       0x50 Src\Peripheral\rtc.o
                                0x462 (size before relaxing)
 .debug_str     0x00006200       0x57 Src\Peripheral\spi.o
                                0xd45 (size before relaxing)
 .debug_str     0x00006257       0x79 Src\Peripheral\tim.o
                                0xdb8 (size before relaxing)
 .debug_str     0x000062d0       0x7f Src\Peripheral\usart.o
                                0xd41 (size before relaxing)
 .debug_str     0x0000634f       0x60 Src\freertos.o
                                0x3e8 (size before relaxing)
 .debug_str     0x000063af       0x58 Src\main.o
                               0x1159 (size before relaxing)
 .debug_str     0x00006407       0x27 Src\stm32f4xx_hal_msp.o
                                0x707 (size before relaxing)
 .debug_str     0x0000642e       0x61 Src\stm32f4xx_hal_timebase_TIM.o
                                0xd6c (size before relaxing)
 .debug_str     0x0000648f       0xef Src\stm32f4xx_it.o
                                0xe5b (size before relaxing)

.comment        0x00000000       0x7e
 .comment       0x00000000       0x7e Drivers\CMSIS\Device\ST\STM32F4xx\Source\Templates\system_stm32f4xx.o
                                 0x7f (size before relaxing)
 .comment       0x0000007e       0x7f Drivers\STM32F4xx_HAL_Driver\Src\stm32f4xx_hal.o
 .comment       0x0000007e       0x7f Drivers\STM32F4xx_HAL_Driver\Src\stm32f4xx_hal_adc.o
 .comment       0x0000007e       0x7f Drivers\STM32F4xx_HAL_Driver\Src\stm32f4xx_hal_adc_ex.o
 .comment       0x0000007e       0x7f Drivers\STM32F4xx_HAL_Driver\Src\stm32f4xx_hal_can.o
 .comment       0x0000007e       0x7f Drivers\STM32F4xx_HAL_Driver\Src\stm32f4xx_hal_cortex.o
 .comment       0x0000007e       0x7f Drivers\STM32F4xx_HAL_Driver\Src\stm32f4xx_hal_dac.o
 .comment       0x0000007e       0x7f Drivers\STM32F4xx_HAL_Driver\Src\stm32f4xx_hal_dma.o
 .comment       0x0000007e       0x7f Drivers\STM32F4xx_HAL_Driver\Src\stm32f4xx_hal_gpio.o
 .comment       0x0000007e       0x7f Drivers\STM32F4xx_HAL_Driver\Src\stm32f4xx_hal_rcc.o
 .comment       0x0000007e       0x7f Drivers\STM32F4xx_HAL_Driver\Src\stm32f4xx_hal_rcc_ex.o
 .comment       0x0000007e       0x7f Drivers\STM32F4xx_HAL_Driver\Src\stm32f4xx_hal_rtc.o
 .comment       0x0000007e       0x7f Drivers\STM32F4xx_HAL_Driver\Src\stm32f4xx_hal_spi.o
 .comment       0x0000007e       0x7f Drivers\STM32F4xx_HAL_Driver\Src\stm32f4xx_hal_tim.o
 .comment       0x0000007e       0x7f Drivers\STM32F4xx_HAL_Driver\Src\stm32f4xx_hal_tim_ex.o
 .comment       0x0000007e       0x7f Drivers\STM32F4xx_HAL_Driver\Src\stm32f4xx_hal_uart.o
 .comment       0x0000007e       0x7f Middlewares\Third_Party\FreeRTOS\Source\CMSIS_RTOS\cmsis_os.o
 .comment       0x0000007e       0x7f Middlewares\Third_Party\FreeRTOS\Source\list.o
 .comment       0x0000007e       0x7f Middlewares\Third_Party\FreeRTOS\Source\portable\GCC\ARM_CM4F\port.o
 .comment       0x0000007e       0x7f Middlewares\Third_Party\FreeRTOS\Source\portable\MemMang\heap_4.o
 .comment       0x0000007e       0x7f Middlewares\Third_Party\FreeRTOS\Source\tasks.o
 .comment       0x0000007e       0x7f Src\Device\acs.o
 .comment       0x0000007e       0x7f Src\Peripheral\adc.o
 .comment       0x0000007e       0x7f Src\Peripheral\can.o
 .comment       0x0000007e       0x7f Src\Peripheral\dac.o
 .comment       0x0000007e       0x7f Src\Peripheral\gpio.o
 .comment       0x0000007e       0x7f Src\Peripheral\rtc.o
 .comment       0x0000007e       0x7f Src\Peripheral\spi.o
 .comment       0x0000007e       0x7f Src\Peripheral\tim.o
 .comment       0x0000007e       0x7f Src\Peripheral\usart.o
 .comment       0x0000007e       0x7f Src\freertos.o
 .comment       0x0000007e       0x7f Src\main.o
 .comment       0x0000007e       0x7f Src\stm32f4xx_hal_msp.o
 .comment       0x0000007e       0x7f Src\stm32f4xx_hal_timebase_TIM.o
 .comment       0x0000007e       0x7f Src\stm32f4xx_it.o

.debug_frame    0x00000000     0x357c
 .debug_frame   0x00000000       0x30 Drivers\CMSIS\Device\ST\STM32F4xx\Source\Templates\system_stm32f4xx.o
 .debug_frame   0x00000030      0x184 Drivers\STM32F4xx_HAL_Driver\Src\stm32f4xx_hal.o
 .debug_frame   0x000001b4      0x23c Drivers\STM32F4xx_HAL_Driver\Src\stm32f4xx_hal_adc.o
 .debug_frame   0x000003f0      0x154 Drivers\STM32F4xx_HAL_Driver\Src\stm32f4xx_hal_adc_ex.o
 .debug_frame   0x00000544      0x1bc Drivers\STM32F4xx_HAL_Driver\Src\stm32f4xx_hal_can.o
 .debug_frame   0x00000700      0x130 Drivers\STM32F4xx_HAL_Driver\Src\stm32f4xx_hal_cortex.o
 .debug_frame   0x00000830      0x1d8 Drivers\STM32F4xx_HAL_Driver\Src\stm32f4xx_hal_dac.o
 .debug_frame   0x00000a08      0x150 Drivers\STM32F4xx_HAL_Driver\Src\stm32f4xx_hal_dma.o
 .debug_frame   0x00000b58       0xd4 Drivers\STM32F4xx_HAL_Driver\Src\stm32f4xx_hal_gpio.o
 .debug_frame   0x00000c2c      0x138 Drivers\STM32F4xx_HAL_Driver\Src\stm32f4xx_hal_rcc.o
 .debug_frame   0x00000d64       0x5c Drivers\STM32F4xx_HAL_Driver\Src\stm32f4xx_hal_rcc_ex.o
 .debug_frame   0x00000dc0      0x210 Drivers\STM32F4xx_HAL_Driver\Src\stm32f4xx_hal_rtc.o
 .debug_frame   0x00000fd0      0x490 Drivers\STM32F4xx_HAL_Driver\Src\stm32f4xx_hal_spi.o
 .debug_frame   0x00001460      0x854 Drivers\STM32F4xx_HAL_Driver\Src\stm32f4xx_hal_tim.o
 .debug_frame   0x00001cb4      0x334 Drivers\STM32F4xx_HAL_Driver\Src\stm32f4xx_hal_tim_ex.o
 .debug_frame   0x00001fe8      0x374 Drivers\STM32F4xx_HAL_Driver\Src\stm32f4xx_hal_uart.o
 .debug_frame   0x0000235c      0x460 Middlewares\Third_Party\FreeRTOS\Source\CMSIS_RTOS\cmsis_os.o
 .debug_frame   0x000027bc       0x6c Middlewares\Third_Party\FreeRTOS\Source\list.o
 .debug_frame   0x00002828       0xf0 Middlewares\Third_Party\FreeRTOS\Source\portable\GCC\ARM_CM4F\port.o
 .debug_frame   0x00002918       0x98 Middlewares\Third_Party\FreeRTOS\Source\portable\MemMang\heap_4.o
 .debug_frame   0x000029b0      0x55c Middlewares\Third_Party\FreeRTOS\Source\tasks.o
 .debug_frame   0x00002f0c       0x88 Src\Device\acs.o
 .debug_frame   0x00002f94       0x8c Src\Peripheral\adc.o
 .debug_frame   0x00003020       0x70 Src\Peripheral\can.o
 .debug_frame   0x00003090       0x50 Src\Peripheral\dac.o
 .debug_frame   0x000030e0       0x38 Src\Peripheral\gpio.o
 .debug_frame   0x00003118       0x50 Src\Peripheral\rtc.o
 .debug_frame   0x00003168       0x70 Src\Peripheral\spi.o
 .debug_frame   0x000031d8       0x80 Src\Peripheral\tim.o
 .debug_frame   0x00003258       0x90 Src\Peripheral\usart.o
 .debug_frame   0x000032e8       0x60 Src\freertos.o
 .debug_frame   0x00003348       0x74 Src\main.o
 .debug_frame   0x000033bc       0x2c Src\stm32f4xx_hal_msp.o
 .debug_frame   0x000033e8       0x50 Src\stm32f4xx_hal_timebase_TIM.o
 .debug_frame   0x00003438       0xf8 Src\stm32f4xx_it.o
 .debug_frame   0x00003530       0x2c d:/program files (x86)/atollic/truestudio for arm 7.0.1/armtools/bin/../lib/gcc/arm-atollic-eabi/5.3.1/../../../../arm-atollic-eabi/lib/armv7e-m/fpu\libc.a(lib_a-init.o)
 .debug_frame   0x0000355c       0x20 d:/program files (x86)/atollic/truestudio for arm 7.0.1/armtools/bin/../lib/gcc/arm-atollic-eabi/5.3.1/../../../../arm-atollic-eabi/lib/armv7e-m/fpu\libc.a(lib_a-memset.o)

Cross Reference Table

Symbol                                            File
ADC_IRQHandler                                    Src\stm32f4xx_it.o
                                                  Drivers\CMSIS\Device\ST\STM32F4xx\Source\Templates\gcc\startup_stm32f417xx.o
AHBPrescTable                                     Drivers\CMSIS\Device\ST\STM32F4xx\Source\Templates\system_stm32f4xx.o
APBAHBPrescTable                                  Drivers\STM32F4xx_HAL_Driver\Src\stm32f4xx_hal_rcc.o
AddPackage                                        Src\mlist.o
BusFault_Handler                                  Drivers\CMSIS\Device\ST\STM32F4xx\Source\Templates\gcc\startup_stm32f417xx.o
CAN1_RX0_IRQHandler                               Src\stm32f4xx_it.o
                                                  Drivers\CMSIS\Device\ST\STM32F4xx\Source\Templates\gcc\startup_stm32f417xx.o
CAN1_RX1_IRQHandler                               Drivers\CMSIS\Device\ST\STM32F4xx\Source\Templates\gcc\startup_stm32f417xx.o
CAN1_SCE_IRQHandler                               Drivers\CMSIS\Device\ST\STM32F4xx\Source\Templates\gcc\startup_stm32f417xx.o
CAN1_TX_IRQHandler                                Drivers\CMSIS\Device\ST\STM32F4xx\Source\Templates\gcc\startup_stm32f417xx.o
CAN2_RX0_IRQHandler                               Drivers\CMSIS\Device\ST\STM32F4xx\Source\Templates\gcc\startup_stm32f417xx.o
CAN2_RX1_IRQHandler                               Drivers\CMSIS\Device\ST\STM32F4xx\Source\Templates\gcc\startup_stm32f417xx.o
CAN2_SCE_IRQHandler                               Drivers\CMSIS\Device\ST\STM32F4xx\Source\Templates\gcc\startup_stm32f417xx.o
CAN2_TX_IRQHandler                                Drivers\CMSIS\Device\ST\STM32F4xx\Source\Templates\gcc\startup_stm32f417xx.o
CRYP_IRQHandler                                   Drivers\CMSIS\Device\ST\STM32F4xx\Source\Templates\gcc\startup_stm32f417xx.o
DAC_DMAConvCpltCh2                                Drivers\STM32F4xx_HAL_Driver\Src\stm32f4xx_hal_dac_ex.o
                                                  Drivers\STM32F4xx_HAL_Driver\Src\stm32f4xx_hal_dac.o
DAC_DMAErrorCh2                                   Drivers\STM32F4xx_HAL_Driver\Src\stm32f4xx_hal_dac_ex.o
                                                  Drivers\STM32F4xx_HAL_Driver\Src\stm32f4xx_hal_dac.o
DAC_DMAHalfConvCpltCh2                            Drivers\STM32F4xx_HAL_Driver\Src\stm32f4xx_hal_dac_ex.o
                                                  Drivers\STM32F4xx_HAL_Driver\Src\stm32f4xx_hal_dac.o
DCMI_IRQHandler                                   Drivers\CMSIS\Device\ST\STM32F4xx\Source\Templates\gcc\startup_stm32f417xx.o
DMA1_Stream0_IRQHandler                           Drivers\CMSIS\Device\ST\STM32F4xx\Source\Templates\gcc\startup_stm32f417xx.o
DMA1_Stream1_IRQHandler                           Drivers\CMSIS\Device\ST\STM32F4xx\Source\Templates\gcc\startup_stm32f417xx.o
DMA1_Stream2_IRQHandler                           Drivers\CMSIS\Device\ST\STM32F4xx\Source\Templates\gcc\startup_stm32f417xx.o
DMA1_Stream3_IRQHandler                           Drivers\CMSIS\Device\ST\STM32F4xx\Source\Templates\gcc\startup_stm32f417xx.o
DMA1_Stream4_IRQHandler                           Drivers\CMSIS\Device\ST\STM32F4xx\Source\Templates\gcc\startup_stm32f417xx.o
DMA1_Stream5_IRQHandler                           Drivers\CMSIS\Device\ST\STM32F4xx\Source\Templates\gcc\startup_stm32f417xx.o
DMA1_Stream6_IRQHandler                           Drivers\CMSIS\Device\ST\STM32F4xx\Source\Templates\gcc\startup_stm32f417xx.o
DMA1_Stream7_IRQHandler                           Drivers\CMSIS\Device\ST\STM32F4xx\Source\Templates\gcc\startup_stm32f417xx.o
DMA2_Stream0_IRQHandler                           Drivers\CMSIS\Device\ST\STM32F4xx\Source\Templates\gcc\startup_stm32f417xx.o
DMA2_Stream1_IRQHandler                           Drivers\CMSIS\Device\ST\STM32F4xx\Source\Templates\gcc\startup_stm32f417xx.o
DMA2_Stream2_IRQHandler                           Drivers\CMSIS\Device\ST\STM32F4xx\Source\Templates\gcc\startup_stm32f417xx.o
DMA2_Stream3_IRQHandler                           Drivers\CMSIS\Device\ST\STM32F4xx\Source\Templates\gcc\startup_stm32f417xx.o
DMA2_Stream4_IRQHandler                           Drivers\CMSIS\Device\ST\STM32F4xx\Source\Templates\gcc\startup_stm32f417xx.o
DMA2_Stream5_IRQHandler                           Drivers\CMSIS\Device\ST\STM32F4xx\Source\Templates\gcc\startup_stm32f417xx.o
DMA2_Stream6_IRQHandler                           Drivers\CMSIS\Device\ST\STM32F4xx\Source\Templates\gcc\startup_stm32f417xx.o
DMA2_Stream7_IRQHandler                           Drivers\CMSIS\Device\ST\STM32F4xx\Source\Templates\gcc\startup_stm32f417xx.o
DebugMon_Handler                                  Drivers\CMSIS\Device\ST\STM32F4xx\Source\Templates\gcc\startup_stm32f417xx.o
Default_Handler                                   Drivers\CMSIS\Device\ST\STM32F4xx\Source\Templates\gcc\startup_stm32f417xx.o
ETH_IRQHandler                                    Drivers\CMSIS\Device\ST\STM32F4xx\Source\Templates\gcc\startup_stm32f417xx.o
ETH_WKUP_IRQHandler                               Drivers\CMSIS\Device\ST\STM32F4xx\Source\Templates\gcc\startup_stm32f417xx.o
EXTI0_IRQHandler                                  Src\stm32f4xx_it.o
                                                  Drivers\CMSIS\Device\ST\STM32F4xx\Source\Templates\gcc\startup_stm32f417xx.o
EXTI15_10_IRQHandler                              Src\stm32f4xx_it.o
                                                  Drivers\CMSIS\Device\ST\STM32F4xx\Source\Templates\gcc\startup_stm32f417xx.o
EXTI1_IRQHandler                                  Drivers\CMSIS\Device\ST\STM32F4xx\Source\Templates\gcc\startup_stm32f417xx.o
EXTI2_IRQHandler                                  Drivers\CMSIS\Device\ST\STM32F4xx\Source\Templates\gcc\startup_stm32f417xx.o
EXTI3_IRQHandler                                  Src\stm32f4xx_it.o
                                                  Drivers\CMSIS\Device\ST\STM32F4xx\Source\Templates\gcc\startup_stm32f417xx.o
EXTI4_IRQHandler                                  Src\stm32f4xx_it.o
                                                  Drivers\CMSIS\Device\ST\STM32F4xx\Source\Templates\gcc\startup_stm32f417xx.o
EXTI9_5_IRQHandler                                Drivers\CMSIS\Device\ST\STM32F4xx\Source\Templates\gcc\startup_stm32f417xx.o
Error_Handler                                     Src\main.o
                                                  Src\Peripheral\wwdg.o
                                                  Src\Peripheral\usart.o
                                                  Src\Peripheral\tim.o
                                                  Src\Peripheral\spi.o
                                                  Src\Peripheral\rtc.o
                                                  Src\Peripheral\dac.o
                                                  Src\Peripheral\can.o
                                                  Src\Peripheral\adc.o
FLASH_Erase_Sector                                Drivers\STM32F4xx_HAL_Driver\Src\stm32f4xx_hal_flash_ex.o
                                                  Drivers\STM32F4xx_HAL_Driver\Src\stm32f4xx_hal_flash.o
FLASH_FlushCaches                                 Drivers\STM32F4xx_HAL_Driver\Src\stm32f4xx_hal_flash_ex.o
                                                  Drivers\STM32F4xx_HAL_Driver\Src\stm32f4xx_hal_flash.o
FLASH_IRQHandler                                  Drivers\CMSIS\Device\ST\STM32F4xx\Source\Templates\gcc\startup_stm32f417xx.o
FLASH_WaitForLastOperation                        Drivers\STM32F4xx_HAL_Driver\Src\stm32f4xx_hal_flash.o
                                                  Drivers\STM32F4xx_HAL_Driver\Src\stm32f4xx_hal_flash_ex.o
FPU_IRQHandler                                    Drivers\CMSIS\Device\ST\STM32F4xx\Source\Templates\gcc\startup_stm32f417xx.o
FSMC_IRQHandler                                   Drivers\CMSIS\Device\ST\STM32F4xx\Source\Templates\gcc\startup_stm32f417xx.o
GoToNodeValue                                     Src\mlist.o
HAL_ADCEx_InjectedConfigChannel                   Drivers\STM32F4xx_HAL_Driver\Src\stm32f4xx_hal_adc_ex.o
HAL_ADCEx_InjectedConvCpltCallback                Drivers\STM32F4xx_HAL_Driver\Src\stm32f4xx_hal_adc_ex.o
                                                  Drivers\STM32F4xx_HAL_Driver\Src\stm32f4xx_hal_adc.o
HAL_ADCEx_InjectedGetValue                        Drivers\STM32F4xx_HAL_Driver\Src\stm32f4xx_hal_adc_ex.o
HAL_ADCEx_InjectedPollForConversion               Drivers\STM32F4xx_HAL_Driver\Src\stm32f4xx_hal_adc_ex.o
HAL_ADCEx_InjectedStart                           Drivers\STM32F4xx_HAL_Driver\Src\stm32f4xx_hal_adc_ex.o
HAL_ADCEx_InjectedStart_IT                        Drivers\STM32F4xx_HAL_Driver\Src\stm32f4xx_hal_adc_ex.o
HAL_ADCEx_InjectedStop                            Drivers\STM32F4xx_HAL_Driver\Src\stm32f4xx_hal_adc_ex.o
HAL_ADCEx_InjectedStop_IT                         Drivers\STM32F4xx_HAL_Driver\Src\stm32f4xx_hal_adc_ex.o
HAL_ADCEx_MultiModeConfigChannel                  Drivers\STM32F4xx_HAL_Driver\Src\stm32f4xx_hal_adc_ex.o
HAL_ADCEx_MultiModeGetValue                       Drivers\STM32F4xx_HAL_Driver\Src\stm32f4xx_hal_adc_ex.o
HAL_ADCEx_MultiModeStart_DMA                      Drivers\STM32F4xx_HAL_Driver\Src\stm32f4xx_hal_adc_ex.o
HAL_ADCEx_MultiModeStop_DMA                       Drivers\STM32F4xx_HAL_Driver\Src\stm32f4xx_hal_adc_ex.o
HAL_ADC_AnalogWDGConfig                           Drivers\STM32F4xx_HAL_Driver\Src\stm32f4xx_hal_adc.o
HAL_ADC_ConfigChannel                             Drivers\STM32F4xx_HAL_Driver\Src\stm32f4xx_hal_adc.o
                                                  Src\Peripheral\adc.o
HAL_ADC_ConvCpltCallback                          Src\Device\acs.o
                                                  Drivers\STM32F4xx_HAL_Driver\Src\stm32f4xx_hal_adc.o
                                                  Drivers\STM32F4xx_HAL_Driver\Src\stm32f4xx_hal_adc_ex.o
HAL_ADC_ConvHalfCpltCallback                      Drivers\STM32F4xx_HAL_Driver\Src\stm32f4xx_hal_adc.o
                                                  Drivers\STM32F4xx_HAL_Driver\Src\stm32f4xx_hal_adc_ex.o
HAL_ADC_DeInit                                    Drivers\STM32F4xx_HAL_Driver\Src\stm32f4xx_hal_adc.o
HAL_ADC_ErrorCallback                             Drivers\STM32F4xx_HAL_Driver\Src\stm32f4xx_hal_adc.o
                                                  Drivers\STM32F4xx_HAL_Driver\Src\stm32f4xx_hal_adc_ex.o
HAL_ADC_GetError                                  Drivers\STM32F4xx_HAL_Driver\Src\stm32f4xx_hal_adc.o
HAL_ADC_GetState                                  Drivers\STM32F4xx_HAL_Driver\Src\stm32f4xx_hal_adc.o
HAL_ADC_GetValue                                  Drivers\STM32F4xx_HAL_Driver\Src\stm32f4xx_hal_adc.o
                                                  Src\Device\acs.o
HAL_ADC_IRQHandler                                Drivers\STM32F4xx_HAL_Driver\Src\stm32f4xx_hal_adc.o
                                                  Src\stm32f4xx_it.o
HAL_ADC_Init                                      Drivers\STM32F4xx_HAL_Driver\Src\stm32f4xx_hal_adc.o
                                                  Src\Peripheral\adc.o
HAL_ADC_LevelOutOfWindowCallback                  Drivers\STM32F4xx_HAL_Driver\Src\stm32f4xx_hal_adc.o
HAL_ADC_MspDeInit                                 Src\Peripheral\adc.o
                                                  Drivers\STM32F4xx_HAL_Driver\Src\stm32f4xx_hal_adc.o
HAL_ADC_MspInit                                   Src\Peripheral\adc.o
                                                  Drivers\STM32F4xx_HAL_Driver\Src\stm32f4xx_hal_adc.o
HAL_ADC_PollForConversion                         Drivers\STM32F4xx_HAL_Driver\Src\stm32f4xx_hal_adc.o
HAL_ADC_PollForEvent                              Drivers\STM32F4xx_HAL_Driver\Src\stm32f4xx_hal_adc.o
HAL_ADC_Start                                     Drivers\STM32F4xx_HAL_Driver\Src\stm32f4xx_hal_adc.o
                                                  Src\main.o
HAL_ADC_Start_DMA                                 Drivers\STM32F4xx_HAL_Driver\Src\stm32f4xx_hal_adc.o
HAL_ADC_Start_IT                                  Drivers\STM32F4xx_HAL_Driver\Src\stm32f4xx_hal_adc.o
HAL_ADC_Stop                                      Drivers\STM32F4xx_HAL_Driver\Src\stm32f4xx_hal_adc.o
HAL_ADC_Stop_DMA                                  Drivers\STM32F4xx_HAL_Driver\Src\stm32f4xx_hal_adc.o
HAL_ADC_Stop_IT                                   Drivers\STM32F4xx_HAL_Driver\Src\stm32f4xx_hal_adc.o
HAL_CAN_ConfigFilter                              Drivers\STM32F4xx_HAL_Driver\Src\stm32f4xx_hal_can.o
HAL_CAN_DeInit                                    Drivers\STM32F4xx_HAL_Driver\Src\stm32f4xx_hal_can.o
HAL_CAN_ErrorCallback                             Drivers\STM32F4xx_HAL_Driver\Src\stm32f4xx_hal_can.o
HAL_CAN_GetError                                  Drivers\STM32F4xx_HAL_Driver\Src\stm32f4xx_hal_can.o
HAL_CAN_GetState                                  Drivers\STM32F4xx_HAL_Driver\Src\stm32f4xx_hal_can.o
HAL_CAN_IRQHandler                                Drivers\STM32F4xx_HAL_Driver\Src\stm32f4xx_hal_can.o
                                                  Src\stm32f4xx_it.o
HAL_CAN_Init                                      Drivers\STM32F4xx_HAL_Driver\Src\stm32f4xx_hal_can.o
                                                  Src\Peripheral\can.o
HAL_CAN_MspDeInit                                 Src\Peripheral\can.o
                                                  Drivers\STM32F4xx_HAL_Driver\Src\stm32f4xx_hal_can.o
HAL_CAN_MspInit                                   Src\Peripheral\can.o
                                                  Drivers\STM32F4xx_HAL_Driver\Src\stm32f4xx_hal_can.o
HAL_CAN_Receive                                   Drivers\STM32F4xx_HAL_Driver\Src\stm32f4xx_hal_can.o
HAL_CAN_Receive_IT                                Drivers\STM32F4xx_HAL_Driver\Src\stm32f4xx_hal_can.o
HAL_CAN_RxCpltCallback                            Drivers\STM32F4xx_HAL_Driver\Src\stm32f4xx_hal_can.o
HAL_CAN_Sleep                                     Drivers\STM32F4xx_HAL_Driver\Src\stm32f4xx_hal_can.o
HAL_CAN_Transmit                                  Drivers\STM32F4xx_HAL_Driver\Src\stm32f4xx_hal_can.o
HAL_CAN_Transmit_IT                               Drivers\STM32F4xx_HAL_Driver\Src\stm32f4xx_hal_can.o
HAL_CAN_TxCpltCallback                            Drivers\STM32F4xx_HAL_Driver\Src\stm32f4xx_hal_can.o
HAL_CAN_WakeUp                                    Drivers\STM32F4xx_HAL_Driver\Src\stm32f4xx_hal_can.o
HAL_DACEx_ConvCpltCallbackCh2                     Drivers\STM32F4xx_HAL_Driver\Src\stm32f4xx_hal_dac_ex.o
HAL_DACEx_ConvHalfCpltCallbackCh2                 Drivers\STM32F4xx_HAL_Driver\Src\stm32f4xx_hal_dac_ex.o
HAL_DACEx_DMAUnderrunCallbackCh2                  Drivers\STM32F4xx_HAL_Driver\Src\stm32f4xx_hal_dac_ex.o
                                                  Drivers\STM32F4xx_HAL_Driver\Src\stm32f4xx_hal_dac.o
HAL_DACEx_DualGetValue                            Drivers\STM32F4xx_HAL_Driver\Src\stm32f4xx_hal_dac_ex.o
HAL_DACEx_DualSetValue                            Drivers\STM32F4xx_HAL_Driver\Src\stm32f4xx_hal_dac_ex.o
HAL_DACEx_ErrorCallbackCh2                        Drivers\STM32F4xx_HAL_Driver\Src\stm32f4xx_hal_dac_ex.o