Archive member included to satisfy reference by file (symbol)

c:/program files (x86)/atollic/truestudio for arm 6.0.0/armtools/bin/../lib/gcc/arm-atollic-eabi/5.3.1/../../../../arm-atollic-eabi/lib/armv7e-m/fpu\libc.a(lib_a-init.o)
                              Drivers\CMSIS\Device\ST\STM32F4xx\Source\Templates\gcc\startup_stm32f417xx.o (__libc_init_array)
c:/program files (x86)/atollic/truestudio for arm 6.0.0/armtools/bin/../lib/gcc/arm-atollic-eabi/5.3.1/../../../../arm-atollic-eabi/lib/armv7e-m/fpu\libc.a(lib_a-memcpy-stub.o)
                              Middlewares\Third_Party\FreeRTOS\Source\queue.o (memcpy)
c:/program files (x86)/atollic/truestudio for arm 6.0.0/armtools/bin/../lib/gcc/arm-atollic-eabi/5.3.1/../../../../arm-atollic-eabi/lib/armv7e-m/fpu\libc.a(lib_a-memset.o)
                              Middlewares\Third_Party\FreeRTOS\Source\tasks.o (memset)

Allocating common symbols
Common symbol       size              file

defaultTaskHandle   0x4               Src\main.o
huart3              0x40              Src\main.o
uwTick              0x4               Drivers\STM32F4xx_HAL_Driver\Src\stm32f4xx_hal.o
xQueueRegistry      0x40              Middlewares\Third_Party\FreeRTOS\Source\queue.o
pFlash              0x20              Drivers\STM32F4xx_HAL_Driver\Src\stm32f4xx_hal_flash.o
hadc1               0x48              Src\main.o
hadc3               0x48              Src\main.o
huart1              0x40              Src\main.o
hdac                0x14              Src\main.o
hrtc                0x20              Src\main.o
htim1               0x3c              Src\stm32f4xx_hal_timebase_TIM.o
hwwdg               0x14              Src\main.o
hspi1               0x58              Src\main.o
hcan1               0x40              Src\main.o

Discarded input sections

 .text          0x00000000        0x0 c:/program files (x86)/atollic/truestudio for arm 6.0.0/armtools/bin/../lib/gcc/arm-atollic-eabi/5.3.1/armv7e-m/fpu/crti.o
 .data          0x00000000        0x0 c:/program files (x86)/atollic/truestudio for arm 6.0.0/armtools/bin/../lib/gcc/arm-atollic-eabi/5.3.1/armv7e-m/fpu/crti.o
 .bss           0x00000000        0x0 c:/program files (x86)/atollic/truestudio for arm 6.0.0/armtools/bin/../lib/gcc/arm-atollic-eabi/5.3.1/armv7e-m/fpu/crti.o
 .data          0x00000000        0x4 c:/program files (x86)/atollic/truestudio for arm 6.0.0/armtools/bin/../lib/gcc/arm-atollic-eabi/5.3.1/armv7e-m/fpu/crtbegin.o
 .text          0x00000000       0x14 Drivers\CMSIS\Device\ST\STM32F4xx\Source\Templates\gcc\startup_stm32f417xx.o
 .data          0x00000000        0x0 Drivers\CMSIS\Device\ST\STM32F4xx\Source\Templates\gcc\startup_stm32f417xx.o
 .bss           0x00000000        0x0 Drivers\CMSIS\Device\ST\STM32F4xx\Source\Templates\gcc\startup_stm32f417xx.o
 .text          0x00000000        0x0 Drivers\CMSIS\Device\ST\STM32F4xx\Source\Templates\system_stm32f4xx.o
 .data          0x00000000        0x0 Drivers\CMSIS\Device\ST\STM32F4xx\Source\Templates\system_stm32f4xx.o
 .bss           0x00000000        0x0 Drivers\CMSIS\Device\ST\STM32F4xx\Source\Templates\system_stm32f4xx.o
 .text.SystemCoreClockUpdate
                0x00000000       0x74 Drivers\CMSIS\Device\ST\STM32F4xx\Source\Templates\system_stm32f4xx.o
 .rodata.AHBPrescTable
                0x00000000       0x10 Drivers\CMSIS\Device\ST\STM32F4xx\Source\Templates\system_stm32f4xx.o
 .text          0x00000000        0x0 Drivers\STM32F4xx_HAL_Driver\Src\stm32f4xx_hal.o
 .data          0x00000000        0x0 Drivers\STM32F4xx_HAL_Driver\Src\stm32f4xx_hal.o
 .bss           0x00000000        0x0 Drivers\STM32F4xx_HAL_Driver\Src\stm32f4xx_hal.o
 .text.HAL_MspInit
                0x00000000        0x2 Drivers\STM32F4xx_HAL_Driver\Src\stm32f4xx_hal.o
 .text.HAL_MspDeInit
                0x00000000        0x2 Drivers\STM32F4xx_HAL_Driver\Src\stm32f4xx_hal.o
 .text.HAL_DeInit
                0x00000000       0x2c Drivers\STM32F4xx_HAL_Driver\Src\stm32f4xx_hal.o
 .text.HAL_InitTick
                0x00000000       0x28 Drivers\STM32F4xx_HAL_Driver\Src\stm32f4xx_hal.o
 .text.HAL_Delay
                0x00000000       0x1a Drivers\STM32F4xx_HAL_Driver\Src\stm32f4xx_hal.o
 .text.HAL_SuspendTick
                0x00000000       0x10 Drivers\STM32F4xx_HAL_Driver\Src\stm32f4xx_hal.o
 .text.HAL_ResumeTick
                0x00000000       0x10 Drivers\STM32F4xx_HAL_Driver\Src\stm32f4xx_hal.o
 .text.HAL_GetHalVersion
                0x00000000        0x8 Drivers\STM32F4xx_HAL_Driver\Src\stm32f4xx_hal.o
 .text.HAL_GetREVID
                0x00000000        0xc Drivers\STM32F4xx_HAL_Driver\Src\stm32f4xx_hal.o
 .text.HAL_GetDEVID
                0x00000000       0x10 Drivers\STM32F4xx_HAL_Driver\Src\stm32f4xx_hal.o
 .text.HAL_DBGMCU_EnableDBGSleepMode
                0x00000000       0x10 Drivers\STM32F4xx_HAL_Driver\Src\stm32f4xx_hal.o
 .text.HAL_DBGMCU_DisableDBGSleepMode
                0x00000000       0x10 Drivers\STM32F4xx_HAL_Driver\Src\stm32f4xx_hal.o
[...]
Memory Configuration

Name             Origin             Length             Attributes
RAM              0x20000000         0x00020000         xrw
CCMRAM           0x10000000         0x00010000         rw
FLASH            0x08000000         0x00100000         xr
*default*        0x00000000         0xffffffff

Linker script and memory map

LOAD c:/program files (x86)/atollic/truestudio for arm 6.0.0/armtools/bin/../lib/gcc/arm-atollic-eabi/5.3.1/armv7e-m/fpu/crti.o
LOAD c:/program files (x86)/atollic/truestudio for arm 6.0.0/armtools/bin/../lib/gcc/arm-atollic-eabi/5.3.1/armv7e-m/fpu/crtbegin.o
LOAD Drivers\CMSIS\Device\ST\STM32F4xx\Source\Templates\gcc\startup_stm32f417xx.o
LOAD Drivers\CMSIS\Device\ST\STM32F4xx\Source\Templates\system_stm32f4xx.o
LOAD Drivers\STM32F4xx_HAL_Driver\Src\stm32f4xx_hal.o
LOAD Drivers\STM32F4xx_HAL_Driver\Src\stm32f4xx_hal_adc.o
LOAD Drivers\STM32F4xx_HAL_Driver\Src\stm32f4xx_hal_adc_ex.o
LOAD Drivers\STM32F4xx_HAL_Driver\Src\stm32f4xx_hal_can.o
LOAD Drivers\STM32F4xx_HAL_Driver\Src\stm32f4xx_hal_cortex.o
LOAD Drivers\STM32F4xx_HAL_Driver\Src\stm32f4xx_hal_dac.o
LOAD Drivers\STM32F4xx_HAL_Driver\Src\stm32f4xx_hal_dac_ex.o
LOAD Drivers\STM32F4xx_HAL_Driver\Src\stm32f4xx_hal_dma.o
LOAD Drivers\STM32F4xx_HAL_Driver\Src\stm32f4xx_hal_dma_ex.o
LOAD Drivers\STM32F4xx_HAL_Driver\Src\stm32f4xx_hal_flash.o
LOAD Drivers\STM32F4xx_HAL_Driver\Src\stm32f4xx_hal_flash_ex.o
LOAD Drivers\STM32F4xx_HAL_Driver\Src\stm32f4xx_hal_flash_ramfunc.o
LOAD Drivers\STM32F4xx_HAL_Driver\Src\stm32f4xx_hal_gpio.o
LOAD Drivers\STM32F4xx_HAL_Driver\Src\stm32f4xx_hal_pwr.o
LOAD Drivers\STM32F4xx_HAL_Driver\Src\stm32f4xx_hal_pwr_ex.o
LOAD Drivers\STM32F4xx_HAL_Driver\Src\stm32f4xx_hal_rcc.o
LOAD Drivers\STM32F4xx_HAL_Driver\Src\stm32f4xx_hal_rcc_ex.o
LOAD Drivers\STM32F4xx_HAL_Driver\Src\stm32f4xx_hal_rtc.o
LOAD Drivers\STM32F4xx_HAL_Driver\Src\stm32f4xx_hal_rtc_ex.o
LOAD Drivers\STM32F4xx_HAL_Driver\Src\stm32f4xx_hal_spi.o
LOAD Drivers\STM32F4xx_HAL_Driver\Src\stm32f4xx_hal_tim.o
LOAD Drivers\STM32F4xx_HAL_Driver\Src\stm32f4xx_hal_tim_ex.o
LOAD Drivers\STM32F4xx_HAL_Driver\Src\stm32f4xx_hal_uart.o
LOAD Drivers\STM32F4xx_HAL_Driver\Src\stm32f4xx_hal_wwdg.o
LOAD Middlewares\Third_Party\FreeRTOS\Source\CMSIS_RTOS\cmsis_os.o
LOAD Middlewares\Third_Party\FreeRTOS\Source\croutine.o
LOAD Middlewares\Third_Party\FreeRTOS\Source\event_groups.o
LOAD Middlewares\Third_Party\FreeRTOS\Source\list.o
LOAD Middlewares\Third_Party\FreeRTOS\Source\portable\GCC\ARM_CM4F\port.o
LOAD Middlewares\Third_Party\FreeRTOS\Source\portable\MemMang\heap_4.o
LOAD Middlewares\Third_Party\FreeRTOS\Source\queue.o
LOAD Middlewares\Third_Party\FreeRTOS\Source\tasks.o
LOAD Middlewares\Third_Party\FreeRTOS\Source\timers.o
LOAD Src\freertos.o
LOAD Src\main.o
LOAD Src\stm32f4xx_hal_msp.o
LOAD Src\stm32f4xx_hal_timebase_TIM.o
LOAD Src\stm32f4xx_it.o
START GROUP
LOAD c:/program files (x86)/atollic/truestudio for arm 6.0.0/armtools/bin/../lib/gcc/arm-atollic-eabi/5.3.1/../../../../arm-atollic-eabi/lib/armv7e-m/fpu\libc.a
LOAD c:/program files (x86)/atollic/truestudio for arm 6.0.0/armtools/bin/../lib/gcc/arm-atollic-eabi/5.3.1/../../../../arm-atollic-eabi/lib/armv7e-m/fpu\libm.a
END GROUP
                0x00000080                malloc_getpagesize_P = 0x80
START GROUP
LOAD c:/program files (x86)/atollic/truestudio for arm 6.0.0/armtools/bin/../lib/gcc/arm-atollic-eabi/5.3.1/armv7e-m/fpu\libgcc.a
LOAD c:/program files (x86)/atollic/truestudio for arm 6.0.0/armtools/bin/../lib/gcc/arm-atollic-eabi/5.3.1/../../../../arm-atollic-eabi/lib/armv7e-m/fpu\libc.a
END GROUP
START GROUP
LOAD c:/program files (x86)/atollic/truestudio for arm 6.0.0/armtools/bin/../lib/gcc/arm-atollic-eabi/5.3.1/armv7e-m/fpu\libgcc.a
LOAD c:/program files (x86)/atollic/truestudio for arm 6.0.0/armtools/bin/../lib/gcc/arm-atollic-eabi/5.3.1/../../../../arm-atollic-eabi/lib/armv7e-m/fpu\libc.a
LOAD c:/program files (x86)/atollic/truestudio for arm 6.0.0/armtools/bin/../lib/gcc/arm-atollic-eabi/5.3.1/../../../../arm-atollic-eabi/lib/armv7e-m/fpu\libnosys.a
END GROUP
LOAD c:/program files (x86)/atollic/truestudio for arm 6.0.0/armtools/bin/../lib/gcc/arm-atollic-eabi/5.3.1/armv7e-m/fpu/crtend.o
LOAD c:/program files (x86)/atollic/truestudio for arm 6.0.0/armtools/bin/../lib/gcc/arm-atollic-eabi/5.3.1/armv7e-m/fpu/crtn.o
                0x20020000                _estack = 0x20020000
                0x00000200                _Min_Heap_Size = 0x200
                0x00000400                _Min_Stack_Size = 0x400

.isr_vector     0x08000000      0x188
                0x08000000                . = ALIGN (0x4)
 *(.isr_vector)
 .isr_vector    0x08000000      0x188 Drivers\CMSIS\Device\ST\STM32F4xx\Source\Templates\gcc\startup_stm32f417xx.o
                0x08000000                g_pfnVectors
                0x08000188                . = ALIGN (0x4)

.text           0x08000188     0x2f80
                0x08000188                . = ALIGN (0x4)
 *(.text)
 .text          0x08000188       0x40 c:/program files (x86)/atollic/truestudio for arm 6.0.0/armtools/bin/../lib/gcc/arm-atollic-eabi/5.3.1/armv7e-m/fpu/crtbegin.o
 *(.text*)
 .text.Reset_Handler
                0x080001c8       0x50 Drivers\CMSIS\Device\ST\STM32F4xx\Source\Templates\gcc\startup_stm32f417xx.o
                0x080001c8                Reset_Handler
 .text.Default_Handler
                0x08000218        0x2 Drivers\CMSIS\Device\ST\STM32F4xx\Source\Templates\gcc\startup_stm32f417xx.o
                0x08000218                RTC_Alarm_IRQHandler
                0x08000218                HASH_RNG_IRQHandler
                0x08000218                EXTI2_IRQHandler
                0x08000218                TIM8_CC_IRQHandler
                0x08000218                DebugMon_Handler
                0x08000218                TIM1_CC_IRQHandler
                0x08000218                DMA2_Stream5_IRQHandler
                0x08000218                HardFault_Handler
                0x08000218                DMA1_Stream5_IRQHandler
                0x08000218                PVD_IRQHandler
                0x08000218                SDIO_IRQHandler
                0x08000218                TAMP_STAMP_IRQHandler
                0x08000218                NMI_Handler
                0x08000218                CAN2_RX1_IRQHandler
                0x08000218                TIM8_TRG_COM_TIM14_IRQHandler
                0x08000218                TIM8_UP_TIM13_IRQHandler
                0x08000218                I2C3_ER_IRQHandler
                0x08000218                I2C2_EV_IRQHandler
                0x08000218                DMA1_Stream2_IRQHandler
                0x08000218                FPU_IRQHandler
                0x08000218                OTG_HS_WKUP_IRQHandler
                0x08000218                UsageFault_Handler
                0x08000218                CAN2_SCE_IRQHandler
                0x08000218                DMA2_Stream2_IRQHandler
                0x08000218                TIM6_DAC_IRQHandler
                0x08000218                TIM1_BRK_TIM9_IRQHandler
                0x08000218                DCMI_IRQHandler
                0x08000218                CAN2_RX0_IRQHandler
                0x08000218                DMA2_Stream3_IRQHandler
                0x08000218                USART6_IRQHandler
                0x08000218                CRYP_IRQHandler
                0x08000218                CAN1_RX1_IRQHandler
                0x08000218                UART5_IRQHandler
                0x08000218                DMA2_Stream0_IRQHandler
                0x08000218                TIM4_IRQHandler
                0x08000218                I2C1_EV_IRQHandler
                0x08000218                DMA1_Stream6_IRQHandler
                0x08000218                DMA1_Stream1_IRQHandler
                0x08000218                UART4_IRQHandler
                0x08000218                TIM3_IRQHandler
                0x08000218                RCC_IRQHandler
                0x08000218                TIM8_BRK_TIM12_IRQHandler
                0x08000218                Default_Handler
                0x08000218                ADC_IRQHandler
                0x08000218                DMA1_Stream7_IRQHandler
                0x08000218                TIM7_IRQHandler
                0x08000218                CAN2_TX_IRQHandler
                0x08000218                TIM5_IRQHandler
                0x08000218                DMA2_Stream7_IRQHandler
                0x08000218                I2C3_EV_IRQHandler
                0x08000218                EXTI9_5_IRQHandler
                0x08000218                RTC_WKUP_IRQHandler
                0x08000218                ETH_WKUP_IRQHandler
                0x08000218                SPI2_IRQHandler
                0x08000218                OTG_HS_EP1_IN_IRQHandler
                0x08000218                MemManage_Handler
                0x08000218                DMA1_Stream0_IRQHandler
                0x08000218                CAN1_TX_IRQHandler
                0x08000218                FSMC_IRQHandler
                0x08000218                ETH_IRQHandler
                0x08000218                OTG_HS_EP1_OUT_IRQHandler
                0x08000218                WWDG_IRQHandler
                0x08000218                TIM2_IRQHandler
                0x08000218                OTG_FS_WKUP_IRQHandler
                0x08000218                TIM1_TRG_COM_TIM11_IRQHandler
                0x08000218                OTG_HS_IRQHandler
                0x08000218                EXTI1_IRQHandler
                0x08000218                USART2_IRQHandler
                0x08000218                I2C2_ER_IRQHandler
                0x08000218                DMA2_Stream1_IRQHandler
                0x08000218                CAN1_SCE_IRQHandler
                0x08000218                FLASH_IRQHandler
                0x08000218                DMA2_Stream4_IRQHandler
                0x08000218                BusFault_Handler
                0x08000218                OTG_FS_IRQHandler
                0x08000218                SPI3_IRQHandler
                0x08000218                DMA1_Stream4_IRQHandler
                0x08000218                I2C1_ER_IRQHandler
                0x08000218                DMA2_Stream6_IRQHandler
                0x08000218                DMA1_Stream3_IRQHandler
 *fill*         0x0800021a        0x2 
 .text.SystemInit
                0x0800021c       0x4c Drivers\CMSIS\Device\ST\STM32F4xx\Source\Templates\system_stm32f4xx.o
                0x0800021c                SystemInit
 .text.HAL_Init
                0x08000268       0x34 Drivers\STM32F4xx_HAL_Driver\Src\stm32f4xx_hal.o
                0x08000268                HAL_Init
 .text.HAL_IncTick
                0x0800029c       0x10 Drivers\STM32F4xx_HAL_Driver\Src\stm32f4xx_hal.o
                0x0800029c                HAL_IncTick
 .text.HAL_GetTick
                0x080002ac        0xc Drivers\STM32F4xx_HAL_Driver\Src\stm32f4xx_hal.o
                0x080002ac                HAL_GetTick
 .text.HAL_ADC_Init
                0x080002b8      0x154 Drivers\STM32F4xx_HAL_Driver\Src\stm32f4xx_hal_adc.o
                0x080002b8                HAL_ADC_Init
 .text.HAL_ADC_ConfigChannel
                0x0800040c      0x12c Drivers\STM32F4xx_HAL_Driver\Src\stm32f4xx_hal_adc.o
                0x0800040c                HAL_ADC_ConfigChannel
 .text.HAL_CAN_Init
                0x08000538      0x12c Drivers\STM32F4xx_HAL_Driver\Src\stm32f4xx_hal_can.o
                0x08000538                HAL_CAN_Init
 .text.HAL_CAN_TxCpltCallback
                0x08000664        0x2 Drivers\STM32F4xx_HAL_Driver\Src\stm32f4xx_hal_can.o
                0x08000664                HAL_CAN_TxCpltCallback
 .text.HAL_CAN_RxCpltCallback
                0x08000666        0x2 Drivers\STM32F4xx_HAL_Driver\Src\stm32f4xx_hal_can.o
                0x08000666                HAL_CAN_RxCpltCallback
 .text.CAN_Receive_IT
                0x08000668      0x114 Drivers\STM32F4xx_HAL_Driver\Src\stm32f4xx_hal_can.o
 .text.HAL_CAN_ErrorCallback
                0x0800077c        0x2 Drivers\STM32F4xx_HAL_Driver\Src\stm32f4xx_hal_can.o
                0x0800077c                HAL_CAN_ErrorCallback
 *fill*         0x0800077e        0x2 
 .text.HAL_CAN_IRQHandler
                0x08000780      0x188 Drivers\STM32F4xx_HAL_Driver\Src\stm32f4xx_hal_can.o
                0x08000780                HAL_CAN_IRQHandler
 .text.HAL_NVIC_SetPriorityGrouping
                0x08000908       0x24 Drivers\STM32F4xx_HAL_Driver\Src\stm32f4xx_hal_cortex.o
                0x08000908                HAL_NVIC_SetPriorityGrouping
 .text.HAL_NVIC_SetPriority
                0x0800092c       0x68 Drivers\STM32F4xx_HAL_Driver\Src\stm32f4xx_hal_cortex.o
                0x0800092c                HAL_NVIC_SetPriority
 .text.HAL_NVIC_EnableIRQ
                0x08000994       0x18 Drivers\STM32F4xx_HAL_Driver\Src\stm32f4xx_hal_cortex.o
                0x08000994                HAL_NVIC_EnableIRQ
 .text.HAL_SYSTICK_Config
                0x080009ac       0x2c Drivers\STM32F4xx_HAL_Driver\Src\stm32f4xx_hal_cortex.o
                0x080009ac                HAL_SYSTICK_Config
 .text.HAL_SYSTICK_CLKSourceConfig
                0x080009d8       0x18 Drivers\STM32F4xx_HAL_Driver\Src\stm32f4xx_hal_cortex.o
                0x080009d8                HAL_SYSTICK_CLKSourceConfig
 .text.HAL_DAC_Init
                0x080009f0       0x26 Drivers\STM32F4xx_HAL_Driver\Src\stm32f4xx_hal_dac.o
                0x080009f0                HAL_DAC_Init
 .text.HAL_DAC_ConfigChannel
                0x08000a16       0x42 Drivers\STM32F4xx_HAL_Driver\Src\stm32f4xx_hal_dac.o
                0x08000a16                HAL_DAC_ConfigChannel
 .text.HAL_DMA_Abort_IT
                0x08000a58       0x24 Drivers\STM32F4xx_HAL_Driver\Src\stm32f4xx_hal_dma.o
                0x08000a58                HAL_DMA_Abort_IT
 .text.HAL_GPIO_Init
                0x08000a7c      0x1c0 Drivers\STM32F4xx_HAL_Driver\Src\stm32f4xx_hal_gpio.o
                0x08000a7c                HAL_GPIO_Init
 .text.HAL_GPIO_WritePin
                0x08000c3c        0x8 Drivers\STM32F4xx_HAL_Driver\Src\stm32f4xx_hal_gpio.o
                0x08000c3c                HAL_GPIO_WritePin
 .text.HAL_GPIO_EXTI_Callback
                0x08000c44        0x2 Drivers\STM32F4xx_HAL_Driver\Src\stm32f4xx_hal_gpio.o
                0x08000c44                HAL_GPIO_EXTI_Callback
 *fill*         0x08000c46        0x2 
 .text.HAL_GPIO_EXTI_IRQHandler
                0x08000c48       0x18 Drivers\STM32F4xx_HAL_Driver\Src\stm32f4xx_hal_gpio.o
                0x08000c48                HAL_GPIO_EXTI_IRQHandler
 .text.HAL_RCC_OscConfig
                0x08000c60      0x2d0 Drivers\STM32F4xx_HAL_Driver\Src\stm32f4xx_hal_rcc.o
                0x08000c60                HAL_RCC_OscConfig
 .text.HAL_RCC_GetSysClockFreq
                0x08000f30       0x7c Drivers\STM32F4xx_HAL_Driver\Src\stm32f4xx_hal_rcc.o
                0x08000f30                HAL_RCC_GetSysClockFreq
 .text.HAL_RCC_ClockConfig
                0x08000fac      0x168 Drivers\STM32F4xx_HAL_Driver\Src\stm32f4xx_hal_rcc.o
                0x08000fac                HAL_RCC_ClockConfig
 .text.HAL_RCC_GetHCLKFreq
                0x08001114        0xc Drivers\STM32F4xx_HAL_Driver\Src\stm32f4xx_hal_rcc.o
                0x08001114                HAL_RCC_GetHCLKFreq
 .text.HAL_RCC_GetPCLK1Freq
                0x08001120       0x30 Drivers\STM32F4xx_HAL_Driver\Src\stm32f4xx_hal_rcc.o
                0x08001120                HAL_RCC_GetPCLK1Freq
 .text.HAL_RCC_GetPCLK2Freq
                0x08001150       0x30 Drivers\STM32F4xx_HAL_Driver\Src\stm32f4xx_hal_rcc.o
                0x08001150                HAL_RCC_GetPCLK2Freq
 .text.HAL_RCC_GetClockConfig
                0x08001180       0x3c Drivers\STM32F4xx_HAL_Driver\Src\stm32f4xx_hal_rcc.o
                0x08001180                HAL_RCC_GetClockConfig
 .text.HAL_RCCEx_PeriphCLKConfig
                0x080011bc      0x14c Drivers\STM32F4xx_HAL_Driver\Src\stm32f4xx_hal_rcc_ex.o
                0x080011bc                HAL_RCCEx_PeriphCLKConfig
 .text.RTC_EnterInitMode
                0x08001308       0x34 Drivers\STM32F4xx_HAL_Driver\Src\stm32f4xx_hal_rtc.o
                0x08001308                RTC_EnterInitMode
 .text.HAL_RTC_Init
                0x0800133c       0x88 Drivers\STM32F4xx_HAL_Driver\Src\stm32f4xx_hal_rtc.o
                0x0800133c                HAL_RTC_Init
 .text.HAL_SPI_Init
                0x080013c4       0x7a Drivers\STM32F4xx_HAL_Driver\Src\stm32f4xx_hal_spi.o
                0x080013c4                HAL_SPI_Init
 .text.HAL_SPI_ErrorCallback
                0x0800143e        0x2 Drivers\STM32F4xx_HAL_Driver\Src\stm32f4xx_hal_spi.o
                0x0800143e                HAL_SPI_ErrorCallback
 .text.HAL_SPI_IRQHandler
                0x08001440       0xe4 Drivers\STM32F4xx_HAL_Driver\Src\stm32f4xx_hal_spi.o
                0x08001440                HAL_SPI_IRQHandler
 .text.SPI_DMAAbortOnError
                0x08001524       0x10 Drivers\STM32F4xx_HAL_Driver\Src\stm32f4xx_hal_spi.o
 .text.HAL_TIM_Base_MspInit
                0x08001534        0x2 Drivers\STM32F4xx_HAL_Driver\Src\stm32f4xx_hal_tim.o
                0x08001534                HAL_TIM_Base_MspInit
 .text.HAL_TIM_Base_Start_IT
                0x08001536       0x16 Drivers\STM32F4xx_HAL_Driver\Src\stm32f4xx_hal_tim.o
                0x08001536                HAL_TIM_Base_Start_IT
 .text.HAL_TIM_OC_DelayElapsedCallback
                0x0800154c        0x2 Drivers\STM32F4xx_HAL_Driver\Src\stm32f4xx_hal_tim.o
                0x0800154c                HAL_TIM_OC_DelayElapsedCallback
 .text.HAL_TIM_IC_CaptureCallback
                0x0800154e        0x2 Drivers\STM32F4xx_HAL_Driver\Src\stm32f4xx_hal_tim.o
                0x0800154e                HAL_TIM_IC_CaptureCallback
 .text.HAL_TIM_PWM_PulseFinishedCallback
                0x08001550        0x2 Drivers\STM32F4xx_HAL_Driver\Src\stm32f4xx_hal_tim.o
                0x08001550                HAL_TIM_PWM_PulseFinishedCallback
 .text.HAL_TIM_TriggerCallback
                0x08001552        0x2 Drivers\STM32F4xx_HAL_Driver\Src\stm32f4xx_hal_tim.o
                0x08001552                HAL_TIM_TriggerCallback
 .text.HAL_TIM_IRQHandler
                0x08001554      0x144 Drivers\STM32F4xx_HAL_Driver\Src\stm32f4xx_hal_tim.o
                0x08001554                HAL_TIM_IRQHandler
 .text.TIM_Base_SetConfig
                0x08001698       0xc8 Drivers\STM32F4xx_HAL_Driver\Src\stm32f4xx_hal_tim.o
                0x08001698                TIM_Base_SetConfig
 .text.HAL_TIM_Base_Init
                0x08001760       0x34 Drivers\STM32F4xx_HAL_Driver\Src\stm32f4xx_hal_tim.o
                0x08001760                HAL_TIM_Base_Init
 .text.HAL_TIMEx_CommutationCallback
                0x08001794        0x2 Drivers\STM32F4xx_HAL_Driver\Src\stm32f4xx_hal_tim_ex.o
                0x08001794                HAL_TIMEx_CommutationCallback
 .text.HAL_TIMEx_BreakCallback
                0x08001796        0x2 Drivers\STM32F4xx_HAL_Driver\Src\stm32f4xx_hal_tim_ex.o
                0x08001796                HAL_TIMEx_BreakCallback
 .text.UART_EndRxTransfer
                0x08001798       0x1a Drivers\STM32F4xx_HAL_Driver\Src\stm32f4xx_hal_uart.o
 *fill*         0x080017b2        0x2 
 .text.UART_SetConfig
                0x080017b4      0x23c Drivers\STM32F4xx_HAL_Driver\Src\stm32f4xx_hal_uart.o
 .text.HAL_UART_Init
                0x080019f0       0x5c Drivers\STM32F4xx_HAL_Driver\Src\stm32f4xx_hal_uart.o
                0x080019f0                HAL_UART_Init
 .text.HAL_UART_TxCpltCallback
                0x08001a4c        0x2 Drivers\STM32F4xx_HAL_Driver\Src\stm32f4xx_hal_uart.o
                0x08001a4c                HAL_UART_TxCpltCallback
 .text.HAL_UART_RxCpltCallback
                0x08001a4e        0x2 Drivers\STM32F4xx_HAL_Driver\Src\stm32f4xx_hal_uart.o
                0x08001a4e                HAL_UART_RxCpltCallback
 .text.UART_Receive_IT
                0x08001a50       0x78 Drivers\STM32F4xx_HAL_Driver\Src\stm32f4xx_hal_uart.o
 .text.HAL_UART_ErrorCallback
                0x08001ac8        0x2 Drivers\STM32F4xx_HAL_Driver\Src\stm32f4xx_hal_uart.o
                0x08001ac8                HAL_UART_ErrorCallback
 *fill*         0x08001aca        0x2 
 .text.HAL_UART_IRQHandler
                0x08001acc      0x140 Drivers\STM32F4xx_HAL_Driver\Src\stm32f4xx_hal_uart.o
                0x08001acc                HAL_UART_IRQHandler
 .text.UART_DMAAbortOnError
                0x08001c0c       0x10 Drivers\STM32F4xx_HAL_Driver\Src\stm32f4xx_hal_uart.o
 .text.HAL_WWDG_Init
                0x08001c1c       0x28 Drivers\STM32F4xx_HAL_Driver\Src\stm32f4xx_hal_wwdg.o
                0x08001c1c                HAL_WWDG_Init
 .text.osKernelStart
                0x08001c44        0xa Middlewares\Third_Party\FreeRTOS\Source\CMSIS_RTOS\cmsis_os.o
                0x08001c44                osKernelStart
 .text.osThreadCreate
                0x08001c4e       0x38 Middlewares\Third_Party\FreeRTOS\Source\CMSIS_RTOS\cmsis_os.o
                0x08001c4e                osThreadCreate
 .text.osDelay  0x08001c86       0x10 Middlewares\Third_Party\FreeRTOS\Source\CMSIS_RTOS\cmsis_os.o
                0x08001c86                osDelay
 .text.osSystickHandler
                0x08001c96       0x14 Middlewares\Third_Party\FreeRTOS\Source\CMSIS_RTOS\cmsis_os.o
                0x08001c96                osSystickHandler
 .text.vListInitialise
                0x08001caa       0x16 Middlewares\Third_Party\FreeRTOS\Source\list.o
                0x08001caa                vListInitialise
 .text.vListInitialiseItem
                0x08001cc0        0x6 Middlewares\Third_Party\FreeRTOS\Source\list.o
                0x08001cc0                vListInitialiseItem
 .text.vListInsertEnd
                0x08001cc6       0x18 Middlewares\Third_Party\FreeRTOS\Source\list.o
                0x08001cc6                vListInsertEnd
 .text.vListInsert
                0x08001cde       0x30 Middlewares\Third_Party\FreeRTOS\Source\list.o
                0x08001cde                vListInsert
 .text.uxListRemove
                0x08001d0e       0x20 Middlewares\Third_Party\FreeRTOS\Source\list.o
                0x08001d0e                uxListRemove
 *fill*         0x08001d2e        0x2 
 .text.prvTaskExitError
                0x08001d30       0x30 Middlewares\Third_Party\FreeRTOS\Source\portable\GCC\ARM_CM4F\port.o
 .text.prvPortStartFirstTask
                0x08001d60       0x20 Middlewares\Third_Party\FreeRTOS\Source\portable\GCC\ARM_CM4F\port.o
 .text.vPortEnableVFP
                0x08001d80       0x14 Middlewares\Third_Party\FreeRTOS\Source\portable\GCC\ARM_CM4F\port.o
 .text.pxPortInitialiseStack
                0x08001d94       0x24 Middlewares\Third_Party\FreeRTOS\Source\portable\GCC\ARM_CM4F\port.o
                0x08001d94                pxPortInitialiseStack
 .text.SVC_Handler
                0x08001db8       0x20 Middlewares\Third_Party\FreeRTOS\Source\portable\GCC\ARM_CM4F\port.o
                0x08001db8                SVC_Handler
 .text.vPortEnterCritical
                0x08001dd8       0x44 Middlewares\Third_Party\FreeRTOS\Source\portable\GCC\ARM_CM4F\port.o
                0x08001dd8                vPortEnterCritical
 .text.vPortExitCritical
                0x08001e1c       0x28 Middlewares\Third_Party\FreeRTOS\Source\portable\GCC\ARM_CM4F\port.o
                0x08001e1c                vPortExitCritical
 .text.PendSV_Handler
                0x08001e44       0x60 Middlewares\Third_Party\FreeRTOS\Source\portable\GCC\ARM_CM4F\port.o
                0x08001e44                PendSV_Handler
 .text.xPortSysTickHandler
                0x08001ea4       0x30 Middlewares\Third_Party\FreeRTOS\Source\portable\GCC\ARM_CM4F\port.o
                0x08001ea4                xPortSysTickHandler
 .text.vPortSetupTimerInterrupt
                0x08001ed4       0x28 Middlewares\Third_Party\FreeRTOS\Source\portable\GCC\ARM_CM4F\port.o
                0x08001ed4                vPortSetupTimerInterrupt
 .text.xPortStartScheduler
                0x08001efc       0xec Middlewares\Third_Party\FreeRTOS\Source\portable\GCC\ARM_CM4F\port.o
                0x08001efc                xPortStartScheduler
 .text.unlikely.prvInsertBlockIntoFreeList
                0x08001fe8       0x48 Middlewares\Third_Party\FreeRTOS\Source\portable\MemMang\heap_4.o
 .text.pvPortMalloc
                0x08002030      0x124 Middlewares\Third_Party\FreeRTOS\Source\portable\MemMang\heap_4.o
                0x08002030                pvPortMalloc
 .text.vPortFree
                0x08002154       0x70 Middlewares\Third_Party\FreeRTOS\Source\portable\MemMang\heap_4.o
                0x08002154                vPortFree
 .text.prvResetNextTaskUnblockTime
                0x080021c4       0x24 Middlewares\Third_Party\FreeRTOS\Source\tasks.o
 .text.prvAddCurrentTaskToDelayedList
                0x080021e8       0x50 Middlewares\Third_Party\FreeRTOS\Source\tasks.o
 .text.xTaskGenericCreate.part.5
                0x08002238      0x1c4 Middlewares\Third_Party\FreeRTOS\Source\tasks.o
 .text.xTaskGenericCreate
                0x080023fc       0x3c Middlewares\Third_Party\FreeRTOS\Source\tasks.o
                0x080023fc                xTaskGenericCreate
 .text.vTaskStartScheduler
                0x08002438       0x70 Middlewares\Third_Party\FreeRTOS\Source\tasks.o
                0x08002438                vTaskStartScheduler
 .text.vTaskSuspendAll
                0x080024a8       0x10 Middlewares\Third_Party\FreeRTOS\Source\tasks.o
                0x080024a8                vTaskSuspendAll
 .text.xTaskIncrementTick
                0x080024b8      0x130 Middlewares\Third_Party\FreeRTOS\Source\tasks.o
                0x080024b8                xTaskIncrementTick
 .text.xTaskResumeAll
                0x080025e8       0xec Middlewares\Third_Party\FreeRTOS\Source\tasks.o
                0x080025e8                xTaskResumeAll
 .text.vTaskDelay
                0x080026d4       0x7c Middlewares\Third_Party\FreeRTOS\Source\tasks.o
                0x080026d4                vTaskDelay
 .text.prvIdleTask
                0x08002750       0x78 Middlewares\Third_Party\FreeRTOS\Source\tasks.o
 .text.vTaskSwitchContext
                0x080027c8       0x8c Middlewares\Third_Party\FreeRTOS\Source\tasks.o
                0x080027c8                vTaskSwitchContext
 .text.xTaskGetSchedulerState
                0x08002854       0x20 Middlewares\Third_Party\FreeRTOS\Source\tasks.o
                0x08002854                xTaskGetSchedulerState
 .text.vApplicationStackOverflowHook
                0x08002874        0x2 Src\freertos.o
                0x08002874                vApplicationStackOverflowHook
 .text.StartDefaultTask
                0x08002876        0xa Src\main.o
                0x08002876                StartDefaultTask
 .text.SystemClock_Config
                0x08002880       0xc0 Src\main.o
                0x08002880                SystemClock_Config
 .text.startup.main
                0x08002940      0x374 Src\main.o
                0x08002940                main
 .text.HAL_TIM_PeriodElapsedCallback
                0x08002cb4       0x14 Src\main.o
                0x08002cb4                HAL_TIM_PeriodElapsedCallback
 .text.HAL_MspInit
                0x08002cc8       0x60 Src\stm32f4xx_hal_msp.o
                0x08002cc8                HAL_MspInit
 .text.HAL_ADC_MspInit
                0x08002d28       0x88 Src\stm32f4xx_hal_msp.o
                0x08002d28                HAL_ADC_MspInit
 .text.HAL_CAN_MspInit
                0x08002db0       0x60 Src\stm32f4xx_hal_msp.o
                0x08002db0                HAL_CAN_MspInit
 .text.HAL_DAC_MspInit
                0x08002e10       0x44 Src\stm32f4xx_hal_msp.o
                0x08002e10                HAL_DAC_MspInit
 .text.HAL_RTC_MspInit
                0x08002e54       0x18 Src\stm32f4xx_hal_msp.o
                0x08002e54                HAL_RTC_MspInit
 .text.HAL_SPI_MspInit
                0x08002e6c       0x5c Src\stm32f4xx_hal_msp.o
                0x08002e6c                HAL_SPI_MspInit
 .text.HAL_UART_MspInit
                0x08002ec8       0xb4 Src\stm32f4xx_hal_msp.o
                0x08002ec8                HAL_UART_MspInit
 .text.HAL_WWDG_MspInit
                0x08002f7c       0x30 Src\stm32f4xx_hal_msp.o
                0x08002f7c                HAL_WWDG_MspInit
 .text.HAL_InitTick
                0x08002fac       0x7c Src\stm32f4xx_hal_timebase_TIM.o
                0x08002fac                HAL_InitTick
 .text.SysTick_Handler
                0x08003028        0x4 Src\stm32f4xx_it.o
                0x08003028                SysTick_Handler
 .text.EXTI0_IRQHandler
                0x0800302c        0x6 Src\stm32f4xx_it.o
                0x0800302c                EXTI0_IRQHandler
 .text.EXTI3_IRQHandler
                0x08003032        0x6 Src\stm32f4xx_it.o
                0x08003032                EXTI3_IRQHandler
 .text.EXTI4_IRQHandler
                0x08003038        0x6 Src\stm32f4xx_it.o
                0x08003038                EXTI4_IRQHandler
 *fill*         0x0800303e        0x2 
 .text.CAN1_RX0_IRQHandler
                0x08003040        0xc Src\stm32f4xx_it.o
                0x08003040                CAN1_RX0_IRQHandler
 .text.TIM1_UP_TIM10_IRQHandler
                0x0800304c        0xc Src\stm32f4xx_it.o
                0x0800304c                TIM1_UP_TIM10_IRQHandler
 .text.SPI1_IRQHandler
                0x08003058        0xc Src\stm32f4xx_it.o
                0x08003058                SPI1_IRQHandler
 .text.USART1_IRQHandler
                0x08003064        0xc Src\stm32f4xx_it.o
                0x08003064                USART1_IRQHandler
 .text.USART3_IRQHandler
                0x08003070        0xc Src\stm32f4xx_it.o
                0x08003070                USART3_IRQHandler
 .text.EXTI15_10_IRQHandler
                0x0800307c       0x16 Src\stm32f4xx_it.o
                0x0800307c                EXTI15_10_IRQHandler
 *fill*         0x08003092        0x2 
 .text.__libc_init_array
                0x08003094       0x4c c:/program files (x86)/atollic/truestudio for arm 6.0.0/armtools/bin/../lib/gcc/arm-atollic-eabi/5.3.1/../../../../arm-atollic-eabi/lib/armv7e-m/fpu\libc.a(lib_a-init.o)
                0x08003094                __libc_init_array
 .text.memset   0x080030e0       0x10 c:/program files (x86)/atollic/truestudio for arm 6.0.0/armtools/bin/../lib/gcc/arm-atollic-eabi/5.3.1/../../../../arm-atollic-eabi/lib/armv7e-m/fpu\libc.a(lib_a-memset.o)
                0x080030e0                memset
 *(.glue_7)
 .glue_7        0x080030f0        0x0 linker stubs
 *(.glue_7t)
 .glue_7t       0x080030f0        0x0 linker stubs
 *(.eh_frame)
 .eh_frame      0x080030f0        0x0 c:/program files (x86)/atollic/truestudio for arm 6.0.0/armtools/bin/../lib/gcc/arm-atollic-eabi/5.3.1/armv7e-m/fpu/crtbegin.o
 *(.init)
 .init          0x080030f0        0x4 c:/program files (x86)/atollic/truestudio for arm 6.0.0/armtools/bin/../lib/gcc/arm-atollic-eabi/5.3.1/armv7e-m/fpu/crti.o
                0x080030f0                _init
 .init          0x080030f4        0x8 c:/program files (x86)/atollic/truestudio for arm 6.0.0/armtools/bin/../lib/gcc/arm-atollic-eabi/5.3.1/armv7e-m/fpu/crtn.o
 *(.fini)
 .fini          0x080030fc        0x4 c:/program files (x86)/atollic/truestudio for arm 6.0.0/armtools/bin/../lib/gcc/arm-atollic-eabi/5.3.1/armv7e-m/fpu/crti.o
                0x080030fc                _fini
 .fini          0x08003100        0x8 c:/program files (x86)/atollic/truestudio for arm 6.0.0/armtools/bin/../lib/gcc/arm-atollic-eabi/5.3.1/armv7e-m/fpu/crtn.o
                0x08003108                . = ALIGN (0x4)
                0x08003108                _etext = .

.vfp11_veneer   0x08003108        0x0
 .vfp11_veneer  0x08003108        0x0 linker stubs

.v4_bx          0x08003108        0x0
 .v4_bx         0x08003108        0x0 linker stubs

.iplt           0x08003108        0x0
 .iplt          0x08003108        0x0 c:/program files (x86)/atollic/truestudio for arm 6.0.0/armtools/bin/../lib/gcc/arm-atollic-eabi/5.3.1/armv7e-m/fpu/crtbegin.o

.rodata         0x08003108       0x38
                0x08003108                . = ALIGN (0x4)
 *(.rodata)
 .rodata        0x08003108       0x14 Src\main.o
 *(.rodata*)
 .rodata.APBAHBPrescTable
                0x0800311c       0x10 Drivers\STM32F4xx_HAL_Driver\Src\stm32f4xx_hal_rcc.o
                0x0800311c                APBAHBPrescTable
 .rodata.str1.1
                0x0800312c        0x5 Middlewares\Third_Party\FreeRTOS\Source\tasks.o
 .rodata.str1.1
                0x08003131        0xc Src\main.o
                0x08003140                . = ALIGN (0x4)
 *fill*         0x0800313d        0x3 

.rel.dyn        0x08003140        0x0
 .rel.iplt      0x08003140        0x0 c:/program files (x86)/atollic/truestudio for arm 6.0.0/armtools/bin/../lib/gcc/arm-atollic-eabi/5.3.1/armv7e-m/fpu/crtbegin.o

.ARM.extab
 *(.ARM.extab* .gnu.linkonce.armextab.*)

.ARM            0x08003140        0x0
                0x08003140                __exidx_start = .
 *(.ARM.exidx*)
                0x08003140                __exidx_end = .

.preinit_array  0x08003140        0x0
                0x08003140                PROVIDE (__preinit_array_start, .)
 *(.preinit_array*)
                0x08003140                PROVIDE (__preinit_array_end, .)

.init_array     0x08003140        0x4
                0x08003140                PROVIDE (__init_array_start, .)
 *(SORT(.init_array.*))
 *(.init_array*)
 .init_array    0x08003140        0x4 c:/program files (x86)/atollic/truestudio for arm 6.0.0/armtools/bin/../lib/gcc/arm-atollic-eabi/5.3.1/armv7e-m/fpu/crtbegin.o
                0x08003144                PROVIDE (__init_array_end, .)

.fini_array     0x08003144        0x4
                [!provide]                PROVIDE (__fini_array_start, .)
 *(SORT(.fini_array.*))
 *(.fini_array*)
 .fini_array    0x08003144        0x4 c:/program files (x86)/atollic/truestudio for arm 6.0.0/armtools/bin/../lib/gcc/arm-atollic-eabi/5.3.1/armv7e-m/fpu/crtbegin.o
                [!provide]                PROVIDE (__fini_array_end, .)
                0x08003148                _sidata = LOADADDR (.data)

.data           0x20000000        0x8 load address 0x08003148
                0x20000000                . = ALIGN (0x4)
                0x20000000                _sdata = .
 *(.data)
 *(.data*)
 .data.SystemCoreClock
                0x20000000        0x4 Drivers\CMSIS\Device\ST\STM32F4xx\Source\Templates\system_stm32f4xx.o
                0x20000000                SystemCoreClock
 .data.uxCriticalNesting
                0x20000004        0x4 Middlewares\Third_Party\FreeRTOS\Source\portable\GCC\ARM_CM4F\port.o
                0x20000008                . = ALIGN (0x4)
                0x20000008                _edata = .
                0x08003150                _siccmram = LOADADDR (.ccmram)

.igot.plt       0x20000008        0x0 load address 0x08003150
 .igot.plt      0x20000008        0x0 c:/program files (x86)/atollic/truestudio for arm 6.0.0/armtools/bin/../lib/gcc/arm-atollic-eabi/5.3.1/armv7e-m/fpu/crtbegin.o

.ccmram         0x10000000        0x0 load address 0x08003150
                0x10000000                . = ALIGN (0x4)
                0x10000000                _sccmram = .
 *(.ccmram)
 *(.ccmram*)
                0x10000000                . = ALIGN (0x4)
                0x10000000                _eccmram = .
                0x10000000                . = ALIGN (0x4)

.bss            0x20000008     0x3f98
                0x20000008                _sbss = .
                0x20000008                __bss_start__ = _sbss
 *(.bss)
 .bss           0x20000008       0x1c c:/program files (x86)/atollic/truestudio for arm 6.0.0/armtools/bin/../lib/gcc/arm-atollic-eabi/5.3.1/armv7e-m/fpu/crtbegin.o
 *(.bss*)
 .bss.ucMaxSysCallPriority
                0x20000024        0x1 Middlewares\Third_Party\FreeRTOS\Source\portable\GCC\ARM_CM4F\port.o
 *fill*         0x20000025        0x3 
 .bss.ulMaxPRIGROUPValue
                0x20000028        0x4 Middlewares\Third_Party\FreeRTOS\Source\portable\GCC\ARM_CM4F\port.o
 .bss.xFreeBytesRemaining
                0x2000002c        0x4 Middlewares\Third_Party\FreeRTOS\Source\portable\MemMang\heap_4.o
 .bss.pxEnd     0x20000030        0x4 Middlewares\Third_Party\FreeRTOS\Source\portable\MemMang\heap_4.o
 .bss.xStart    0x20000034        0x8 Middlewares\Third_Party\FreeRTOS\Source\portable\MemMang\heap_4.o
 .bss.ucHeap    0x2000003c     0x3c00 Middlewares\Third_Party\FreeRTOS\Source\portable\MemMang\heap_4.o
 .bss.xBlockAllocatedBit
                0x20003c3c        0x4 Middlewares\Third_Party\FreeRTOS\Source\portable\MemMang\heap_4.o
 .bss.xMinimumEverFreeBytesRemaining
                0x20003c40        0x4 Middlewares\Third_Party\FreeRTOS\Source\portable\MemMang\heap_4.o
 .bss.xNumOfOverflows
                0x20003c44        0x4 Middlewares\Third_Party\FreeRTOS\Source\tasks.o
 .bss.pxDelayedTaskList
                0x20003c48        0x4 Middlewares\Third_Party\FreeRTOS\Source\tasks.o
 .bss.xSchedulerRunning
                0x20003c4c        0x4 Middlewares\Third_Party\FreeRTOS\Source\tasks.o
 .bss.uxTasksDeleted
                0x20003c50        0x4 Middlewares\Third_Party\FreeRTOS\Source\tasks.o
 .bss.xTasksWaitingTermination
                0x20003c54       0x14 Middlewares\Third_Party\FreeRTOS\Source\tasks.o
 .bss.xSuspendedTaskList
                0x20003c68       0x14 Middlewares\Third_Party\FreeRTOS\Source\tasks.o
 .bss.uxPendedTicks
                0x20003c7c        0x4 Middlewares\Third_Party\FreeRTOS\Source\tasks.o
 .bss.pxReadyTasksLists
                0x20003c80       0x8c Middlewares\Third_Party\FreeRTOS\Source\tasks.o
 .bss.uxSchedulerSuspended
                0x20003d0c        0x4 Middlewares\Third_Party\FreeRTOS\Source\tasks.o
 .bss.pxCurrentTCB
                0x20003d10        0x4 Middlewares\Third_Party\FreeRTOS\Source\tasks.o
                0x20003d10                pxCurrentTCB
 .bss.xNextTaskUnblockTime
                0x20003d14        0x4 Middlewares\Third_Party\FreeRTOS\Source\tasks.o
 .bss.xTickCount
                0x20003d18        0x4 Middlewares\Third_Party\FreeRTOS\Source\tasks.o
 .bss.pxOverflowDelayedTaskList
                0x20003d1c        0x4 Middlewares\Third_Party\FreeRTOS\Source\tasks.o
 .bss.xPendingReadyList
                0x20003d20       0x14 Middlewares\Third_Party\FreeRTOS\Source\tasks.o
 .bss.uxTaskNumber
                0x20003d34        0x4 Middlewares\Third_Party\FreeRTOS\Source\tasks.o
 .bss.xDelayedTaskList1
                0x20003d38       0x14 Middlewares\Third_Party\FreeRTOS\Source\tasks.o
 .bss.xDelayedTaskList2
                0x20003d4c       0x14 Middlewares\Third_Party\FreeRTOS\Source\tasks.o
 .bss.uxCurrentNumberOfTasks
                0x20003d60        0x4 Middlewares\Third_Party\FreeRTOS\Source\tasks.o
 .bss.uxTopReadyPriority
                0x20003d64        0x4 Middlewares\Third_Party\FreeRTOS\Source\tasks.o
 .bss.xYieldPending
                0x20003d68        0x4 Middlewares\Third_Party\FreeRTOS\Source\tasks.o
 *(COMMON)
 COMMON         0x20003d6c        0x4 Drivers\STM32F4xx_HAL_Driver\Src\stm32f4xx_hal.o
                0x20003d6c                uwTick
 COMMON         0x20003d70      0x1f4 Src\main.o
                0x20003d70                defaultTaskHandle
                0x20003d74                huart3
                0x20003db4                hadc1
                0x20003dfc                hadc3
                0x20003e44                huart1
                0x20003e84                hdac
                0x20003e98                hrtc
                0x20003eb8                hwwdg
                0x20003ecc                hspi1
                0x20003f24                hcan1
 COMMON         0x20003f64       0x3c Src\stm32f4xx_hal_timebase_TIM.o
                0x20003f64                htim1
                0x20003fa0                . = ALIGN (0x4)
                0x20003fa0                _ebss = .
                0x20003fa0                __bss_end__ = _ebss

._user_heap_stack
                0x20003fa0      0x600
                0x20003fa0                . = ALIGN (0x4)
                [!provide]                PROVIDE (end, .)
                [!provide]                PROVIDE (_end, .)
                0x200041a0                . = (. + _Min_Heap_Size)
 *fill*         0x20003fa0      0x200 
                0x200045a0                . = (. + _Min_Stack_Size)
 *fill*         0x200041a0      0x400 
                0x200045a0                . = ALIGN (0x4)

/DISCARD/
 libc.a(*)
 libm.a(*)
 libgcc.a(*)

.ARM.attributes
                0x00000000       0x30
 *(.ARM.attributes)
 .ARM.attributes
                0x00000000       0x22 c:/program files (x86)/atollic/truestudio for arm 6.0.0/armtools/bin/../lib/gcc/arm-atollic-eabi/5.3.1/armv7e-m/fpu/crti.o
 .ARM.attributes
                0x00000022       0x34 c:/program files (x86)/atollic/truestudio for arm 6.0.0/armtools/bin/../lib/gcc/arm-atollic-eabi/5.3.1/armv7e-m/fpu/crtbegin.o
 .ARM.attributes
                0x00000056       0x21 Drivers\CMSIS\Device\ST\STM32F4xx\Source\Templates\gcc\startup_stm32f417xx.o
 .ARM.attributes
                0x00000077       0x39 Drivers\CMSIS\Device\ST\STM32F4xx\Source\Templates\system_stm32f4xx.o
 .ARM.attributes
                0x000000b0       0x39 Drivers\STM32F4xx_HAL_Driver\Src\stm32f4xx_hal.o
 .ARM.attributes
                0x000000e9       0x39 Drivers\STM32F4xx_HAL_Driver\Src\stm32f4xx_hal_adc.o
 .ARM.attributes
                0x00000122       0x39 Drivers\STM32F4xx_HAL_Driver\Src\stm32f4xx_hal_can.o
 .ARM.attributes
                0x0000015b       0x39 Drivers\STM32F4xx_HAL_Driver\Src\stm32f4xx_hal_cortex.o
 .ARM.attributes
                0x00000194       0x39 Drivers\STM32F4xx_HAL_Driver\Src\stm32f4xx_hal_dac.o
 .ARM.attributes
                0x000001cd       0x39 Drivers\STM32F4xx_HAL_Driver\Src\stm32f4xx_hal_dma.o
 .ARM.attributes
                0x00000206       0x39 Drivers\STM32F4xx_HAL_Driver\Src\stm32f4xx_hal_gpio.o
 .ARM.attributes
                0x0000023f       0x39 Drivers\STM32F4xx_HAL_Driver\Src\stm32f4xx_hal_rcc.o
 .ARM.attributes
                0x00000278       0x39 Drivers\STM32F4xx_HAL_Driver\Src\stm32f4xx_hal_rcc_ex.o
 .ARM.attributes
                0x000002b1       0x39 Drivers\STM32F4xx_HAL_Driver\Src\stm32f4xx_hal_rtc.o
 .ARM.attributes
                0x000002ea       0x39 Drivers\STM32F4xx_HAL_Driver\Src\stm32f4xx_hal_spi.o
 .ARM.attributes
                0x00000323       0x39 Drivers\STM32F4xx_HAL_Driver\Src\stm32f4xx_hal_tim.o
 .ARM.attributes
                0x0000035c       0x39 Drivers\STM32F4xx_HAL_Driver\Src\stm32f4xx_hal_tim_ex.o
 .ARM.attributes
                0x00000395       0x39 Drivers\STM32F4xx_HAL_Driver\Src\stm32f4xx_hal_uart.o
 .ARM.attributes
                0x000003ce       0x39 Drivers\STM32F4xx_HAL_Driver\Src\stm32f4xx_hal_wwdg.o
 .ARM.attributes
                0x00000407       0x39 Middlewares\Third_Party\FreeRTOS\Source\CMSIS_RTOS\cmsis_os.o
 .ARM.attributes
                0x00000440       0x39 Middlewares\Third_Party\FreeRTOS\Source\list.o
 .ARM.attributes
                0x00000479       0x39 Middlewares\Third_Party\FreeRTOS\Source\portable\GCC\ARM_CM4F\port.o
 .ARM.attributes
                0x000004b2       0x39 Middlewares\Third_Party\FreeRTOS\Source\portable\MemMang\heap_4.o
 .ARM.attributes
                0x000004eb       0x39 Middlewares\Third_Party\FreeRTOS\Source\tasks.o
 .ARM.attributes
                0x00000524       0x39 Src\freertos.o
 .ARM.attributes
                0x0000055d       0x39 Src\main.o
 .ARM.attributes
                0x00000596       0x39 Src\stm32f4xx_hal_msp.o
 .ARM.attributes
                0x000005cf       0x39 Src\stm32f4xx_hal_timebase_TIM.o
 .ARM.attributes
                0x00000608       0x39 Src\stm32f4xx_it.o
 .ARM.attributes
                0x00000641       0x34 c:/program files (x86)/atollic/truestudio for arm 6.0.0/armtools/bin/../lib/gcc/arm-atollic-eabi/5.3.1/../../../../arm-atollic-eabi/lib/armv7e-m/fpu\libc.a(lib_a-init.o)
 .ARM.attributes
                0x00000675       0x34 c:/program files (x86)/atollic/truestudio for arm 6.0.0/armtools/bin/../lib/gcc/arm-atollic-eabi/5.3.1/../../../../arm-atollic-eabi/lib/armv7e-m/fpu\libc.a(lib_a-memset.o)
 .ARM.attributes
                0x000006a9       0x22 c:/program files (x86)/atollic/truestudio for arm 6.0.0/armtools/bin/../lib/gcc/arm-atollic-eabi/5.3.1/armv7e-m/fpu/crtn.o
OUTPUT(BMSV2-WM.elf elf32-littlearm)

.debug_line     0x00000000     0x8b54
 .debug_line    0x00000000       0xae Drivers\CMSIS\Device\ST\STM32F4xx\Source\Templates\gcc\startup_stm32f417xx.o
 .debug_line    0x000000ae      0x1f2 Drivers\CMSIS\Device\ST\STM32F4xx\Source\Templates\system_stm32f4xx.o
 .debug_line    0x000002a0      0x3ab Drivers\STM32F4xx_HAL_Driver\Src\stm32f4xx_hal.o
 .debug_line    0x0000064b      0x6bd Drivers\STM32F4xx_HAL_Driver\Src\stm32f4xx_hal_adc.o
 .debug_line    0x00000d08      0x61f Drivers\STM32F4xx_HAL_Driver\Src\stm32f4xx_hal_can.o
 .debug_line    0x00001327      0x3f2 Drivers\STM32F4xx_HAL_Driver\Src\stm32f4xx_hal_cortex.o
 .debug_line    0x00001719      0x462 Drivers\STM32F4xx_HAL_Driver\Src\stm32f4xx_hal_dac.o
 .debug_line    0x00001b7b      0x539 Drivers\STM32F4xx_HAL_Driver\Src\stm32f4xx_hal_dma.o
 .debug_line    0x000020b4      0x3ca Drivers\STM32F4xx_HAL_Driver\Src\stm32f4xx_hal_gpio.o
 .debug_line    0x0000247e      0x56e Drivers\STM32F4xx_HAL_Driver\Src\stm32f4xx_hal_rcc.o
 .debug_line    0x000029ec      0x307 Drivers\STM32F4xx_HAL_Driver\Src\stm32f4xx_hal_rcc_ex.o
 .debug_line    0x00002cf3      0x5b1 Drivers\STM32F4xx_HAL_Driver\Src\stm32f4xx_hal_rtc.o
 .debug_line    0x000032a4      0x9fd Drivers\STM32F4xx_HAL_Driver\Src\stm32f4xx_hal_spi.o
 .debug_line    0x00003ca1     0x1087 Drivers\STM32F4xx_HAL_Driver\Src\stm32f4xx_hal_tim.o
 .debug_line    0x00004d28      0x620 Drivers\STM32F4xx_HAL_Driver\Src\stm32f4xx_hal_tim_ex.o
 .debug_line    0x00005348      0x9b8 Drivers\STM32F4xx_HAL_Driver\Src\stm32f4xx_hal_uart.o
 .debug_line    0x00005d00      0x258 Drivers\STM32F4xx_HAL_Driver\Src\stm32f4xx_hal_wwdg.o
 .debug_line    0x00005f58      0x794 Middlewares\Third_Party\FreeRTOS\Source\CMSIS_RTOS\cmsis_os.o
 .debug_line    0x000066ec      0x249 Middlewares\Third_Party\FreeRTOS\Source\list.o
 .debug_line    0x00006935      0x33f Middlewares\Third_Party\FreeRTOS\Source\portable\GCC\ARM_CM4F\port.o
 .debug_line    0x00006c74      0x372 Middlewares\Third_Party\FreeRTOS\Source\portable\MemMang\heap_4.o
 .debug_line    0x00006fe6      0xbc0 Middlewares\Third_Party\FreeRTOS\Source\tasks.o
 .debug_line    0x00007ba6       0x7f Src\freertos.o
 .debug_line    0x00007c25      0x512 Src\main.o
 .debug_line    0x00008137      0x479 Src\stm32f4xx_hal_msp.o
 .debug_line    0x000085b0      0x271 Src\stm32f4xx_hal_timebase_TIM.o
 .debug_line    0x00008821      0x333 Src\stm32f4xx_it.o

.debug_info     0x00000000    0x18c05
 .debug_info    0x00000000       0xc5 Drivers\CMSIS\Device\ST\STM32F4xx\Source\Templates\gcc\startup_stm32f417xx.o
 .debug_info    0x000000c5      0x4d6 Drivers\CMSIS\Device\ST\STM32F4xx\Source\Templates\system_stm32f4xx.o
 .debug_info    0x0000059b      0x8e2 Drivers\STM32F4xx_HAL_Driver\Src\stm32f4xx_hal.o
 .debug_info    0x00000e7d      0xcbe Drivers\STM32F4xx_HAL_Driver\Src\stm32f4xx_hal_adc.o
 .debug_info    0x00001b3b      0xb44 Drivers\STM32F4xx_HAL_Driver\Src\stm32f4xx_hal_can.o
 .debug_info    0x0000267f      0xe81 Drivers\STM32F4xx_HAL_Driver\Src\stm32f4xx_hal_cortex.o
 .debug_info    0x00003500      0x987 Drivers\STM32F4xx_HAL_Driver\Src\stm32f4xx_hal_dac.o
 .debug_info    0x00003e87      0xa28 Drivers\STM32F4xx_HAL_Driver\Src\stm32f4xx_hal_dma.o
 .debug_info    0x000048af      0x72d Drivers\STM32F4xx_HAL_Driver\Src\stm32f4xx_hal_gpio.o
 .debug_info    0x00004fdc      0xc93 Drivers\STM32F4xx_HAL_Driver\Src\stm32f4xx_hal_rcc.o
 .debug_info    0x00005c6f      0x562 Drivers\STM32F4xx_HAL_Driver\Src\stm32f4xx_hal_rcc_ex.o
 .debug_info    0x000061d1      0xdf9 Drivers\STM32F4xx_HAL_Driver\Src\stm32f4xx_hal_rtc.o
 .debug_info    0x00006fca     0x1838 Drivers\STM32F4xx_HAL_Driver\Src\stm32f4xx_hal_spi.o
 .debug_info    0x00008802     0x2ea6 Drivers\STM32F4xx_HAL_Driver\Src\stm32f4xx_hal_tim.o
 .debug_info    0x0000b6a8      0xf6b Drivers\STM32F4xx_HAL_Driver\Src\stm32f4xx_hal_tim_ex.o
 .debug_info    0x0000c613     0x1291 Drivers\STM32F4xx_HAL_Driver\Src\stm32f4xx_hal_uart.o
 .debug_info    0x0000d8a4      0x28e Drivers\STM32F4xx_HAL_Driver\Src\stm32f4xx_hal_wwdg.o
 .debug_info    0x0000db32     0x1ae7 Middlewares\Third_Party\FreeRTOS\Source\CMSIS_RTOS\cmsis_os.o
 .debug_info    0x0000f619      0x2a1 Middlewares\Third_Party\FreeRTOS\Source\list.o
 .debug_info    0x0000f8ba      0x557 Middlewares\Third_Party\FreeRTOS\Source\portable\GCC\ARM_CM4F\port.o
 .debug_info    0x0000fe11      0x486 Middlewares\Third_Party\FreeRTOS\Source\portable\MemMang\heap_4.o
 .debug_info    0x00010297     0x2731 Middlewares\Third_Party\FreeRTOS\Source\tasks.o
 .debug_info    0x000129c8       0xc4 Src\freertos.o
 .debug_info    0x00012a8c     0x26ff Src\main.o
 .debug_info    0x0001518b     0x1ecb Src\stm32f4xx_hal_msp.o
 .debug_info    0x00017056      0xb4c Src\stm32f4xx_hal_timebase_TIM.o
 .debug_info    0x00017ba2     0x1063 Src\stm32f4xx_it.o

.debug_abbrev   0x00000000     0x3c9e
 .debug_abbrev  0x00000000       0x12 Drivers\CMSIS\Device\ST\STM32F4xx\Source\Templates\gcc\startup_stm32f417xx.o
 .debug_abbrev  0x00000012      0x101 Drivers\CMSIS\Device\ST\STM32F4xx\Source\Templates\system_stm32f4xx.o
 .debug_abbrev  0x00000113      0x244 Drivers\STM32F4xx_HAL_Driver\Src\stm32f4xx_hal.o
 .debug_abbrev  0x00000357      0x2c5 Drivers\STM32F4xx_HAL_Driver\Src\stm32f4xx_hal_adc.o
 .debug_abbrev  0x0000061c      0x29b Drivers\STM32F4xx_HAL_Driver\Src\stm32f4xx_hal_can.o
 .debug_abbrev  0x000008b7      0x32f Drivers\STM32F4xx_HAL_Driver\Src\stm32f4xx_hal_cortex.o
 .debug_abbrev  0x00000be6      0x24f Drivers\STM32F4xx_HAL_Driver\Src\stm32f4xx_hal_dac.o
 .debug_abbrev  0x00000e35      0x2dd Drivers\STM32F4xx_HAL_Driver\Src\stm32f4xx_hal_dma.o
 .debug_abbrev  0x00001112      0x1c8 Drivers\STM32F4xx_HAL_Driver\Src\stm32f4xx_hal_gpio.o
 .debug_abbrev  0x000012da      0x31e Drivers\STM32F4xx_HAL_Driver\Src\stm32f4xx_hal_rcc.o
 .debug_abbrev  0x000015f8      0x201 Drivers\STM32F4xx_HAL_Driver\Src\stm32f4xx_hal_rcc_ex.o
 .debug_abbrev  0x000017f9      0x21b Drivers\STM32F4xx_HAL_Driver\Src\stm32f4xx_hal_rtc.o
 .debug_abbrev  0x00001a14      0x337 Drivers\STM32F4xx_HAL_Driver\Src\stm32f4xx_hal_spi.o
 .debug_abbrev  0x00001d4b      0x311 Drivers\STM32F4xx_HAL_Driver\Src\stm32f4xx_hal_tim.o
 .debug_abbrev  0x0000205c      0x270 Drivers\STM32F4xx_HAL_Driver\Src\stm32f4xx_hal_tim_ex.o
 .debug_abbrev  0x000022cc      0x2ec Drivers\STM32F4xx_HAL_Driver\Src\stm32f4xx_hal_uart.o
 .debug_abbrev  0x000025b8      0x16d Drivers\STM32F4xx_HAL_Driver\Src\stm32f4xx_hal_wwdg.o
 .debug_abbrev  0x00002725      0x36c Middlewares\Third_Party\FreeRTOS\Source\CMSIS_RTOS\cmsis_os.o
 .debug_abbrev  0x00002a91       0xdc Middlewares\Third_Party\FreeRTOS\Source\list.o
 .debug_abbrev  0x00002b6d      0x21b Middlewares\Third_Party\FreeRTOS\Source\portable\GCC\ARM_CM4F\port.o
 .debug_abbrev  0x00002d88      0x230 Middlewares\Third_Party\FreeRTOS\Source\portable\MemMang\heap_4.o
 .debug_abbrev  0x00002fb8      0x383 Middlewares\Third_Party\FreeRTOS\Source\tasks.o
 .debug_abbrev  0x0000333b       0x70 Src\freertos.o
 .debug_abbrev  0x000033ab      0x331 Src\main.o
 .debug_abbrev  0x000036dc      0x23d Src\stm32f4xx_hal_msp.o
 .debug_abbrev  0x00003919      0x1cf Src\stm32f4xx_hal_timebase_TIM.o
 .debug_abbrev  0x00003ae8      0x1b6 Src\stm32f4xx_it.o

.debug_aranges  0x00000000     0x1120
 .debug_aranges
                0x00000000       0x28 Drivers\CMSIS\Device\ST\STM32F4xx\Source\Templates\gcc\startup_stm32f417xx.o
 .debug_aranges
                0x00000028       0x28 Drivers\CMSIS\Device\ST\STM32F4xx\Source\Templates\system_stm32f4xx.o
 .debug_aranges
                0x00000050       0xb8 Drivers\STM32F4xx_HAL_Driver\Src\stm32f4xx_hal.o
 .debug_aranges
                0x00000108       0xb8 Drivers\STM32F4xx_HAL_Driver\Src\stm32f4xx_hal_adc.o
 .debug_aranges
                0x000001c0       0x88 Drivers\STM32F4xx_HAL_Driver\Src\stm32f4xx_hal_can.o
 .debug_aranges
                0x00000248       0x98 Drivers\STM32F4xx_HAL_Driver\Src\stm32f4xx_hal_cortex.o
 .debug_aranges
                0x000002e0       0x98 Drivers\STM32F4xx_HAL_Driver\Src\stm32f4xx_hal_dac.o
 .debug_aranges
                0x00000378       0x80 Drivers\STM32F4xx_HAL_Driver\Src\stm32f4xx_hal_dma.o
 .debug_aranges
                0x000003f8       0x58 Drivers\STM32F4xx_HAL_Driver\Src\stm32f4xx_hal_gpio.o
 .debug_aranges
                0x00000450       0x80 Drivers\STM32F4xx_HAL_Driver\Src\stm32f4xx_hal_rcc.o
 .debug_aranges
                0x000004d0       0x30 Drivers\STM32F4xx_HAL_Driver\Src\stm32f4xx_hal_rcc_ex.o
 .debug_aranges
                0x00000500       0xa8 Drivers\STM32F4xx_HAL_Driver\Src\stm32f4xx_hal_rtc.o
 .debug_aranges
                0x000005a8      0x150 Drivers\STM32F4xx_HAL_Driver\Src\stm32f4xx_hal_spi.o
 .debug_aranges
                0x000006f8      0x250 Drivers\STM32F4xx_HAL_Driver\Src\stm32f4xx_hal_tim.o
 .debug_aranges
                0x00000948       0xf0 Drivers\STM32F4xx_HAL_Driver\Src\stm32f4xx_hal_tim_ex.o
 .debug_aranges
                0x00000a38      0x120 Drivers\STM32F4xx_HAL_Driver\Src\stm32f4xx_hal_uart.o
 .debug_aranges
                0x00000b58       0x38 Drivers\STM32F4xx_HAL_Driver\Src\stm32f4xx_hal_wwdg.o
 .debug_aranges
                0x00000b90      0x178 Middlewares\Third_Party\FreeRTOS\Source\CMSIS_RTOS\cmsis_os.o
 .debug_aranges
                0x00000d08       0x40 Middlewares\Third_Party\FreeRTOS\Source\list.o
 .debug_aranges
                0x00000d48       0x80 Middlewares\Third_Party\FreeRTOS\Source\portable\GCC\ARM_CM4F\port.o
 .debug_aranges
                0x00000dc8       0x48 Middlewares\Third_Party\FreeRTOS\Source\portable\MemMang\heap_4.o
 .debug_aranges
                0x00000e10      0x190 Middlewares\Third_Party\FreeRTOS\Source\tasks.o
 .debug_aranges
                0x00000fa0       0x20 Src\freertos.o
 .debug_aranges
                0x00000fc0       0x40 Src\main.o
 .debug_aranges
                0x00001000       0x88 Src\stm32f4xx_hal_msp.o
 .debug_aranges
                0x00001088       0x30 Src\stm32f4xx_hal_timebase_TIM.o
 .debug_aranges
                0x000010b8       0x68 Src\stm32f4xx_it.o

.debug_ranges   0x00000000     0x14e8
 .debug_ranges  0x00000000       0x20 Drivers\CMSIS\Device\ST\STM32F4xx\Source\Templates\gcc\startup_stm32f417xx.o
 .debug_ranges  0x00000020       0x18 Drivers\CMSIS\Device\ST\STM32F4xx\Source\Templates\system_stm32f4xx.o
 .debug_ranges  0x00000038       0xa8 Drivers\STM32F4xx_HAL_Driver\Src\stm32f4xx_hal.o
 .debug_ranges  0x000000e0       0xc0 Drivers\STM32F4xx_HAL_Driver\Src\stm32f4xx_hal_adc.o
 .debug_ranges  0x000001a0       0x78 Drivers\STM32F4xx_HAL_Driver\Src\stm32f4xx_hal_can.o
 .debug_ranges  0x00000218      0x148 Drivers\STM32F4xx_HAL_Driver\Src\stm32f4xx_hal_cortex.o
 .debug_ranges  0x00000360       0x88 Drivers\STM32F4xx_HAL_Driver\Src\stm32f4xx_hal_dac.o
 .debug_ranges  0x000003e8       0xa8 Drivers\STM32F4xx_HAL_Driver\Src\stm32f4xx_hal_dma.o
 .debug_ranges  0x00000490       0x70 Drivers\STM32F4xx_HAL_Driver\Src\stm32f4xx_hal_gpio.o
 .debug_ranges  0x00000500      0x150 Drivers\STM32F4xx_HAL_Driver\Src\stm32f4xx_hal_rcc.o
 .debug_ranges  0x00000650       0x68 Drivers\STM32F4xx_HAL_Driver\Src\stm32f4xx_hal_rcc_ex.o
 .debug_ranges  0x000006b8       0x98 Drivers\STM32F4xx_HAL_Driver\Src\stm32f4xx_hal_rtc.o
 .debug_ranges  0x00000750      0x170 Drivers\STM32F4xx_HAL_Driver\Src\stm32f4xx_hal_spi.o
 .debug_ranges  0x000008c0      0x330 Drivers\STM32F4xx_HAL_Driver\Src\stm32f4xx_hal_tim.o
 .debug_ranges  0x00000bf0       0xe0 Drivers\STM32F4xx_HAL_Driver\Src\stm32f4xx_hal_tim_ex.o
 .debug_ranges  0x00000cd0      0x128 Drivers\STM32F4xx_HAL_Driver\Src\stm32f4xx_hal_uart.o
 .debug_ranges  0x00000df8       0x28 Drivers\STM32F4xx_HAL_Driver\Src\stm32f4xx_hal_wwdg.o
 .debug_ranges  0x00000e20      0x168 Middlewares\Third_Party\FreeRTOS\Source\CMSIS_RTOS\cmsis_os.o
 .debug_ranges  0x00000f88       0x30 Middlewares\Third_Party\FreeRTOS\Source\list.o
 .debug_ranges  0x00000fb8       0x70 Middlewares\Third_Party\FreeRTOS\Source\portable\GCC\ARM_CM4F\port.o
 .debug_ranges  0x00001028       0x38 Middlewares\Third_Party\FreeRTOS\Source\portable\MemMang\heap_4.o
 .debug_ranges  0x00001060      0x200 Middlewares\Third_Party\FreeRTOS\Source\tasks.o
 .debug_ranges  0x00001260       0x10 Src\freertos.o
 .debug_ranges  0x00001270       0xa0 Src\main.o
 .debug_ranges  0x00001310      0x140 Src\stm32f4xx_hal_msp.o
 .debug_ranges  0x00001450       0x40 Src\stm32f4xx_hal_timebase_TIM.o
 .debug_ranges  0x00001490       0x58 Src\stm32f4xx_it.o

.debug_loc      0x00000000     0xc532
 .debug_loc     0x00000000       0xd7 Drivers\CMSIS\Device\ST\STM32F4xx\Source\Templates\system_stm32f4xx.o
 .debug_loc     0x000000d7       0x92 Drivers\STM32F4xx_HAL_Driver\Src\stm32f4xx_hal.o
 .debug_loc     0x00000169      0x771 Drivers\STM32F4xx_HAL_Driver\Src\stm32f4xx_hal_adc.o
 .debug_loc     0x000008da      0x717 Drivers\STM32F4xx_HAL_Driver\Src\stm32f4xx_hal_can.o
 .debug_loc     0x00000ff1      0x4ab Drivers\STM32F4xx_HAL_Driver\Src\stm32f4xx_hal_cortex.o
 .debug_loc     0x0000149c      0x691 Drivers\STM32F4xx_HAL_Driver\Src\stm32f4xx_hal_dac.o
 .debug_loc     0x00001b2d      0x757 Drivers\STM32F4xx_HAL_Driver\Src\stm32f4xx_hal_dma.o
 .debug_loc     0x00002284      0x374 Drivers\STM32F4xx_HAL_Driver\Src\stm32f4xx_hal_gpio.o
 .debug_loc     0x000025f8      0x49b Drivers\STM32F4xx_HAL_Driver\Src\stm32f4xx_hal_rcc.o
 .debug_loc     0x00002a93      0x169 Drivers\STM32F4xx_HAL_Driver\Src\stm32f4xx_hal_rcc_ex.o
 .debug_loc     0x00002bfc      0x82b Drivers\STM32F4xx_HAL_Driver\Src\stm32f4xx_hal_rtc.o
 .debug_loc     0x00003427     0x1725 Drivers\STM32F4xx_HAL_Driver\Src\stm32f4xx_hal_spi.o
 .debug_loc     0x00004b4c     0x3146 Drivers\STM32F4xx_HAL_Driver\Src\stm32f4xx_hal_tim.o
 .debug_loc     0x00007c92      0x7b9 Drivers\STM32F4xx_HAL_Driver\Src\stm32f4xx_hal_tim_ex.o
 .debug_loc     0x0000844b     0x11a0 Drivers\STM32F4xx_HAL_Driver\Src\stm32f4xx_hal_uart.o
 .debug_loc     0x000095eb       0x76 Drivers\STM32F4xx_HAL_Driver\Src\stm32f4xx_hal_wwdg.o
 .debug_loc     0x00009661      0xf7e Middlewares\Third_Party\FreeRTOS\Source\CMSIS_RTOS\cmsis_os.o
 .debug_loc     0x0000a5df       0x94 Middlewares\Third_Party\FreeRTOS\Source\list.o
 .debug_loc     0x0000a673       0xae Middlewares\Third_Party\FreeRTOS\Source\portable\GCC\ARM_CM4F\port.o
 .debug_loc     0x0000a721      0x3a7 Middlewares\Third_Party\FreeRTOS\Source\portable\MemMang\heap_4.o
 .debug_loc     0x0000aac8     0x17c5 Middlewares\Third_Party\FreeRTOS\Source\tasks.o
 .debug_loc     0x0000c28d       0x4d Src\main.o
 .debug_loc     0x0000c2da      0x1b3 Src\stm32f4xx_hal_msp.o
 .debug_loc     0x0000c48d       0xa5 Src\stm32f4xx_hal_timebase_TIM.o

.debug_str      0x00000000     0x60da
 .debug_str     0x00000000      0x37c Drivers\CMSIS\Device\ST\STM32F4xx\Source\Templates\system_stm32f4xx.o
                                0x3e1 (size before relaxing)
 .debug_str     0x0000037c      0x7d9 Drivers\STM32F4xx_HAL_Driver\Src\stm32f4xx_hal.o
                                0xad2 (size before relaxing)
 .debug_str     0x00000b55      0x63b Drivers\STM32F4xx_HAL_Driver\Src\stm32f4xx_hal_adc.o
                                0x920 (size before relaxing)
 .debug_str     0x00001190      0x3fa Drivers\STM32F4xx_HAL_Driver\Src\stm32f4xx_hal_can.o
                                0x71c (size before relaxing)
 .debug_str     0x0000158a      0x336 Drivers\STM32F4xx_HAL_Driver\Src\stm32f4xx_hal_cortex.o
                                0xc32 (size before relaxing)
 .debug_str     0x000018c0      0x2c9 Drivers\STM32F4xx_HAL_Driver\Src\stm32f4xx_hal_dac.o
                                0x789 (size before relaxing)
 .debug_str     0x00001b89      0x2eb Drivers\STM32F4xx_HAL_Driver\Src\stm32f4xx_hal_dma.o
                                0x7c6 (size before relaxing)
 .debug_str     0x00001e74      0x1cc Drivers\STM32F4xx_HAL_Driver\Src\stm32f4xx_hal_gpio.o
                                0x530 (size before relaxing)
 .debug_str     0x00002040      0x2b6 Drivers\STM32F4xx_HAL_Driver\Src\stm32f4xx_hal_rcc.o
                                0x6fc (size before relaxing)
 .debug_str     0x000022f6      0x104 Drivers\STM32F4xx_HAL_Driver\Src\stm32f4xx_hal_rcc_ex.o
                                0x490 (size before relaxing)
 .debug_str     0x000023fa      0x486 Drivers\STM32F4xx_HAL_Driver\Src\stm32f4xx_hal_rtc.o
                                0x773 (size before relaxing)
 .debug_str     0x00002880      0x557 Drivers\STM32F4xx_HAL_Driver\Src\stm32f4xx_hal_spi.o
                                0xa76 (size before relaxing)
 .debug_str     0x00002dd7      0xc52 Drivers\STM32F4xx_HAL_Driver\Src\stm32f4xx_hal_tim.o
                               0x115b (size before relaxing)
 .debug_str     0x00003a29      0x432 Drivers\STM32F4xx_HAL_Driver\Src\stm32f4xx_hal_tim_ex.o
                                0xbaa (size before relaxing)
 .debug_str     0x00003e5b      0x4a1 Drivers\STM32F4xx_HAL_Driver\Src\stm32f4xx_hal_uart.o
                                0xa53 (size before relaxing)
 .debug_str     0x000042fc       0xcf Drivers\STM32F4xx_HAL_Driver\Src\stm32f4xx_hal_wwdg.o
                                0x309 (size before relaxing)
 .debug_str     0x000043cb      0xa66 Middlewares\Third_Party\FreeRTOS\Source\CMSIS_RTOS\cmsis_os.o
                                0xce9 (size before relaxing)
 .debug_str     0x00004e31      0x14f Middlewares\Third_Party\FreeRTOS\Source\list.o
                                0x32e (size before relaxing)
 .debug_str     0x00004f80      0x21e Middlewares\Third_Party\FreeRTOS\Source\portable\GCC\ARM_CM4F\port.o
                                0x4b8 (size before relaxing)
 .debug_str     0x0000519e      0x1e8 Middlewares\Third_Party\FreeRTOS\Source\portable\MemMang\heap_4.o
                                0x417 (size before relaxing)
 .debug_str     0x00005386      0x9b5 Middlewares\Third_Party\FreeRTOS\Source\tasks.o
                                0xfe9 (size before relaxing)
 .debug_str     0x00005d3b       0x12 Src\freertos.o
                                0x1f7 (size before relaxing)
 .debug_str     0x00005d4d      0x157 Src\main.o
                               0x1c54 (size before relaxing)
 .debug_str     0x00005ea4      0x106 Src\stm32f4xx_hal_msp.o
                               0x1606 (size before relaxing)
 .debug_str     0x00005faa       0x61 Src\stm32f4xx_hal_timebase_TIM.o
                                0xd97 (size before relaxing)
 .debug_str     0x0000600b       0xcf Src\stm32f4xx_it.o
                                0xcc5 (size before relaxing)

.comment        0x00000000       0x7e
 .comment       0x00000000       0x7e Drivers\CMSIS\Device\ST\STM32F4xx\Source\Templates\system_stm32f4xx.o
                                 0x7f (size before relaxing)
 .comment       0x0000007e       0x7f Drivers\STM32F4xx_HAL_Driver\Src\stm32f4xx_hal.o
 .comment       0x0000007e       0x7f Drivers\STM32F4xx_HAL_Driver\Src\stm32f4xx_hal_adc.o
 .comment       0x0000007e       0x7f Drivers\STM32F4xx_HAL_Driver\Src\stm32f4xx_hal_can.o
 .comment       0x0000007e       0x7f Drivers\STM32F4xx_HAL_Driver\Src\stm32f4xx_hal_cortex.o
 .comment       0x0000007e       0x7f Drivers\STM32F4xx_HAL_Driver\Src\stm32f4xx_hal_dac.o
 .comment       0x0000007e       0x7f Drivers\STM32F4xx_HAL_Driver\Src\stm32f4xx_hal_dma.o
 .comment       0x0000007e       0x7f Drivers\STM32F4xx_HAL_Driver\Src\stm32f4xx_hal_gpio.o
 .comment       0x0000007e       0x7f Drivers\STM32F4xx_HAL_Driver\Src\stm32f4xx_hal_rcc.o
 .comment       0x0000007e       0x7f Drivers\STM32F4xx_HAL_Driver\Src\stm32f4xx_hal_rcc_ex.o
 .comment       0x0000007e       0x7f Drivers\STM32F4xx_HAL_Driver\Src\stm32f4xx_hal_rtc.o
 .comment       0x0000007e       0x7f Drivers\STM32F4xx_HAL_Driver\Src\stm32f4xx_hal_spi.o
 .comment       0x0000007e       0x7f Drivers\STM32F4xx_HAL_Driver\Src\stm32f4xx_hal_tim.o
 .comment       0x0000007e       0x7f Drivers\STM32F4xx_HAL_Driver\Src\stm32f4xx_hal_tim_ex.o
 .comment       0x0000007e       0x7f Drivers\STM32F4xx_HAL_Driver\Src\stm32f4xx_hal_uart.o
 .comment       0x0000007e       0x7f Drivers\STM32F4xx_HAL_Driver\Src\stm32f4xx_hal_wwdg.o
 .comment       0x0000007e       0x7f Middlewares\Third_Party\FreeRTOS\Source\CMSIS_RTOS\cmsis_os.o
 .comment       0x0000007e       0x7f Middlewares\Third_Party\FreeRTOS\Source\list.o
 .comment       0x0000007e       0x7f Middlewares\Third_Party\FreeRTOS\Source\portable\GCC\ARM_CM4F\port.o
 .comment       0x0000007e       0x7f Middlewares\Third_Party\FreeRTOS\Source\portable\MemMang\heap_4.o
 .comment       0x0000007e       0x7f Middlewares\Third_Party\FreeRTOS\Source\tasks.o
 .comment       0x0000007e       0x7f Src\freertos.o
 .comment       0x0000007e       0x7f Src\main.o
 .comment       0x0000007e       0x7f Src\stm32f4xx_hal_msp.o
 .comment       0x0000007e       0x7f Src\stm32f4xx_hal_timebase_TIM.o
 .comment       0x0000007e       0x7f Src\stm32f4xx_it.o

.debug_frame    0x00000000     0x31b8
 .debug_frame   0x00000000       0x30 Drivers\CMSIS\Device\ST\STM32F4xx\Source\Templates\system_stm32f4xx.o
 .debug_frame   0x00000030      0x184 Drivers\STM32F4xx_HAL_Driver\Src\stm32f4xx_hal.o
 .debug_frame   0x000001b4      0x23c Drivers\STM32F4xx_HAL_Driver\Src\stm32f4xx_hal_adc.o
 .debug_frame   0x000003f0      0x1bc Drivers\STM32F4xx_HAL_Driver\Src\stm32f4xx_hal_can.o
 .debug_frame   0x000005ac      0x130 Drivers\STM32F4xx_HAL_Driver\Src\stm32f4xx_hal_cortex.o
 .debug_frame   0x000006dc      0x1d8 Drivers\STM32F4xx_HAL_Driver\Src\stm32f4xx_hal_dac.o
 .debug_frame   0x000008b4      0x150 Drivers\STM32F4xx_HAL_Driver\Src\stm32f4xx_hal_dma.o
 .debug_frame   0x00000a04       0xd4 Drivers\STM32F4xx_HAL_Driver\Src\stm32f4xx_hal_gpio.o
 .debug_frame   0x00000ad8      0x138 Drivers\STM32F4xx_HAL_Driver\Src\stm32f4xx_hal_rcc.o
 .debug_frame   0x00000c10       0x5c Drivers\STM32F4xx_HAL_Driver\Src\stm32f4xx_hal_rcc_ex.o
 .debug_frame   0x00000c6c      0x210 Drivers\STM32F4xx_HAL_Driver\Src\stm32f4xx_hal_rtc.o
 .debug_frame   0x00000e7c      0x490 Drivers\STM32F4xx_HAL_Driver\Src\stm32f4xx_hal_spi.o
 .debug_frame   0x0000130c      0x854 Drivers\STM32F4xx_HAL_Driver\Src\stm32f4xx_hal_tim.o
 .debug_frame   0x00001b60      0x334 Drivers\STM32F4xx_HAL_Driver\Src\stm32f4xx_hal_tim_ex.o
 .debug_frame   0x00001e94      0x374 Drivers\STM32F4xx_HAL_Driver\Src\stm32f4xx_hal_uart.o
 .debug_frame   0x00002208       0x70 Drivers\STM32F4xx_HAL_Driver\Src\stm32f4xx_hal_wwdg.o
 .debug_frame   0x00002278      0x460 Middlewares\Third_Party\FreeRTOS\Source\CMSIS_RTOS\cmsis_os.o
 .debug_frame   0x000026d8       0x6c Middlewares\Third_Party\FreeRTOS\Source\list.o
 .debug_frame   0x00002744       0xf0 Middlewares\Third_Party\FreeRTOS\Source\portable\GCC\ARM_CM4F\port.o
 .debug_frame   0x00002834       0x98 Middlewares\Third_Party\FreeRTOS\Source\portable\MemMang\heap_4.o
 .debug_frame   0x000028cc      0x55c Middlewares\Third_Party\FreeRTOS\Source\tasks.o
 .debug_frame   0x00002e28       0x20 Src\freertos.o
 .debug_frame   0x00002e48       0x8c Src\main.o
 .debug_frame   0x00002ed4      0x18c Src\stm32f4xx_hal_msp.o
 .debug_frame   0x00003060       0x50 Src\stm32f4xx_hal_timebase_TIM.o
 .debug_frame   0x000030b0       0xbc Src\stm32f4xx_it.o
 .debug_frame   0x0000316c       0x2c c:/program files (x86)/atollic/truestudio for arm 6.0.0/armtools/bin/../lib/gcc/arm-atollic-eabi/5.3.1/../../../../arm-atollic-eabi/lib/armv7e-m/fpu\libc.a(lib_a-init.o)
 .debug_frame   0x00003198       0x20 c:/program files (x86)/atollic/truestudio for arm 6.0.0/armtools/bin/../lib/gcc/arm-atollic-eabi/5.3.1/../../../../arm-atollic-eabi/lib/armv7e-m/fpu\libc.a(lib_a-memset.o)

Cross Reference Table

Symbol                                            File
ADC_IRQHandler                                    Drivers\CMSIS\Device\ST\STM32F4xx\Source\Templates\gcc\startup_stm32f417xx.o
AHBPrescTable                                     Drivers\CMSIS\Device\ST\STM32F4xx\Source\Templates\system_stm32f4xx.o
APBAHBPrescTable                                  Drivers\STM32F4xx_HAL_Driver\Src\stm32f4xx_hal_rcc.o
BusFault_Handler                                  Drivers\CMSIS\Device\ST\STM32F4xx\Source\Templates\gcc\startup_stm32f417xx.o
CAN1_RX0_IRQHandler                               Src\stm32f4xx_it.o
                                                  Drivers\CMSIS\Device\ST\STM32F4xx\Source\Templates\gcc\startup_stm32f417xx.o
CAN1_RX1_IRQHandler                               Drivers\CMSIS\Device\ST\STM32F4xx\Source\Templates\gcc\startup_stm32f417xx.o
CAN1_SCE_IRQHandler                               Drivers\CMSIS\Device\ST\STM32F4xx\Source\Templates\gcc\startup_stm32f417xx.o
CAN1_TX_IRQHandler                                Drivers\CMSIS\Device\ST\STM32F4xx\Source\Templates\gcc\startup_stm32f417xx.o
CAN2_RX0_IRQHandler                               Drivers\CMSIS\Device\ST\STM32F4xx\Source\Templates\gcc\startup_stm32f417xx.o
CAN2_RX1_IRQHandler                               Drivers\CMSIS\Device\ST\STM32F4xx\Source\Templates\gcc\startup_stm32f417xx.o
CAN2_SCE_IRQHandler                               Drivers\CMSIS\Device\ST\STM32F4xx\Source\Templates\gcc\startup_stm32f417xx.o
CAN2_TX_IRQHandler                                Drivers\CMSIS\Device\ST\STM32F4xx\Source\Templates\gcc\startup_stm32f417xx.o
CRYP_IRQHandler                                   Drivers\CMSIS\Device\ST\STM32F4xx\Source\Templates\gcc\startup_stm32f417xx.o
DAC_DMAConvCpltCh2                                Drivers\STM32F4xx_HAL_Driver\Src\stm32f4xx_hal_dac_ex.o
                                                  Drivers\STM32F4xx_HAL_Driver\Src\stm32f4xx_hal_dac.o
DAC_DMAErrorCh2                                   Drivers\STM32F4xx_HAL_Driver\Src\stm32f4xx_hal_dac_ex.o
                                                  Drivers\STM32F4xx_HAL_Driver\Src\stm32f4xx_hal_dac.o
DAC_DMAHalfConvCpltCh2                            Drivers\STM32F4xx_HAL_Driver\Src\stm32f4xx_hal_dac_ex.o
                                                  Drivers\STM32F4xx_HAL_Driver\Src\stm32f4xx_hal_dac.o
DCMI_IRQHandler                                   Drivers\CMSIS\Device\ST\STM32F4xx\Source\Templates\gcc\startup_stm32f417xx.o
DMA1_Stream0_IRQHandler                           Drivers\CMSIS\Device\ST\STM32F4xx\Source\Templates\gcc\startup_stm32f417xx.o
DMA1_Stream1_IRQHandler                           Drivers\CMSIS\Device\ST\STM32F4xx\Source\Templates\gcc\startup_stm32f417xx.o
DMA1_Stream2_IRQHandler                           Drivers\CMSIS\Device\ST\STM32F4xx\Source\Templates\gcc\startup_stm32f417xx.o
DMA1_Stream3_IRQHandler                           Drivers\CMSIS\Device\ST\STM32F4xx\Source\Templates\gcc\startup_stm32f417xx.o
DMA1_Stream4_IRQHandler                           Drivers\CMSIS\Device\ST\STM32F4xx\Source\Templates\gcc\startup_stm32f417xx.o
DMA1_Stream5_IRQHandler                           Drivers\CMSIS\Device\ST\STM32F4xx\Source\Templates\gcc\startup_stm32f417xx.o
DMA1_Stream6_IRQHandler                           Drivers\CMSIS\Device\ST\STM32F4xx\Source\Templates\gcc\startup_stm32f417xx.o
DMA1_Stream7_IRQHandler                           Drivers\CMSIS\Device\ST\STM32F4xx\Source\Templates\gcc\startup_stm32f417xx.o
DMA2_Stream0_IRQHandler                           Drivers\CMSIS\Device\ST\STM32F4xx\Source\Templates\gcc\startup_stm32f417xx.o
DMA2_Stream1_IRQHandler                           Drivers\CMSIS\Device\ST\STM32F4xx\Source\Templates\gcc\startup_stm32f417xx.o
DMA2_Stream2_IRQHandler                           Drivers\CMSIS\Device\ST\STM32F4xx\Source\Templates\gcc\startup_stm32f417xx.o
DMA2_Stream3_IRQHandler                           Drivers\CMSIS\Device\ST\STM32F4xx\Source\Templates\gcc\startup_stm32f417xx.o
DMA2_Stream4_IRQHandler                           Drivers\CMSIS\Device\ST\STM32F4xx\Source\Templates\gcc\startup_stm32f417xx.o
DMA2_Stream5_IRQHandler                           Drivers\CMSIS\Device\ST\STM32F4xx\Source\Templates\gcc\startup_stm32f417xx.o
DMA2_Stream6_IRQHandler                           Drivers\CMSIS\Device\ST\STM32F4xx\Source\Templates\gcc\startup_stm32f417xx.o
DMA2_Stream7_IRQHandler                           Drivers\CMSIS\Device\ST\STM32F4xx\Source\Templates\gcc\startup_stm32f417xx.o
DebugMon_Handler                                  Drivers\CMSIS\Device\ST\STM32F4xx\Source\Templates\gcc\startup_stm32f417xx.o
Default_Handler                                   Drivers\CMSIS\Device\ST\STM32F4xx\Source\Templates\gcc\startup_stm32f417xx.o
ETH_IRQHandler                                    Drivers\CMSIS\Device\ST\STM32F4xx\Source\Templates\gcc\startup_stm32f417xx.o
ETH_WKUP_IRQHandler                               Drivers\CMSIS\Device\ST\STM32F4xx\Source\Templates\gcc\startup_stm32f417xx.o
EXTI0_IRQHandler                                  Src\stm32f4xx_it.o
                                                  Drivers\CMSIS\Device\ST\STM32F4xx\Source\Templates\gcc\startup_stm32f417xx.o
EXTI15_10_IRQHandler                              Src\stm32f4xx_it.o
                                                  Drivers\CMSIS\Device\ST\STM32F4xx\Source\Templates\gcc\startup_stm32f417xx.o
EXTI1_IRQHandler                                  Drivers\CMSIS\Device\ST\STM32F4xx\Source\Templates\gcc\startup_stm32f417xx.o
EXTI2_IRQHandler                                  Drivers\CMSIS\Device\ST\STM32F4xx\Source\Templates\gcc\startup_stm32f417xx.o
EXTI3_IRQHandler                                  Src\stm32f4xx_it.o
                                                  Drivers\CMSIS\Device\ST\STM32F4xx\Source\Templates\gcc\startup_stm32f417xx.o
EXTI4_IRQHandler                                  Src\stm32f4xx_it.o
                                                  Drivers\CMSIS\Device\ST\STM32F4xx\Source\Templates\gcc\startup_stm32f417xx.o
EXTI9_5_IRQHandler                                Drivers\CMSIS\Device\ST\STM32F4xx\Source\Templates\gcc\startup_stm32f417xx.o
Error_Handler                                     Src\main.o
FLASH_Erase_Sector                                Drivers\STM32F4xx_HAL_Driver\Src\stm32f4xx_hal_flash_ex.o
                                                  Drivers\STM32F4xx_HAL_Driver\Src\stm32f4xx_hal_flash.o
FLASH_FlushCaches                                 Drivers\STM32F4xx_HAL_Driver\Src\stm32f4xx_hal_flash_ex.o
                                                  Drivers\STM32F4xx_HAL_Driver\Src\stm32f4xx_hal_flash.o
FLASH_IRQHandler                                  Drivers\CMSIS\Device\ST\STM32F4xx\Source\Templates\gcc\startup_stm32f417xx.o
FLASH_WaitForLastOperation                        Drivers\STM32F4xx_HAL_Driver\Src\stm32f4xx_hal_flash.o
                                                  Drivers\STM32F4xx_HAL_Driver\Src\stm32f4xx_hal_flash_ex.o
FPU_IRQHandler                                    Drivers\CMSIS\Device\ST\STM32F4xx\Source\Templates\gcc\startup_stm32f417xx.o
FSMC_IRQHandler                                   Drivers\CMSIS\Device\ST\STM32F4xx\Source\Templates\gcc\startup_stm32f417xx.o
HAL_ADCEx_InjectedConfigChannel                   Drivers\STM32F4xx_HAL_Driver\Src\stm32f4xx_hal_adc_ex.o
HAL_ADCEx_InjectedConvCpltCallback                Drivers\STM32F4xx_HAL_Driver\Src\stm32f4xx_hal_adc_ex.o
                                                  Drivers\STM32F4xx_HAL_Driver\Src\stm32f4xx_hal_adc.o
HAL_ADCEx_InjectedGetValue                        Drivers\STM32F4xx_HAL_Driver\Src\stm32f4xx_hal_adc_ex.o
HAL_ADCEx_InjectedPollForConversion               Drivers\STM32F4xx_HAL_Driver\Src\stm32f4xx_hal_adc_ex.o
HAL_ADCEx_InjectedStart                           Drivers\STM32F4xx_HAL_Driver\Src\stm32f4xx_hal_adc_ex.o
HAL_ADCEx_InjectedStart_IT                        Drivers\STM32F4xx_HAL_Driver\Src\stm32f4xx_hal_adc_ex.o
HAL_ADCEx_InjectedStop                            Drivers\STM32F4xx_HAL_Driver\Src\stm32f4xx_hal_adc_ex.o
HAL_ADCEx_InjectedStop_IT                         Drivers\STM32F4xx_HAL_Driver\Src\stm32f4xx_hal_adc_ex.o
HAL_ADCEx_MultiModeConfigChannel                  Drivers\STM32F4xx_HAL_Driver\Src\stm32f4xx_hal_adc_ex.o
HAL_ADCEx_MultiModeGetValue                       Drivers\STM32F4xx_HAL_Driver\Src\stm32f4xx_hal_adc_ex.o
HAL_ADCEx_MultiModeStart_DMA                      Drivers\STM32F4xx_HAL_Driver\Src\stm32f4xx_hal_adc_ex.o
HAL_ADCEx_MultiModeStop_DMA                       Drivers\STM32F4xx_HAL_Driver\Src\stm32f4xx_hal_adc_ex.o
HAL_ADC_AnalogWDGConfig                           Drivers\STM32F4xx_HAL_Driver\Src\stm32f4xx_hal_adc.o
HAL_ADC_ConfigChannel                             Drivers\STM32F4xx_HAL_Driver\Src\stm32f4xx_hal_adc.o
                                                  Src\main.o
HAL_ADC_ConvCpltCallback                          Drivers\STM32F4xx_HAL_Driver\Src\stm32f4xx_hal_adc.o
                                                  Drivers\STM32F4xx_HAL_Driver\Src\stm32f4xx_hal_adc_ex.o
HAL_ADC_ConvHalfCpltCallback                      Drivers\STM32F4xx_HAL_Driver\Src\stm32f4xx_hal_adc.o
                                                  Drivers\STM32F4xx_HAL_Driver\Src\stm32f4xx_hal_adc_ex.o
HAL_ADC_DeInit                                    Drivers\STM32F4xx_HAL_Driver\Src\stm32f4xx_hal_adc.o
HAL_ADC_ErrorCallback                             Drivers\STM32F4xx_HAL_Driver\Src\stm32f4xx_hal_adc.o
                                                  Drivers\STM32F4xx_HAL_Driver\Src\stm32f4xx_hal_adc_ex.o
HAL_ADC_GetError                                  Drivers\STM32F4xx_HAL_Driver\Src\stm32f4xx_hal_adc.o
HAL_ADC_GetState                                  Drivers\STM32F4xx_HAL_Driver\Src\stm32f4xx_hal_adc.o
HAL_ADC_GetValue                                  Drivers\STM32F4xx_HAL_Driver\Src\stm32f4xx_hal_adc.o
HAL_ADC_IRQHandler                                Drivers\STM32F4xx_HAL_Driver\Src\stm32f4xx_hal_adc.o
HAL_ADC_Init                                      Drivers\STM32F4xx_HAL_Driver\Src\stm32f4xx_hal_adc.o
                                                  Src\main.o
HAL_ADC_LevelOutOfWindowCallback                  Drivers\STM32F4xx_HAL_Driver\Src\stm32f4xx_hal_adc.o
HAL_ADC_MspDeInit                                 Src\stm32f4xx_hal_msp.o
                                                  Drivers\STM32F4xx_HAL_Driver\Src\stm32f4xx_hal_adc.o
HAL_ADC_MspInit                                   Src\stm32f4xx_hal_msp.o
                                                  Drivers\STM32F4xx_HAL_Driver\Src\stm32f4xx_hal_adc.o
HAL_ADC_PollForConversion                         Drivers\STM32F4xx_HAL_Driver\Src\stm32f4xx_hal_adc.o
HAL_ADC_PollForEvent                              Drivers\STM32F4xx_HAL_Driver\Src\stm32f4xx_hal_adc.o
HAL_ADC_Start                                     Drivers\STM32F4xx_HAL_Driver\Src\stm32f4xx_hal_adc.o
HAL_ADC_Start_DMA                                 Drivers\STM32F4xx_HAL_Driver\Src\stm32f4xx_hal_adc.o
HAL_ADC_Start_IT                                  Drivers\STM32F4xx_HAL_Driver\Src\stm32f4xx_hal_adc.o
HAL_ADC_Stop                                      Drivers\STM32F4xx_HAL_Driver\Src\stm32f4xx_hal_adc.o
HAL_ADC_Stop_DMA                                  Drivers\STM32F4xx_HAL_Driver\Src\stm32f4xx_hal_adc.o
HAL_ADC_Stop_IT                                   Drivers\STM32F4xx_HAL_Driver\Src\stm32f4xx_hal_adc.o
HAL_CAN_ConfigFilter                              Drivers\STM32F4xx_HAL_Driver\Src\stm32f4xx_hal_can.o
HAL_CAN_DeInit                                    Drivers\STM32F4xx_HAL_Driver\Src\stm32f4xx_hal_can.o
HAL_CAN_ErrorCallback                             Drivers\STM32F4xx_HAL_Driver\Src\stm32f4xx_hal_can.o
HAL_CAN_GetError                                  Drivers\STM32F4xx_HAL_Driver\Src\stm32f4xx_hal_can.o
HAL_CAN_GetState                                  Drivers\STM32F4xx_HAL_Driver\Src\stm32f4xx_hal_can.o
HAL_CAN_IRQHandler                                Drivers\STM32F4xx_HAL_Driver\Src\stm32f4xx_hal_can.o
                                                  Src\stm32f4xx_it.o
HAL_CAN_Init                                      Drivers\STM32F4xx_HAL_Driver\Src\stm32f4xx_hal_can.o
                                                  Src\main.o
HAL_CAN_MspDeInit                                 Src\stm32f4xx_hal_msp.o
                                                  Drivers\STM32F4xx_HAL_Driver\Src\stm32f4xx_hal_can.o
HAL_CAN_MspInit                                   Src\stm32f4xx_hal_msp.o
                                                  Drivers\STM32F4xx_HAL_Driver\Src\stm32f4xx_hal_can.o
HAL_CAN_Receive                                   Drivers\STM32F4xx_HAL_Driver\Src\stm32f4xx_hal_can.o
HAL_CAN_Receive_IT                                Drivers\STM32F4xx_HAL_Driver\Src\stm32f4xx_hal_can.o
HAL_CAN_RxCpltCallback                            Drivers\STM32F4xx_HAL_Driver\Src\stm32f4xx_hal_can.o
HAL_CAN_Sleep                                     Drivers\STM32F4xx_HAL_Driver\Src\stm32f4xx_hal_can.o
HAL_CAN_Transmit                                  Drivers\STM32F4xx_HAL_Driver\Src\stm32f4xx_hal_can.o
HAL_CAN_Transmit_IT                               Drivers\STM32F4xx_HAL_Driver\Src\stm32f4xx_hal_can.o
HAL_CAN_TxCpltCallback                            Drivers\STM32F4xx_HAL_Driver\Src\stm32f4xx_hal_can.o
HAL_CAN_WakeUp                                    Drivers\STM32F4xx_HAL_Driver\Src\stm32f4xx_hal_can.o
HAL_DACEx_ConvCpltCallbackCh2                     Drivers\STM32F4xx_HAL_Driver\Src\stm32f4xx_hal_dac_ex.o
HAL_DACEx_ConvHalfCpltCallbackCh2                 Drivers\STM32F4xx_HAL_Driver\Src\stm32f4xx_hal_dac_ex.o
HAL_DACEx_DMAUnderrunCallbackCh2                  Drivers\STM32F4xx_HAL_Driver\Src\stm32f4xx_hal_dac_ex.o
                                                  Drivers\STM32F4xx_HAL_Driver\Src\stm32f4xx_hal_dac.o
HAL_DACEx_DualGetValue                            Drivers\STM32F4xx_HAL_Driver\Src\stm32f4xx_hal_dac_ex.o
HAL_DACEx_DualSetValue                            Drivers\STM32F4xx_HAL_Driver\Src\stm32f4xx_hal_dac_ex.o
HAL_DACEx_ErrorCallbackCh2                        Drivers\STM32F4xx_HAL_Driver\Src\stm32f4xx_hal_dac_ex.o
HAL_DACEx_NoiseWaveGenerate                       Drivers\STM32F4xx_HAL_Driver\Src\stm32f4xx_hal_dac_ex.o
HAL_DACEx_TriangleWaveGenerate                    Drivers\STM32F4xx_HAL_Driver\Src\stm32f4xx_hal_dac_ex.o
HAL_DAC_ConfigChannel                             Drivers\STM32F4xx_HAL_Driver\Src\stm32f4xx_hal_dac.o
                                                  Src\main.o
HAL_DAC_ConvCpltCallbackCh1                       Drivers\STM32F4xx_HAL_Driver\Src\stm32f4xx_hal_dac.o
HAL_DAC_ConvHalfCpltCallbackCh1                   Drivers\STM32F4xx_HAL_Driver\Src\stm32f4xx_hal_dac.o
HAL_DAC_DMAUnderrunCallbackCh1                    Drivers\STM32F4xx_HAL_Driver\Src\stm32f4xx_hal_dac.o
HAL_DAC_DeInit                                    Drivers\STM32F4xx_HAL_Driver\Src\stm32f4xx_hal_dac.o
HAL_DAC_ErrorCallbackCh1                          Drivers\STM32F4xx_HAL_Driver\Src\stm32f4xx_hal_dac.o
HAL_DAC_GetError                                  Drivers\STM32F4xx_HAL_Driver\Src\stm32f4xx_hal_dac.o
HAL_DAC_GetState                                  Drivers\STM32F4xx_HAL_Driver\Src\stm32f4xx_hal_dac.o
HAL_DAC_GetValue                                  Drivers\STM32F4xx_HAL_Driver\Src\stm32f4xx_hal_dac.o
HAL_DAC_IRQHandler                                Drivers\STM32F4xx_HAL_Driver\Src\stm32f4xx_hal_dac.o
HAL_DAC_Init                                      Drivers\STM32F4xx_HAL_Driver\Src\stm32f4xx_hal_dac.o
                                                  Src\main.o
HAL_DAC_MspDeInit                                 Src\stm32f4xx_hal_msp.o
                                                  Drivers\STM32F4xx_HAL_Driver\Src\stm32f4xx_hal_dac.o
HAL_DAC_MspInit                                   Src\stm32f4xx_hal_msp.o
                                                  Drivers\STM32F4xx_HAL_Driver\Src\stm32f4xx_hal_dac.o
HAL_DAC_SetValue                                  Drivers\STM32F4xx_HAL_Driver\Src\stm32f4xx_hal_dac.o
HAL_DAC_Start                                     Drivers\STM32F4xx_HAL_Driver\Src\stm32f4xx_hal_dac.o
HAL_DAC_Start_DMA                                 Drivers\STM32F4xx_HAL_Driver\Src\stm32f4xx_hal_dac.o
HAL_DAC_Stop                                      Drivers\STM32F4xx_HAL_Driver\Src\stm32f4xx_hal_dac.o
HAL_DAC_Stop_DMA                                  Drivers\STM32F4xx_HAL_Driver\Src\stm32f4xx_hal_dac.o
HAL_DBGMCU_DisableDBGSleepMode                    Drivers\STM32F4xx_HAL_Driver\Src\stm32f4xx_hal.o
HAL_DBGMCU_DisableDBGStandbyMode                  Drivers\STM32F4xx_HAL_Driver\Src\stm32f4xx_hal.o
HAL_DBGMCU_DisableDBGStopMode                     Drivers\STM32F4xx_HAL_Driver\Src\stm32f4xx_hal.o
HAL_DBGMCU_EnableDBGSleepMode                     Drivers\STM32F4xx_HAL_Driver\Src\stm32f4xx_hal.o
HAL_DBGMCU_EnableDBGStandbyMode                   Drivers\STM32F4xx_HAL_Driver\Src\stm32f4xx_hal.o
HAL_DBGMCU_EnableDBGStopMode                      Drivers\STM32F4xx_HAL_Driver\Src\stm32f4xx_hal.o
HAL_DMAEx_ChangeMemory                            Drivers\STM32F4xx_HAL_Driver\Src\stm32f4xx_hal_dma_ex.o
HAL_DMAEx_MultiBufferStart                        Drivers\STM32F4xx_HAL_Driver\Src\stm32f4xx_hal_dma_ex.o
HAL_DMAEx_MultiBufferStart_IT                     Drivers\STM32F4xx_HAL_Driver\Src\stm32f4xx_hal_dma_ex.o
HAL_DMA_Abort                                     Drivers\STM32F4xx_HAL_Driver\Src\stm32f4xx_hal_dma.o
                                                  Drivers\STM32F4xx_HAL_Driver\Src\stm32f4xx_hal_uart.o
                                                  Drivers\STM32F4xx_HAL_Driver\Src\stm32f4xx_hal_tim.o
                                                  Drivers\STM32F4xx_HAL_Driver\Src\stm32f4xx_hal_spi.o
                                                  Drivers\STM32F4xx_HAL_Driver\Src\stm32f4xx_hal_dac.o
                                                  Drivers\STM32F4xx_HAL_Driver\Src\stm32f4xx_hal_adc_ex.o
                                                  Drivers\STM32F4xx_HAL_Driver\Src\stm32f4xx_hal_adc.o
HAL_DMA_Abort_IT                                  Drivers\STM32F4xx_HAL_Driver\Src\stm32f4xx_hal_dma.o
                                                  Drivers\STM32F4xx_HAL_Driver\Src\stm32f4xx_hal_uart.o
                                                  Drivers\STM32F4xx_HAL_Driver\Src\stm32f4xx_hal_spi.o
HAL_DMA_DeInit                                    Drivers\STM32F4xx_HAL_Driver\Src\stm32f4xx_hal_dma.o
HAL_DMA_GetError                                  Drivers\STM32F4xx_HAL_Driver\Src\stm32f4xx_hal_dma.o
HAL_DMA_GetState                                  Drivers\STM32F4xx_HAL_Driver\Src\stm32f4xx_hal_dma.o
HAL_DMA_IRQHandler                                Drivers\STM32F4xx_HAL_Driver\Src\stm32f4xx_hal_dma.o
HAL_DMA_Init                                      Drivers\STM32F4xx_HAL_Driver\Src\stm32f4xx_hal_dma.o
HAL_DMA_PollForTransfer                           Drivers\STM32F4xx_HAL_Driver\Src\stm32f4xx_hal_dma.o
HAL_DMA_RegisterCallback                          Drivers\STM32F4xx_HAL_Driver\Src\stm32f4xx_hal_dma.o
HAL_DMA_Start                                     Drivers\STM32F4xx_HAL_Driver\Src\stm32f4xx_hal_dma.o
HAL_DMA_Start_IT                                  Drivers\STM32F4xx_HAL_Driver\Src\stm32f4xx_hal_dma.o
                                                  Drivers\STM32F4xx_HAL_Driver\Src\stm32f4xx_hal_uart.o
                                                  Drivers\STM32F4xx_HAL_Driver\Src\stm32f4xx_hal_tim_ex.o
                                                  Drivers\STM32F4xx_HAL_Driver\Src\stm32f4xx_hal_tim.o
                                                  Drivers\STM32F4xx_HAL_Driver\Src\stm32f4xx_hal_spi.o
                                                  Drivers\STM32F4xx_HAL_Driver\Src\stm32f4xx_hal_dac.o
                                                  Drivers\STM32F4xx_HAL_Driver\Src\stm32f4xx_hal_adc_ex.o
                                                  Drivers\STM32F4xx_HAL_Driver\Src\stm32f4xx_hal_adc.o
HAL_DMA_UnRegisterCallback                        Drivers\STM32F4xx_HAL_Driver\Src\stm32f4xx_hal_dma.o
HAL_DeInit                                        Drivers\STM32F4xx_HAL_Driver\Src\stm32f4xx_hal.o
HAL_Delay                                         Drivers\STM32F4xx_HAL_Driver\Src\stm32f4xx_hal.o
HAL_DisableCompensationCell                       Drivers\STM32F4xx_HAL_Driver\Src\stm32f4xx_hal.o
HAL_EnableCompensationCell                        Drivers\STM32F4xx_HAL_Driver\Src\stm32f4xx_hal.o
HAL_FLASHEx_Erase                                 Drivers\STM32F4xx_HAL_Driver\Src\stm32f4xx_hal_flash_ex.o
HAL_FLASHEx_Erase_IT                              Drivers\STM32F4xx_HAL_Driver\Src\stm32f4xx_hal_flash_ex.o
HAL_FLASHEx_OBGetConfig                           Drivers\STM32F4xx_HAL_Driver\Src\stm32f4xx_hal_flash_ex.o
HAL_FLASHEx_OBProgram                             Drivers\STM32F4xx_HAL_Driver\Src\stm32f4xx_hal_flash_ex.o
HAL_FLASH_EndOfOperationCallback                  Drivers\STM32F4xx_HAL_Driver\Src\stm32f4xx_hal_flash.o
HAL_FLASH_GetError                                Drivers\STM32F4xx_HAL_Driver\Src\stm32f4xx_hal_flash.o
HAL_FLASH_IRQHandler                              Drivers\STM32F4xx_HAL_Driver\Src\stm32f4xx_hal_flash.o
HAL_FLASH_Lock                                    Drivers\STM32F4xx_HAL_Driver\Src\stm32f4xx_hal_flash.o
HAL_FLASH_OB_Launch                               Drivers\STM32F4xx_HAL_Driver\Src\stm32f4xx_hal_flash.o
HAL_FLASH_OB_Lock                                 Drivers\STM32F4xx_HAL_Driver\Src\stm32f4xx_hal_flash.o
HAL_FLASH_OB_Unlock                               Drivers\STM32F4xx_HAL_Driver\Src\stm32f4xx_hal_flash.o
HAL_FLASH_OperationErrorCallback                  Drivers\STM32F4xx_HAL_Driver\Src\stm32f4xx_hal_flash.o
HAL_FLASH_Program                                 Drivers\STM32F4xx_HAL_Driver\Src\stm32f4xx_hal_flash.o
HAL_FLASH_Program_IT                              Drivers\STM32F4xx_HAL_Driver\Src\stm32f4xx_hal_flash.o
HAL_FLASH_Unlock                                  Drivers\STM32F4xx_HAL_Driver\Src\stm32f4xx_hal_flash.o
HAL_GPIO_DeInit                                   Drivers\STM32F4xx_HAL_Driver\Src\stm32f4xx_hal_gpio.o
                                                  Src\stm32f4xx_hal_msp.o
HAL_GPIO_EXTI_Callback                            Drivers\STM32F4xx_HAL_Driver\Src\stm32f4xx_hal_gpio.o
HAL_GPIO_EXTI_IRQHandler                          Drivers\STM32F4xx_HAL_Driver\Src\stm32f4xx_hal_gpio.o
                                                  Src\stm32f4xx_it.o
HAL_GPIO_Init                                     Drivers\STM32F4xx_HAL_Driver\Src\stm32f4xx_hal_gpio.o
                                                  Src\stm32f4xx_hal_msp.o
                                                  Src\main.o
                                                  Drivers\STM32F4xx_HAL_Driver\Src\stm32f4xx_hal_rcc.o
HAL_GPIO_LockPin                                  Drivers\STM32F4xx_HAL_Driver\Src\stm32f4xx_hal_gpio.o
HAL_GPIO_ReadPin                                  Drivers\STM32F4xx_HAL_Driver\Src\stm32f4xx_hal_gpio.o
HAL_GPIO_TogglePin                                Drivers\STM32F4xx_HAL_Driver\Src\stm32f4xx_hal_gpio.o
HAL_GPIO_WritePin                                 Drivers\STM32F4xx_HAL_Driver\Src\stm32f4xx_hal_gpio.o
                                                  Src\main.o
HAL_GetDEVID                                      Drivers\STM32F4xx_HAL_Driver\Src\stm32f4xx_hal.o
HAL_GetHalVersion                                 Drivers\STM32F4xx_HAL_Driver\Src\stm32f4xx_hal.o
HAL_GetREVID                                      Drivers\STM32F4xx_HAL_Driver\Src\stm32f4xx_hal.o
HAL_GetTick                                       Drivers\STM32F4xx_HAL_Driver\Src\stm32f4xx_hal.o
                                                  Drivers\STM32F4xx_HAL_Driver\Src\stm32f4xx_hal_uart.o
                                                  Drivers\STM32F4xx_HAL_Driver\Src\stm32f4xx_hal_spi.o
                                                  Drivers\STM32F4xx_HAL_Driver\Src\stm32f4xx_hal_rtc_ex.o
                                                  Drivers\STM32F4xx_HAL_Driver\Src\stm32f4xx_hal_rtc.o
                                                  Drivers\STM32F4xx_HAL_Driver\Src\stm32f4xx_hal_rcc_ex.o
                                                  Drivers\STM32F4xx_HAL_Driver\Src\stm32f4xx_hal_rcc.o
                                                  Drivers\STM32F4xx_HAL_Driver\Src\stm32f4xx_hal_pwr_ex.o
                                                  Drivers\STM32F4xx_HAL_Driver\Src\stm32f4xx_hal_flash.o
                                                  Drivers\STM32F4xx_HAL_Driver\Src\stm32f4xx_hal_dma.o
                                                  Drivers\STM32F4xx_HAL_Driver\Src\stm32f4xx_hal_can.o
                                                  Drivers\STM32F4xx_HAL_Driver\Src\stm32f4xx_hal_adc_ex.o
                                                  Drivers\STM32F4xx_HAL_Driver\Src\stm32f4xx_hal_adc.o
HAL_HalfDuplex_EnableReceiver                     Drivers\STM32F4xx_HAL_Driver\Src\stm32f4xx_hal_uart.o
HAL_HalfDuplex_EnableTransmitter                  Drivers\STM32F4xx_HAL_Driver\Src\stm32f4xx_hal_uart.o
HAL_HalfDuplex_Init                               Drivers\STM32F4xx_HAL_Driver\Src\stm32f4xx_hal_uart.o
HAL_IncTick                                       Drivers\STM32F4xx_HAL_Driver\Src\stm32f4xx_hal.o
                                                  Src\main.o
HAL_Init                                          Drivers\STM32F4xx_HAL_Driver\Src\stm32f4xx_hal.o
                                                  Src\main.o
HAL_InitTick                                      Src\stm32f4xx_hal_timebase_TIM.o
                                                  Drivers\STM32F4xx_HAL_Driver\Src\stm32f4xx_hal.o
                                                  Drivers\STM32F4xx_HAL_Driver\Src\stm32f4xx_hal_rcc.o
HAL_LIN_Init                                      Drivers\STM32F4xx_HAL_Driver\Src\stm32f4xx_hal_uart.o
HAL_LIN_SendBreak                                 Drivers\STM32F4xx_HAL_Driver\Src\stm32f4xx_hal_uart.o
HAL_MPU_ConfigRegion                              Drivers\STM32F4xx_HAL_Driver\Src\stm32f4xx_hal_cortex.o